BL51 BANKED LINKER/LOCATER V6.22.2.0                                                    10/31/2022  08:45:44  PAGE 1


BL51 BANKED LINKER/LOCATER V6.22.2.0, INVOKED BY:
D:\KEIL_V5\C51\BIN\BL51.EXE .\Output\main.c.obj, .\Output\uart2.obj, .\Output\common.obj, .\Output\adc.obj, .\Output\gpi
>> o.obj, .\Output\i2c.obj, .\Output\uart3.obj, .\Output\uart.obj, .\Output\pwm0.obj, .\Output\pwm123.obj, .\Output\eepr
>> om.obj, .\Output\lcd.obj, .\Output\sys.obj, .\Output\STARTUP.obj, .\Output\ADC_USER.obj, .\Output\CO2.obj, .\Output\C
>> RC8_NRSC5.obj, .\Output\EEPROM_USER.obj, .\Output\KEY.obj, .\Output\LCD_User.obj, .\Output\LED.obj, .\Output\SHTC3.ob
>> j, .\Output\Timer0.obj, .\Output\UART1_USER.obj, .\Output\UART2_USER.obj, .\Output\UART3_USER.obj, .\Output\WDT.obj, 
>> .\Output\WIFI.obj, .\Output\CRC16.obj, .\Output\BC3602.obj, .\Output\BC3602_SPI.obj TO .\Output\Temp_Humi_CO2 PRINT (
>> .\LST\Temp_Humi_CO2.m51) RAMSIZE (256) DISABLEWARNING (16)


MEMORY MODEL: LARGE WITH FLOATING POINT ARITHMETIC


INPUT MODULES INCLUDED:
  .\Output\main.c.obj (MAIN_C)
  .\Output\uart2.obj (UART2)
  .\Output\common.obj (COMMON)
  .\Output\adc.obj (ADC)
  .\Output\gpio.obj (GPIO)
  .\Output\i2c.obj (I2C)
  .\Output\uart3.obj (UART3)
  .\Output\uart.obj (UART)
  .\Output\pwm0.obj (PWM0)
  .\Output\pwm123.obj (PWM123)
  .\Output\eeprom.obj (EEPROM)
  .\Output\lcd.obj (LCD)
  .\Output\sys.obj (SYS)
  .\Output\STARTUP.obj (?C_STARTUP)
  .\Output\ADC_USER.obj (ADC_USER)
  .\Output\CO2.obj (CO2)
  .\Output\CRC8_NRSC5.obj (CRC8_NRSC5)
  .\Output\EEPROM_USER.obj (EEPROM_USER)
  .\Output\KEY.obj (KEY)
  .\Output\LCD_User.obj (LCD_USER)
  .\Output\LED.obj (LED)
  .\Output\SHTC3.obj (SHTC3)
  .\Output\Timer0.obj (TIMER0)
  .\Output\UART1_USER.obj (UART1_USER)
  .\Output\UART2_USER.obj (UART2_USER)
  .\Output\UART3_USER.obj (UART3_USER)
  .\Output\WDT.obj (WDT)
  .\Output\WIFI.obj (WIFI)
  .\Output\CRC16.obj (CRC16)
  .\Output\BC3602.obj (BC3602)
  .\Output\BC3602_SPI.obj (BC3602_SPI)
  D:\KEIL_V5\C51\LIB\C51FPL.LIB (?C?FPADD)
  D:\KEIL_V5\C51\LIB\C51FPL.LIB (?C?FPMUL)
  D:\KEIL_V5\C51\LIB\C51FPL.LIB (?C?FPDIV)
  D:\KEIL_V5\C51\LIB\C51FPL.LIB (?C?FCAST)
  D:\KEIL_V5\C51\LIB\C51FPL.LIB (?C?CASTF)
  D:\KEIL_V5\C51\LIB\C51FPL.LIB (?C?FPGETOPN)
  D:\KEIL_V5\C51\LIB\C51L.LIB (?C_INIT)
  D:\KEIL_V5\C51\LIB\C51L.LIB (?C?COPY)
  D:\KEIL_V5\C51\LIB\C51L.LIB (?C?CLDPTR)
  D:\KEIL_V5\C51\LIB\C51L.LIB (?C?CLDOPTR)
  D:\KEIL_V5\C51\LIB\C51L.LIB (?C?CILDPTR)
  D:\KEIL_V5\C51\LIB\C51L.LIB (?C?CSTPTR)
  D:\KEIL_V5\C51\LIB\C51L.LIB (?C?CSTOPTR)
BL51 BANKED LINKER/LOCATER V6.22.2.0                                                  10/31/2022  08:45:44  PAGE 2


  D:\KEIL_V5\C51\LIB\C51L.LIB (?C?IMUL)
  D:\KEIL_V5\C51\LIB\C51L.LIB (?C?UIDIV)
  D:\KEIL_V5\C51\LIB\C51L.LIB (?C?IILDX)
  D:\KEIL_V5\C51\LIB\C51L.LIB (?C?ILDIX)
  D:\KEIL_V5\C51\LIB\C51L.LIB (?C?LMUL)
  D:\KEIL_V5\C51\LIB\C51L.LIB (?C?ULDIV)
  D:\KEIL_V5\C51\LIB\C51L.LIB (?C?LNEG)
  D:\KEIL_V5\C51\LIB\C51L.LIB (?C?ULSHR)
  D:\KEIL_V5\C51\LIB\C51L.LIB (?C?LSTXDATA)
  D:\KEIL_V5\C51\LIB\C51L.LIB (?C?LSTKXDATA)
  D:\KEIL_V5\C51\LIB\C51L.LIB (?C?CCASE)
  D:\KEIL_V5\C51\LIB\C51L.LIB (?C?MEMSET)


LINK MAP OF MODULE:  .\Output\Temp_Humi_CO2 (MAIN_C)


            TYPE    BASE      LENGTH    RELOCATION   SEGMENT NAME
            -----------------------------------------------------

            * * * * * * *   D A T A   M E M O R Y   * * * * * * *
            REG     0000H     0008H     ABSOLUTE     "REG BANK 0"
            DATA    0008H     0003H     UNIT         ?DT?COMMON
                    000BH     0015H                  *** GAP ***
            BIT     0020H.0   0000H.4   UNIT         ?BI?UART
            BIT     0020H.4   0000H.1   UNIT         ?BI?UART2
            BIT     0020H.5   0000H.1   UNIT         ?BI?COMMON
            BIT     0020H.6   0000H.1   UNIT         ?BI?UART3
                    0020H.7   0000H.1                *** GAP ***
            IDATA   0021H     0001H     UNIT         ?STACK

            * * * * * * *  X D A T A   M E M O R Y  * * * * * * *
            XDATA   0000H     0200H     UNIT         ?XD?CRC16
            XDATA   0200H     0199H     UNIT         ?XD?EEPROM_USER
            XDATA   0399H     0125H     UNIT         ?XD?BC3602
            XDATA   04BEH     0117H     UNIT         ?XD?ADC_USER
            XDATA   05D5H     008AH     UNIT         ?XD?_WRITEDATATOONEPAGE?EEPROM
            XDATA   065FH     0037H     UNIT         ?XD?CO2
            XDATA   0696H     002EH     UNIT         ?XD?TIMER0
            XDATA   06C4H     001AH     UNIT         ?XD?SHTC3
            XDATA   06DEH     0014H     UNIT         ?XD?KEY
            XDATA   06F2H     0013H     UNIT         _XDATA_GROUP_
            XDATA   0705H     0009H     UNIT         ?XD?_I2C_OPEN?I2C
            XDATA   070EH     0008H     UNIT         ?XD?_UART2_OPEN?UART2
            XDATA   0716H     0008H     UNIT         ?XD?_UART3_OPEN?UART3
            XDATA   071EH     0008H     UNIT         ?XD?_WRITE_DATAFLASH_ARRAY?EEPROM
            XDATA   0726H     0006H     UNIT         ?XD?_WRITE_DATAFLASH_BYTE?EEPROM
            XDATA   072CH     0005H     UNIT         ?XD?_UART2SENDDATA?UART2_USER
            XDATA   0731H     0004H     UNIT         ?XD?GET_NTCVALU?ADC_USER
            XDATA   0735H     0004H     UNIT         ?XD?LCD_USER
            XDATA   0739H     0002H     UNIT         ?XD?_ADC_INITIALCONTINOUS?ADC
            XDATA   073BH     0002H     UNIT         ?XD?UART
            XDATA   073DH     0001H     UNIT         ?XD?UART2
            XDATA   073EH     0001H     UNIT         ?XD?UART3
            XDATA   073FH     0001H     UNIT         ?XD?LED
            XDATA   0740H     0001H     UNIT         ?XD?_PUTCHAR?UART3_USER

BL51 BANKED LINKER/LOCATER V6.22.2.0                                                  10/31/2022  08:45:44  PAGE 3


            * * * * * * *   C O D E   M E M O R Y   * * * * * * *
            CODE    0000H     0003H     ABSOLUTE     
            CODE    0003H     0008H     UNIT         ?PR?_READ_APROM_BYTE?COMMON
            CODE    000BH     0003H     ABSOLUTE     
            CODE    000EH     0015H     UNIT         ?PR?_UART2_SEND_DATA?UART2
            CODE    0023H     0003H     ABSOLUTE     
            CODE    0026H     0015H     UNIT         ?PR?_SPIWRITEREGCMD?BC3602
            CODE    003BH     0003H     ABSOLUTE     
            CODE    003EH     003DH     UNIT         ?PR?_LCD_CURRENT_MODE?LCD
            CODE    007BH     0003H     ABSOLUTE     
            CODE    007EH     001DH     UNIT         ?PR?UART3_RECEIVE_DATA?UART3
            CODE    009BH     0003H     ABSOLUTE     
            CODE    009EH     0014H     UNIT         ?PR?_UART3_SEND_DATA?UART3
            CODE    00B2H     0001H     UNIT         ?PR?I2C_ERROR?SHTC3
            CODE    00B3H     0003H     ABSOLUTE     
            CODE    00B6H     0AD4H     UNIT         ?PR?GET_TEMPHUT?SHTC3
            CODE    0B8AH     074FH     UNIT         ?C?LIB_CODE
            CODE    12D9H     06B0H     UNIT         ?PR?BAT_POWERDISPLAY?ADC_USER
            CODE    1989H     049CH     UNIT         ?PR?_GET_TEMP_BAT?ADC_USER
            CODE    1E25H     03D6H     UNIT         ?C_INITSEG
            CODE    21FBH     038BH     UNIT         ?PR?_LCD_DISPLAY_TEMPHUB?LCD_USER
            CODE    2586H     0344H     UNIT         ?PR?_GPIO_ENABLEINT?GPIO
            CODE    28CAH     02E7H     UNIT         ?PR?GET_KEYVALUE?KEY
            CODE    2BB1H     02DAH     UNIT         ?PR?_ADC_OPEN?ADC
            CODE    2E8BH     02C2H     UNIT         ?PR?EEPROM_READDATAINIT?EEPROM_USER
            CODE    314DH     02B0H     UNIT         ?PR?_RGB_COLOR?LED
            CODE    33FDH     02A3H     UNIT         ?PR?_WRITEDATATOONEPAGE?EEPROM
            CODE    36A0H     0275H     UNIT         ?PR?_PWM0_CONFIGOUTPUTCHANNEL?PWM0
            CODE    3915H     0223H     UNIT         ?PR?TIME_PROCESS?TIMER0
            CODE    3B38H     0198H     UNIT         ?PR?_PWM123_CLOCKSOURCE?PWM123
            CODE    3CD0H     0193H     UNIT         ?PR?KEYPROCESS?KEY
            CODE    3E63H     018EH     UNIT         ?PR?GET_AVG_VALU_24H?EEPROM_USER
            CODE    3FF1H     0180H     UNIT         ?PR?TIMER0_ISR?TIMER0
            CODE    4171H     017DH     UNIT         ?PR?_UART_OPEN?UART
            CODE    42EEH     017DH     UNIT         ?PR?_EEPROM_WRITE_SENSORDATA?EEPROM_USER
            CODE    446BH     0179H     UNIT         ?PR?_WRITE_DATAFLASH_BYTE?EEPROM
            CODE    45E4H     0148H     UNIT         ?PR?_SHOWDIGIT?LCD_USER
            CODE    472CH     0148H     UNIT         ?PR?BC3602_CONFIG?BC3602
            CODE    4874H     013EH     UNIT         ?PR?_WRITE_DATAFLASH?EEPROM_USER
            CODE    49B2H     0125H     UNIT         ?PR?INIT_LCD?LCD_USER
            CODE    4AD7H     0120H     UNIT         ?PR?_FSYSSELECT?SYS
            CODE    4BF7H     0113H     UNIT         ?PR?_PWM123_CONFIGOUTPUTCHANNEL?PWM123
            CODE    4D0AH     0111H     UNIT         ?PR?_ADC_RUN?ADC_USER
            CODE    4E1BH     00EBH     UNIT         ?PR?_ADC_VREF_SET?ADC
            CODE    4F06H     00E8H     UNIT         ?PR?_SIMPLEFIFO_RX_PROCESS?BC3602
            CODE    4FEEH     00D5H     UNIT         ?PR?_GPIO_SETMODE?GPIO
            CODE    50C3H     00D3H     UNIT         ?PR?LED_INIT?LED
            CODE    5196H     00C1H     UNIT         ?PR?_WRITE_DATAFLASH_ARRAY?EEPROM
            CODE    5257H     00BFH     UNIT         ?PR?_SIMPLEFIFO_TX_PROCESS?BC3602
            CODE    5316H     00BDH     UNIT         ?PR?_CLOCKENABLE?SYS
            CODE    53D3H     00B4H     UNIT         ?PR?_UART3_OPEN?UART3
            CODE    5487H     00B3H     UNIT         ?PR?RFSETDRPRAM?BC3602
            CODE    553AH     00AFH     UNIT         ?PR?LED_BUZ?LED
            CODE    55E9H     00AEH     UNIT         ?PR?_UART2_OPEN?UART2
            CODE    5697H     00ADH     UNIT         ?PR?_DISPLAY_CO2?CO2
            CODE    5744H     00ABH     UNIT         ?PR?UART1_ISR?CO2
            CODE    57EFH     009BH     UNIT         ?PR?_GPIO_PULL_DISABLE?GPIO
BL51 BANKED LINKER/LOCATER V6.22.2.0                                                  10/31/2022  08:45:44  PAGE 4


            CODE    588AH     009AH     UNIT         ?C_C51STARTUP
            CODE    5924H     0096H     UNIT         ?PR?RECIEVE_DATA_ANALYSIS?CO2
            CODE    59BAH     008BH     UNIT         ?PR?_I2C_READ?SHTC3
            CODE    5A45H     0087H     UNIT         ?PR?_GPIO_PULL_ENABLE?GPIO
            CODE    5ACCH     0084H     UNIT         ?PR?_CLOCKDISABLE?SYS
            CODE    5B50H     007DH     UNIT         ?PR?_I2C_READ_PROCESS?SHTC3
            CODE    5BCDH     007CH     UNIT         ?PR?RF_FINISHED_PROCESS?BC3602
            CODE    5C49H     007AH     UNIT         ?PR?_KEY_BC3602?BC3602
            CODE    5CC3H     0078H     UNIT         ?PR?GET_MAX_VALU_24H?EEPROM_USER
            CODE    5D3BH     0077H     UNIT         ?PR?READ_BANDGAP?ADC
            CODE    5DB2H     006EH     UNIT         ?PR?_PWM0_CLOCKSOURCE?PWM0
            CODE    5E20H     006EH     UNIT         ?PR?_PWM1_CLOCKSOURCE?PWM0
            CODE    5E8EH     006DH     UNIT         ?PR?GET_NTCVALU?ADC_USER
            CODE    5EFBH     006AH     UNIT         ?PR?_I2C_OPEN?I2C
            CODE    5F65H     0069H     UNIT         ?PR?RF_INIT?BC3602
            CODE    5FCEH     0068H     UNIT         ?PR?_READ_DATAFLASH_ARRAY?EEPROM
            CODE    6036H     0067H     UNIT         ?PR?ADC_INIT?ADC_USER
            CODE    609DH     0063H     UNIT         ?PR?_ADC_ENABLEHWTRIGGER?ADC
            CODE    6100H     0061H     UNIT         ?PR?_I2C_WRITE?SHTC3
            CODE    6161H     005FH     UNIT         ?PR?_I2C_WRITE_PROCESS?SHTC3
            CODE    61C0H     005CH     UNIT         ?PR?_PWM0_DEADZONEENABLE?PWM0
            CODE    621CH     005CH     UNIT         ?PR?FSYSSWITCHERROR?SYS
            CODE    6278H     0059H     UNIT         ?PR?_CRC8_NRSC5?CRC8_NRSC5
            CODE    62D1H     0058H     UNIT         ?PR?INIT_I2C?SHTC3
            CODE    6329H     0057H     UNIT         ?PR?_I2C_SETSLAVEADDRMASK?I2C
            CODE    6380H     0057H     UNIT         ?PR?GET_CO2_VERSIONNUM?CO2
            CODE    63D7H     0056H     UNIT         ?PR?BC3602_RF_PROCESS?BC3602
            CODE    642DH     0054H     UNIT         ?PR?GET_CO2VALU?CO2
            CODE    6481H     0052H     UNIT         ?PR?_CRC16MODBUS?CRC16
            CODE    64D3H     0051H     UNIT         ?PR?_CLOCKSWITCH?SYS
            CODE    6524H     004FH     UNIT         ?PR?RFWRITEFREQ?BC3602
            CODE    6573H     004FH     UNIT         ?PR?_WRITEFIFO?BC3602
            CODE    65C2H     004FH     UNIT         ?PR?_READFIFO?BC3602
            CODE    6611H     004BH     UNIT         ?PR?_LCD_OPEN?LCD
            CODE    665CH     0048H     UNIT         ?PR?_RFWRITEBUF?BC3602
            CODE    66A4H     0046H     UNIT         ?PR?INIT_UART1?UART1_USER
            CODE    66EAH     0042H     UNIT         ?PR?INIT_UART2?UART2_USER
            CODE    672CH     003FH     UNIT         ?PR?_UART1SENDDATA?UART1_USER
            CODE    676BH     003FH     UNIT         ?PR?_UART2SENDDATA?UART2_USER
            CODE    67AAH     003EH     UNIT         ?PR?WDT_INIT?WDT
            CODE    67E8H     003AH     UNIT         ?PR?INIT_UART3?UART3_USER
            CODE    6822H     0037H     UNIT         ?PR?_LED_FLASH?LED
            CODE    6859H     0036H     UNIT         ?PR?RESETLVRF?BC3602
            CODE    688FH     0035H     UNIT         ?PR?FEED_WDT?WDT
            CODE    68C4H     0035H     UNIT         ?PR?RFWRITESYNCWORD?BC3602
            CODE    68F9H     0035H     UNIT         ?PR?_SPIWRITE?BC3602_SPI
            CODE    692EH     0034H     UNIT         ?PR?SPIREAD?BC3602_SPI
            CODE    6962H     0031H     UNIT         ?PR?ENABLE_UART0_VCOM_PRINTF?UART
            CODE    6993H     002FH     UNIT         ?PR?MAIN?MAIN_C
            CODE    69C2H     002FH     UNIT         ?PR?RFCALIBRATION?BC3602
            CODE    69F1H     002FH     UNIT         ?PR?LIRCCALIBRATION?BC3602
            CODE    6A20H     002FH     UNIT         ?PR?PININTERRUPT_ISR?BC3602
            CODE    6A4FH     002EH     UNIT         ?PR?_ADC_INTERRUPT?ADC
            CODE    6A7DH     002DH     UNIT         ?PR?_ADC_INITIALCONTINOUS?ADC
            CODE    6AAAH     002DH     UNIT         ?PR?_UART_INTERRUPT_ENABLE?UART
            CODE    6AD7H     002DH     UNIT         ?PR?INIT_KEYPORT?KEY
            CODE    6B04H     002BH     UNIT         ?PR?_LCD_INTERRUPT_INITIAL?LCD
BL51 BANKED LINKER/LOCATER V6.22.2.0                                                  10/31/2022  08:45:44  PAGE 5


            CODE    6B2FH     0029H     UNIT         ?PR?_SET_RFSDIO_DIR?BC3602_SPI
            CODE    6B58H     0027H     UNIT         ?PR?_LCD_SETONEPIXEL?LCD
            CODE    6B7FH     0025H     UNIT         ?PR?_GET_CS?CO2
            CODE    6BA4H     0023H     UNIT         ?PR?GET_NTC_TEMP?ADC_USER
            CODE    6BC7H     0021H     UNIT         ?PR?_UART_SEND_DATA?UART
            CODE    6BE8H     0020H     UNIT         ?PR?_LCD_CLOCK_SETTING?LCD
            CODE    6C08H     0020H     UNIT         ?PR?_LCD_SETALLPIXELS?LCD
            CODE    6C28H     0020H     UNIT         ?PR?_LCD_POWERDOWN_DISPLAY?LCD
            CODE    6C48H     0020H     UNIT         ?PR?_RFSETPOWER?BC3602
            CODE    6C68H     001FH     UNIT         ?PR?UART0_ISR?UART
            CODE    6C87H     001EH     UNIT         ?PR?_UART_RECEIVE_DATA?UART
            CODE    6CA5H     001EH     UNIT         ?PR?BC3602_SPI_IOCONFIG?BC3602_SPI
            CODE    6CC3H     001CH     UNIT         ?PR?SMC1_ISR?UART3
            CODE    6CDFH     001CH     UNIT         ?PR?TIMER0_INIT?TIMER0
            CODE    6CFBH     001BH     UNIT         ?PR?_ADC_SAMPLINGTIME?ADC
            CODE    6D16H     001AH     UNIT         ?PR?SMC0_ISR?UART2
            CODE    6D30H     0019H     UNIT         ?PR?_DATA_PROCESS?BC3602
            CODE    6D49H     0018H     UNIT         ?PR?_I2C_ENABLEINT?I2C
            CODE    6D61H     0018H     UNIT         ?PR?_I2C_DISABLEINT?I2C
            CODE    6D79H     0017H     UNIT         ?PR?SW_RESET?SYS
            CODE    6D90H     0016H     UNIT         ?PR?RFGETCLRRFIRQ?BC3602
            CODE    6DA6H     0013H     UNIT         ?PR?_I2C_GETSTATUS?I2C
            CODE    6DB9H     0013H     UNIT         ?PR?_I2C_SLAVE_ADDRESS_MASK_DISABLE?I2C
            CODE    6DCCH     0012H     UNIT         ?PR?_I2C_CLOSE?I2C
            CODE    6DDEH     0012H     UNIT         ?PR?_I2C_ENABLETIMEOUT?I2C
            CODE    6DF0H     0012H     UNIT         ?PR?_I2C_DISABLETIMEOUT?I2C
            CODE    6E02H     0012H     UNIT         ?PR?_I2C_CLEARTIMEOUTFLAG?I2C
            CODE    6E14H     0011H     UNIT         ?PR?UART2_RECEIVE_ONE_BYTE?UART2
            CODE    6E25H     0011H     UNIT         ?PR?_I2C_SLAVE_ADDRESS_MASK_ENABLE?I2C
            CODE    6E36H     0011H     UNIT         ?PR?PWM0_DEADZONE_ALL_DISABLE?PWM0
            CODE    6E47H     0011H     UNIT         ?PR?RFXTALREADY?BC3602
            CODE    6E58H     000FH     UNIT         ?PR?_LCD_BLINK?LCD
            CODE    6E67H     000EH     UNIT         ?PR?_PUTCHAR?UART3_USER
            CODE    6E75H     000DH     UNIT         ?PR?GET_MAX_VALU_CO2_24H?EEPROM_USER
            CODE    6E82H     000DH     UNIT         ?PR?GET_AVG_VALU_CO2_24H?EEPROM_USER
            CODE    6E8FH     000CH     UNIT         ?PR?INIT_WIFI?WIFI
            CODE    6E9BH     000BH     UNIT         ?PR?_SPIREADREGCMD?BC3602
            CODE    6EA6H     000AH     UNIT         ?PR?LCD_ENABLE?LCD
            CODE    6EB0H     0009H     UNIT         ?PR?GET_NTC_INIT?ADC_USER
            CODE    6EB9H     0009H     UNIT         ?PR?GET_CO2VALUE?CO2
            CODE    6EC2H     0009H     UNIT         ?PR?GET_TEMPVALUE?SHTC3
            CODE    6ECBH     0009H     UNIT         ?PR?GET_TEMPVALUEMID?SHTC3
            CODE    6ED4H     0009H     UNIT         ?PR?GET_TEMPVALUEINIT?SHTC3
            CODE    6EDDH     0009H     UNIT         ?PR?GET_HUB_VALUE_MID?SHTC3
            CODE    6EE6H     0009H     UNIT         ?PR?GET_HUB_VALUE_INTI?SHTC3
            CODE    6EEFH     0009H     UNIT         ?PR?GET_NTCTEMP?TIMER0
            CODE    6EF8H     0008H     UNIT         ?PR?_SPIWRITESTROBECMD?BC3602
            CODE    6F00H     0007H     UNIT         ?PR?ADC_CLOSE?ADC
            CODE    6F07H     0007H     UNIT         ?PR?ADC_DISABLEHWTRIGGER?ADC
            CODE    6F0EH     0007H     UNIT         ?PR?PWM0_RUN?PWM0
            CODE    6F15H     0007H     UNIT         ?PR?PWM0_STOP?PWM0
            CODE    6F1CH     0007H     UNIT         ?PR?LCD_DISABLE?LCD
            CODE    6F23H     0006H     UNIT         ?PR?GET_LIGHT_STA?KEY
            CODE    6F29H     0006H     UNIT         ?PR?GET_BELL_STA?KEY
            CODE    6F2FH     0006H     UNIT         ?PR?GET_UNIT_STA?KEY
            CODE    6F35H     0006H     UNIT         ?PR?GET_COLOR_STA?KEY
            CODE    6F3BH     0006H     UNIT         ?PR?GET_CO2DISMOD?KEY
BL51 BANKED LINKER/LOCATER V6.22.2.0                                                  10/31/2022  08:45:44  PAGE 6


            CODE    6F41H     0006H     UNIT         ?PR?GET_WIFI_KEY_STA?KEY
            CODE    6F47H     0006H     UNIT         ?PR?LCD_DISPLAY?LCD_USER
            CODE    6F4DH     0006H     UNIT         ?PR?INIT_SHTC3?SHTC3
            CODE    6F53H     0006H     UNIT         ?PR?GET_TEMPHUTSTARTFLAG?TIMER0
            CODE    6F59H     0006H     UNIT         ?PR?CLR__TEMPHUTSTARTFLAG?TIMER0
            CODE    6F5FH     0006H     UNIT         ?PR?GET_SAVEADDR?TIMER0
            CODE    6F65H     0006H     UNIT         ?PR?GET_ONECIRCLESAVEFLAG?TIMER0
            CODE    6F6BH     0006H     UNIT         ?PR?_SET_ONECIRCLE_FLAG?TIMER0
            CODE    6F71H     0006H     UNIT         ?PR?_SET_SAVE_ADDRP?TIMER0
            CODE    6F77H     0006H     UNIT         ?PR?GET_RF_MODE?BC3602



OVERLAY MAP OF MODULE:   .\Output\Temp_Humi_CO2 (MAIN_C)


SEGMENT                                            XDATA_GROUP
  +--> CALLED SEGMENT                            START    LENGTH
----------------------------------------------------------------
?C_C51STARTUP                                    -----    -----
  +--> ?PR?MAIN?MAIN_C
  +--> ?C_INITSEG

?PR?MAIN?MAIN_C                                  -----    -----
  +--> ?PR?_FSYSSELECT?SYS
  +--> ?PR?INIT_UART1?UART1_USER
  +--> ?PR?TIMER0_INIT?TIMER0
  +--> ?PR?LED_INIT?LED
  +--> ?PR?INIT_LCD?LCD_USER
  +--> ?PR?WDT_INIT?WDT
  +--> ?PR?INIT_I2C?SHTC3
  +--> ?PR?ADC_INIT?ADC_USER
  +--> ?PR?INIT_KEYPORT?KEY
  +--> ?PR?EEPROM_READDATAINIT?EEPROM_USER
  +--> ?PR?RF_INIT?BC3602
  +--> ?PR?FEED_WDT?WDT
  +--> ?PR?TIME_PROCESS?TIMER0
  +--> ?PR?BC3602_RF_PROCESS?BC3602

?PR?_FSYSSELECT?SYS                              -----    -----
  +--> ?PR?_CLOCKENABLE?SYS
  +--> ?PR?_CLOCKSWITCH?SYS
  +--> ?PR?FSYSSWITCHERROR?SYS

?PR?INIT_UART1?UART1_USER                        -----    -----
  +--> ?PR?_UART_OPEN?UART

?PR?_UART_OPEN?UART                              06F2H    0009H

?PR?LED_INIT?LED                                 -----    -----
  +--> ?PR?_GPIO_SETMODE?GPIO
  +--> ?PR?_PWM123_CLOCKSOURCE?PWM123
  +--> ?PR?_PWM123_CONFIGOUTPUTCHANNEL?PWM123
  +--> ?PR?_PWM0_CLOCKSOURCE?PWM0
  +--> ?PR?_PWM0_CONFIGOUTPUTCHANNEL?PWM0
  +--> ?PR?PWM0_RUN?PWM0

BL51 BANKED LINKER/LOCATER V6.22.2.0                                                  10/31/2022  08:45:44  PAGE 7


?PR?_GPIO_SETMODE?GPIO                           0702H    0001H

?PR?_PWM123_CLOCKSOURCE?PWM123                   06F2H    0001H

?PR?_PWM123_CONFIGOUTPUTCHANNEL?PWM123           06F2H    0006H

?PR?_PWM0_CONFIGOUTPUTCHANNEL?PWM0               06F3H    0009H

?PR?INIT_LCD?LCD_USER                            -----    -----
  +--> ?PR?_LCD_CLOCK_SETTING?LCD
  +--> ?PR?_LCD_OPEN?LCD
  +--> ?PR?_LCD_CURRENT_MODE?LCD
  +--> ?PR?LCD_ENABLE?LCD
  +--> ?PR?_LCD_SETALLPIXELS?LCD

?PR?_LCD_OPEN?LCD                                06F2H    0005H
  +--> ?PR?LCD_DISABLE?LCD
  +--> ?PR?_LCD_SETALLPIXELS?LCD

?PR?INIT_I2C?SHTC3                               -----    -----
  +--> ?PR?_I2C_WRITE?SHTC3

?PR?_I2C_WRITE?SHTC3                             -----    -----
  +--> ?PR?I2C_ERROR?SHTC3

?PR?ADC_INIT?ADC_USER                            -----    -----
  +--> ?PR?_ADC_OPEN?ADC
  +--> ?PR?_ADC_SAMPLINGTIME?ADC
  +--> ?PR?_ADC_VREF_SET?ADC
  +--> ?PR?_GPIO_SETMODE?GPIO

?PR?EEPROM_READDATAINIT?EEPROM_USER              06F2H    0005H
  +--> ?PR?_READ_DATAFLASH_ARRAY?EEPROM
  +--> ?PR?_CRC8_NRSC5?CRC8_NRSC5
  +--> ?PR?_CRC16MODBUS?CRC16
  +--> ?PR?_SET_ONECIRCLE_FLAG?TIMER0
  +--> ?PR?_SET_SAVE_ADDRP?TIMER0

?PR?_READ_DATAFLASH_ARRAY?EEPROM                 06F7H    0009H

?PR?_CRC8_NRSC5?CRC8_NRSC5                       06F7H    0005H

?PR?_CRC16MODBUS?CRC16                           06F7H    0004H

?PR?RF_INIT?BC3602                               -----    -----
  +--> ?PR?BC3602_SPI_IOCONFIG?BC3602_SPI
  +--> ?PR?_SPIWRITESTROBECMD?BC3602
  +--> ?PR?RESETLVRF?BC3602
  +--> ?PR?_GPIO_SETMODE?GPIO
  +--> ?PR?_GPIO_PULL_ENABLE?GPIO
  +--> ?PR?_GPIO_ENABLEINT?GPIO
  +--> ?PR?BC3602_CONFIG?BC3602
  +--> ?PR?RFWRITESYNCWORD?BC3602
  +--> ?PR?RFWRITEFREQ?BC3602
  +--> ?PR?RFSETDRPRAM?BC3602
  +--> ?PR?_RFSETPOWER?BC3602
  +--> ?PR?RFXTALREADY?BC3602
BL51 BANKED LINKER/LOCATER V6.22.2.0                                                  10/31/2022  08:45:44  PAGE 8


  +--> ?PR?RFCALIBRATION?BC3602
  +--> ?PR?LIRCCALIBRATION?BC3602
  +--> ?PR?RFGETCLRRFIRQ?BC3602

?PR?BC3602_SPI_IOCONFIG?BC3602_SPI               -----    -----
  +--> ?PR?_GPIO_SETMODE?GPIO
  +--> ?PR?_SET_RFSDIO_DIR?BC3602_SPI

?PR?_SET_RFSDIO_DIR?BC3602_SPI                   0701H    0001H
  +--> ?PR?_GPIO_SETMODE?GPIO
  +--> ?PR?_GPIO_PULL_ENABLE?GPIO

?PR?_SPIWRITESTROBECMD?BC3602                    -----    -----
  +--> ?PR?_SPIWRITE?BC3602_SPI

?PR?_SPIWRITE?BC3602_SPI                         0700H    0001H
  +--> ?PR?_SET_RFSDIO_DIR?BC3602_SPI

?PR?RESETLVRF?BC3602                             06F2H    0001H
  +--> ?PR?_SPIREADREGCMD?BC3602
  +--> ?PR?_SPIWRITEREGCMD?BC3602

?PR?_SPIREADREGCMD?BC3602                        -----    -----
  +--> ?PR?_SPIWRITE?BC3602_SPI
  +--> ?PR?SPIREAD?BC3602_SPI

?PR?SPIREAD?BC3602_SPI                           0700H    0001H
  +--> ?PR?_SET_RFSDIO_DIR?BC3602_SPI

?PR?_SPIWRITEREGCMD?BC3602                       06FCH    0001H
  +--> ?PR?_SPIWRITE?BC3602_SPI

?PR?_GPIO_ENABLEINT?GPIO                         06F2H    0005H

?PR?BC3602_CONFIG?BC3602                         06F2H    0001H
  +--> ?PR?_SPIWRITEREGCMD?BC3602
  +--> ?PR?_SPIWRITESTROBECMD?BC3602

?PR?RFWRITESYNCWORD?BC3602                       -----    -----
  +--> ?PR?_RFWRITEBUF?BC3602

?PR?_RFWRITEBUF?BC3602                           06F2H    0005H
  +--> ?PR?_SPIWRITE?BC3602_SPI

?PR?RFWRITEFREQ?BC3602                           06F2H    0001H
  +--> ?PR?_SPIREADREGCMD?BC3602
  +--> ?PR?_SPIWRITEREGCMD?BC3602

?PR?RFSETDRPRAM?BC3602                           06F2H    0001H
  +--> ?PR?_SPIWRITESTROBECMD?BC3602
  +--> ?PR?_SPIWRITEREGCMD?BC3602

?PR?_RFSETPOWER?BC3602                           -----    -----
  +--> ?PR?_SPIWRITEREGCMD?BC3602

?PR?RFXTALREADY?BC3602                           -----    -----
  +--> ?PR?_SPIREADREGCMD?BC3602
BL51 BANKED LINKER/LOCATER V6.22.2.0                                                  10/31/2022  08:45:44  PAGE 9



?PR?RFCALIBRATION?BC3602                         06F2H    0001H
  +--> ?PR?_SPIREADREGCMD?BC3602
  +--> ?PR?_SPIWRITEREGCMD?BC3602

?PR?LIRCCALIBRATION?BC3602                       06F2H    0001H
  +--> ?PR?_SPIREADREGCMD?BC3602
  +--> ?PR?_SPIWRITEREGCMD?BC3602

?PR?RFGETCLRRFIRQ?BC3602                         06FBH    0001H
  +--> ?PR?_SPIREADREGCMD?BC3602
  +--> ?PR?_SPIWRITEREGCMD?BC3602

?PR?TIME_PROCESS?TIMER0                          -----    -----
  +--> ?PR?GET_TEMPHUT?SHTC3
  +--> ?PR?RECIEVE_DATA_ANALYSIS?CO2
  +--> ?PR?KEYPROCESS?KEY
  +--> ?PR?GET_COLOR_STA?KEY
  +--> ?PR?_RGB_COLOR?LED
  +--> ?PR?_GET_TEMP_BAT?ADC_USER
  +--> ?PR?_EEPROM_WRITE_SENSORDATA?EEPROM_USER
  +--> ?PR?GET_MAX_VALU_24H?EEPROM_USER
  +--> ?PR?GET_AVG_VALU_24H?EEPROM_USER
  +--> ?PR?GET_NTC_TEMP?ADC_USER
  +--> ?PR?GET_TEMPVALUEINIT?SHTC3
  +--> ?PR?GET_TEMPVALUEMID?SHTC3
  +--> ?PR?GET_HUB_VALUE_MID?SHTC3
  +--> ?PR?GET_HUB_VALUE_INTI?SHTC3
  +--> ?PR?GET_CO2VALU?CO2

?PR?GET_TEMPHUT?SHTC3                            06F2H    0001H
  +--> ?PR?_I2C_WRITE?SHTC3
  +--> ?PR?_I2C_READ?SHTC3
  +--> ?PR?_CRC8_NRSC5?CRC8_NRSC5
  +--> ?PR?_LCD_DISPLAY_TEMPHUB?LCD_USER
  +--> ?PR?CLR__TEMPHUTSTARTFLAG?TIMER0

?PR?_I2C_READ?SHTC3                              06F3H    0001H
  +--> ?PR?I2C_ERROR?SHTC3

?PR?_LCD_DISPLAY_TEMPHUB?LCD_USER                06F3H    000BH
  +--> ?PR?_LCD_SETALLPIXELS?LCD
  +--> ?PR?GET_UNIT_STA?KEY
  +--> ?PR?_LCD_SETONEPIXEL?LCD
  +--> ?PR?_SHOWDIGIT?LCD_USER
  +--> ?PR?GET_CO2DISMOD?KEY
  +--> ?PR?_DISPLAY_CO2?CO2
  +--> ?PR?GET_LIGHT_STA?KEY
  +--> ?PR?GET_BELL_STA?KEY
  +--> ?PR?BAT_POWERDISPLAY?ADC_USER

?PR?_SHOWDIGIT?LCD_USER                          0704H    0001H

?PR?_DISPLAY_CO2?CO2                             06FEH    0006H
  +--> ?PR?_SHOWDIGIT?LCD_USER

?PR?BAT_POWERDISPLAY?ADC_USER                    -----    -----
BL51 BANKED LINKER/LOCATER V6.22.2.0                                                  10/31/2022  08:45:44  PAGE 10


  +--> ?PR?_LCD_SETONEPIXEL?LCD

?PR?RECIEVE_DATA_ANALYSIS?CO2                    -----    -----
  +--> ?PR?_GET_CS?CO2

?PR?KEYPROCESS?KEY                               -----    -----
  +--> ?PR?GET_KEYVALUE?KEY
  +--> ?PR?GET_RF_MODE?BC3602
  +--> ?PR?_KEY_BC3602?BC3602

?PR?_KEY_BC3602?BC3602                           -----    -----
  +--> ?PR?_DATA_PROCESS?BC3602

?PR?_RGB_COLOR?LED                               06F2H    0001H
  +--> ?PR?PWM0_STOP?PWM0
  +--> ?PR?_PWM0_CONFIGOUTPUTCHANNEL?PWM0
  +--> ?PR?PWM0_RUN?PWM0

?PR?_GET_TEMP_BAT?ADC_USER                       06F2H    0002H
  +--> ?PR?_ADC_RUN?ADC_USER

?PR?_ADC_RUN?ADC_USER                            06F4H    0004H

?PR?_EEPROM_WRITE_SENSORDATA?EEPROM_USER         06F2H    0003H
  +--> ?PR?_CRC8_NRSC5?CRC8_NRSC5
  +--> ?PR?_WRITE_DATAFLASH?EEPROM_USER
  +--> ?PR?_READ_DATAFLASH_ARRAY?EEPROM
  +--> ?PR?GET_CO2VALUE?CO2
  +--> ?PR?GET_SAVEADDR?TIMER0
  +--> ?PR?GET_ONECIRCLESAVEFLAG?TIMER0
  +--> ?PR?_CRC16MODBUS?CRC16

?PR?_WRITE_DATAFLASH?EEPROM_USER                 06F5H    0008H

?PR?GET_MAX_VALU_24H?EEPROM_USER                 06F2H    0004H

?PR?GET_AVG_VALU_24H?EEPROM_USER                 06F2H    0009H

?PR?GET_CO2VALU?CO2                              -----    -----
  +--> ?PR?_UART1SENDDATA?UART1_USER

?PR?_UART1SENDDATA?UART1_USER                    06F2H    0005H
  +--> ?PR?_UART_SEND_DATA?UART

?PR?BC3602_RF_PROCESS?BC3602                     -----    -----
  +--> ?PR?_SIMPLEFIFO_TX_PROCESS?BC3602
  +--> ?PR?_SIMPLEFIFO_RX_PROCESS?BC3602
  +--> ?PR?RF_FINISHED_PROCESS?BC3602

?PR?_SIMPLEFIFO_TX_PROCESS?BC3602                06F2H    0009H
  +--> ?PR?_SPIWRITESTROBECMD?BC3602
  +--> ?PR?RFXTALREADY?BC3602
  +--> ?PR?_SPIWRITEREGCMD?BC3602
  +--> ?PR?_WRITEFIFO?BC3602
  +--> ?PR?RFGETCLRRFIRQ?BC3602

?PR?_WRITEFIFO?BC3602                            06FBH    0005H
BL51 BANKED LINKER/LOCATER V6.22.2.0                                                  10/31/2022  08:45:44  PAGE 11


  +--> ?PR?_SPIWRITE?BC3602_SPI

?PR?_SIMPLEFIFO_RX_PROCESS?BC3602                06F2H    0009H
  +--> ?PR?_SPIWRITESTROBECMD?BC3602
  +--> ?PR?RFXTALREADY?BC3602
  +--> ?PR?_SPIWRITEREGCMD?BC3602
  +--> ?PR?RFGETCLRRFIRQ?BC3602
  +--> ?PR?_READFIFO?BC3602

?PR?_READFIFO?BC3602                             06FBH    0005H
  +--> ?PR?_SPIWRITE?BC3602_SPI
  +--> ?PR?SPIREAD?BC3602_SPI

?PR?RF_FINISHED_PROCESS?BC3602                   -----    -----
  +--> ?PR?_LED_FLASH?LED



SYMBOL TABLE OF MODULE:  .\Output\Temp_Humi_CO2 (MAIN_C)

  VALUE           TYPE          NAME
  ----------------------------------

  -------         MODULE        MAIN_C
  C:0000H         SYMBOL        _ICE_DUMMY_
  D:0080H         PUBLIC        P0
  D:0090H         PUBLIC        P1
  D:00A0H         PUBLIC        P2
  D:00B0H         PUBLIC        P3
  D:00D8H         PUBLIC        P4
  D:00A8H         PUBLIC        IE
  D:00B8H         PUBLIC        IP
  C:6993H         PUBLIC        main
  D:0098H         PUBLIC        SCON
  D:0088H         PUBLIC        TCON
  D:00C0H         PUBLIC        I2C0CON
  D:00E8H         PUBLIC        I2C1CON
  D:00F8H         PUBLIC        S1CON
  D:00C8H         PUBLIC        T2CON
  D:00D0H         PUBLIC        PSW
  -------         PROC          MAIN
  C:6993H         LINE#         7
  C:6993H         LINE#         8
  C:6993H         LINE#         9
  C:6998H         LINE#         10
  C:699BH         LINE#         13
  C:699EH         LINE#         14
  C:69A1H         LINE#         15
  C:69A4H         LINE#         16
  C:69A7H         LINE#         17
  C:69AAH         LINE#         18
  C:69ADH         LINE#         19
  C:69B0H         LINE#         20
  C:69B3H         LINE#         22
  C:69B6H         LINE#         24
  C:69B6H         LINE#         25
  C:69B6H         LINE#         26
BL51 BANKED LINKER/LOCATER V6.22.2.0                                                  10/31/2022  08:45:44  PAGE 12


  C:69B9H         LINE#         27
  C:69BCH         LINE#         28
  C:69BFH         LINE#         30
  -------         ENDPROC       MAIN
  -------         ENDMOD        MAIN_C

  -------         MODULE        UART2
  C:0000H         SYMBOL        _ICE_DUMMY_
  D:00DCH         PUBLIC        SC0ETURD1
  D:0080H         PUBLIC        P0
  D:0090H         PUBLIC        P1
  D:00A0H         PUBLIC        P2
  D:00B0H         PUBLIC        P3
  D:00D8H         PUBLIC        P4
  D:00D6H         PUBLIC        SC0CR0
  D:00D7H         PUBLIC        SC0CR1
  D:00A8H         PUBLIC        IE
  C:6E14H         PUBLIC        UART2_Receive_One_Byte
  D:00B8H         PUBLIC        IP
  D:0098H         PUBLIC        SCON
  D:0088H         PUBLIC        TCON
  C:000EH         PUBLIC        _UART2_Send_Data
  D:0091H         PUBLIC        SFRS
  D:00DFH         PUBLIC        SC0TSR
  D:00C0H         PUBLIC        I2C0CON
  D:00E8H         PUBLIC        I2C1CON
  X:073DH         PUBLIC        uart2rvbuffer
  D:00D9H         PUBLIC        SC0DR
  C:6D16H         PUBLIC        SMC0_ISR
  C:55E9H         PUBLIC        _UART2_Open
  D:00F8H         PUBLIC        S1CON
  D:00C8H         PUBLIC        T2CON
  B:0020H.4       PUBLIC        uart2rvflag
  D:00D0H         PUBLIC        PSW
  D:00DBH         PUBLIC        SC0ETURD0
  -------         PROC          SMC0_ISR
  C:6D16H         LINE#         20
  C:6D1CH         LINE#         22
  C:6D1EH         LINE#         24
  C:6D21H         LINE#         25
  C:6D27H         LINE#         26
  C:6D29H         LINE#         27
  -------         ENDPROC       SMC0_ISR
  -------         PROC          _UART2_OPEN
  X:070EH         SYMBOL        u32SysClock
  X:0712H         SYMBOL        u32Baudrate
  C:55E9H         LINE#         36
  C:55EFH         LINE#         37
  C:55EFH         LINE#         38
  C:55F5H         LINE#         39
  C:55FAH         LINE#         40
  C:55FFH         LINE#         41
  C:5604H         LINE#         42
  C:5609H         LINE#         44
  C:5644H         LINE#         45
  C:5647H         LINE#         46
  C:5688H         LINE#         47
BL51 BANKED LINKER/LOCATER V6.22.2.0                                                  10/31/2022  08:45:44  PAGE 13


  C:568EH         LINE#         48
  C:5691H         LINE#         49
  C:5696H         LINE#         50
  -------         ENDPROC       _UART2_OPEN
  -------         PROC          UART2_RECEIVE_ONE_BYTE
  -------         DO            
  D:0007H         SYMBOL        c
  -------         ENDDO         
  C:6E14H         LINE#         59
  C:6E14H         LINE#         60
  C:6E14H         LINE#         62
  C:6E1AH         LINE#         63
  C:6E22H         LINE#         64
  C:6E24H         LINE#         65
  C:6E24H         LINE#         66
  -------         ENDPROC       UART2_RECEIVE_ONE_BYTE
  -------         PROC          _UART2_SEND_DATA
  D:0007H         SYMBOL        c
  C:000EH         LINE#         75
  C:000EH         LINE#         76
  C:000EH         LINE#         77
  C:0014H         LINE#         78
  C:0016H         LINE#         79
  C:001CH         LINE#         80
  C:0022H         LINE#         81
  -------         ENDPROC       _UART2_SEND_DATA
  -------         ENDMOD        UART2

  -------         MODULE        COMMON
  C:0000H         SYMBOL        _ICE_DUMMY_
  D:0080H         PUBLIC        P0
  D:0090H         PUBLIC        P1
  D:00A0H         PUBLIC        P2
  D:00B0H         PUBLIC        P3
  D:00D8H         PUBLIC        P4
  D:0008H         PUBLIC        BYTE_TMP
  D:00A8H         PUBLIC        IE
  D:0009H         PUBLIC        SFRS_TMP
  D:00B8H         PUBLIC        IP
  D:000AH         PUBLIC        TA_REG_TMP
  B:0020H.5       PUBLIC        BIT_TMP
  D:0098H         PUBLIC        SCON
  D:0088H         PUBLIC        TCON
  D:00C0H         PUBLIC        I2C0CON
  D:00E8H         PUBLIC        I2C1CON
  D:00F8H         PUBLIC        S1CON
  D:00C8H         PUBLIC        T2CON
  C:0003H         PUBLIC        _Read_APROM_BYTE
  D:00D0H         PUBLIC        PSW
  -------         PROC          _READ_APROM_BYTE
  D:0082H         SYMBOL        u16_addr
  -------         DO            
  D:0007H         SYMBOL        rdata
  -------         ENDDO         
  C:0003H         LINE#         17
  C:0007H         LINE#         18
  C:0007H         LINE#         20
BL51 BANKED LINKER/LOCATER V6.22.2.0                                                  10/31/2022  08:45:44  PAGE 14


  C:000AH         LINE#         21
  C:000AH         LINE#         22
  -------         ENDPROC       _READ_APROM_BYTE
  -------         ENDMOD        COMMON

  -------         MODULE        ADC
  C:0000H         SYMBOL        _ICE_DUMMY_
  D:00F4H         PUBLIC        P2MF54
  D:0080H         PUBLIC        P0
  D:00B5H         PUBLIC        P2M1
  D:0090H         PUBLIC        P1
  D:00C2H         PUBLIC        P3M1
  D:00B6H         PUBLIC        P2M2
  D:00A0H         PUBLIC        P2
  D:00C3H         PUBLIC        P3M2
  D:00B0H         PUBLIC        P3
  D:00F5H         PUBLIC        P2MF76
  D:0094H         PUBLIC        P6MF54
  D:00D8H         PUBLIC        P4
  D:0084H         PUBLIC        P6M1
  B:00A8H.7       PUBLIC        EA
  D:0085H         PUBLIC        P6M2
  D:0095H         PUBLIC        P6MF76
  D:00A8H         PUBLIC        IE
  D:00E4H         PUBLIC        ADCBAH
  D:00C7H         PUBLIC        TA
  D:00CBH         PUBLIC        ADCBAL
  D:00B8H         PUBLIC        IP
  C:6F00H         PUBLIC        ADC_Close
  D:00CEH         PUBLIC        AINDIDS0
  D:00CEH         PUBLIC        AINDIDS1
  D:00E3H         PUBLIC        ADCDLY
  D:0098H         PUBLIC        SCON
  D:0088H         PUBLIC        TCON
  D:009FH         PUBLIC        CHPCON
  C:2BB1H         PUBLIC        _ADC_Open
  D:0091H         PUBLIC        SFRS
  C:6A7DH         PUBLIC        _ADC_InitialContinous
  D:00A4H         PUBLIC        IAPTRG
  C:4E1BH         PUBLIC        _ADC_Vref_Set
  D:00A9H         PUBLIC        VRFCON
  D:00C0H         PUBLIC        I2C0CON
  D:00E8H         PUBLIC        I2C1CON
  D:00A1H         PUBLIC        ADCCON0
  D:00E1H         PUBLIC        ADCCON1
  C:6F07H         PUBLIC        ADC_DisableHWTrigger
  D:00E2H         PUBLIC        ADCCON2
  D:00A7H         PUBLIC        IAPAH
  D:00F8H         PUBLIC        S1CON
  D:00AEH         PUBLIC        IAPFD
  D:00C8H         PUBLIC        T2CON
  D:00A6H         PUBLIC        IAPAL
  D:00E5H         PUBLIC        ADCSN
  D:00AFH         PUBLIC        IAPCN
  C:5D3BH         PUBLIC        READ_BANDGAP
  C:609DH         PUBLIC        _ADC_EnableHWTrigger
  D:00E7H         PUBLIC        ADCSR
BL51 BANKED LINKER/LOCATER V6.22.2.0                                                  10/31/2022  08:45:44  PAGE 15


  D:00F2H         PUBLIC        P2MF10
  D:00F6H         PUBLIC        P3MF10
  D:00D0H         PUBLIC        PSW
  D:00F3H         PUBLIC        P2MF32
  C:6CFBH         PUBLIC        _ADC_SamplingTime
  D:00F7H         PUBLIC        P3MF32
  C:6A4FH         PUBLIC        _ADC_Interrupt
  -------         PROC          _ADC_OPEN
  D:0006H         SYMBOL        u8ADCOpMode
  D:0005H         SYMBOL        u8ADCChMask
  C:2BB1H         LINE#         29
  C:2BB1H         LINE#         30
  C:2BB1H         LINE#         31
  C:2BBCH         LINE#         32
  C:2BBCH         LINE#         33
  C:2BC4H         LINE#         34
  C:2BCAH         LINE#         35
  C:2BCAH         LINE#         36
  C:2BCAH         LINE#         38
  C:2C0DH         LINE#         39
  C:2C0DH         LINE#         40
  C:2C33H         LINE#         41
  C:2C5CH         LINE#         42
  C:2C85H         LINE#         43
  C:2CAEH         LINE#         44
  C:2CD7H         LINE#         45
  C:2D00H         LINE#         46
  C:2D29H         LINE#         47
  C:2D52H         LINE#         48
  C:2D7DH         LINE#         49
  C:2DA8H         LINE#         50
  C:2DD3H         LINE#         51
  C:2DFEH         LINE#         52
  C:2E28H         LINE#         53
  C:2E52H         LINE#         54
  C:2E6AH         LINE#         55
  C:2E78H         LINE#         56
  C:2E84H         LINE#         57
  C:2E84H         LINE#         58
  C:2E84H         LINE#         59
  C:2E8AH         LINE#         61
  -------         ENDPROC       _ADC_OPEN
  -------         PROC          ADC_CLOSE
  C:6F00H         LINE#         68
  C:6F00H         LINE#         69
  C:6F00H         LINE#         70
  C:6F06H         LINE#         71
  -------         ENDPROC       ADC_CLOSE
  -------         PROC          _ADC_INITIALCONTINOUS
  X:0739H         SYMBOL        u16ADCRBase
  D:0005H         SYMBOL        u8ADCRLength
  D:0003H         SYMBOL        u8ADCSpeed
  C:6A7DH         LINE#         84
  C:6A85H         LINE#         85
  C:6A85H         LINE#         86
  C:6A88H         LINE#         87
  C:6A8BH         LINE#         88
BL51 BANKED LINKER/LOCATER V6.22.2.0                                                  10/31/2022  08:45:44  PAGE 16


  C:6A91H         LINE#         89
  C:6A95H         LINE#         90
  C:6A9CH         LINE#         91
  C:6A9CH         LINE#         92
  C:6AA3H         LINE#         93
  C:6AA9H         LINE#         94
  C:6AA9H         LINE#         95
  C:6AA9H         LINE#         96
  -------         ENDPROC       _ADC_INITIALCONTINOUS
  -------         PROC          _ADC_SAMPLINGTIME
  D:0007H         SYMBOL        u8ADCDIV
  D:0005H         SYMBOL        u8ADCAQT
  C:6CFBH         LINE#         107
  C:6CFBH         LINE#         108
  C:6CFBH         LINE#         109
  C:6CFEH         LINE#         110
  C:6D01H         LINE#         111
  C:6D0AH         LINE#         112
  C:6D0DH         LINE#         113
  C:6D15H         LINE#         114
  -------         ENDPROC       _ADC_SAMPLINGTIME
  -------         PROC          _ADC_ENABLEHWTRIGGER
  D:0007H         SYMBOL        u8ADCSHWTource
  D:0005H         SYMBOL        u8ADCHWTParam
  D:0003H         SYMBOL        u8ADCHWTDelay
  C:609DH         LINE#         138
  C:609DH         LINE#         139
  C:609DH         LINE#         140
  C:60A0H         LINE#         141
  C:60AEH         LINE#         142
  C:60AEH         LINE#         143
  C:60B3H         LINE#         144
  C:60BBH         LINE#         145
  C:60C3H         LINE#         146
  C:60C9H         LINE#         147
  C:60C9H         LINE#         148
  C:60C9H         LINE#         149
  C:60D7H         LINE#         150
  C:60D7H         LINE#         151
  C:60DCH         LINE#         152
  C:60E4H         LINE#         153
  C:60ECH         LINE#         154
  C:60F2H         LINE#         155
  C:60F2H         LINE#         156
  C:60F2H         LINE#         157
  C:60F6H         LINE#         158
  C:60FCH         LINE#         159
  C:60FFH         LINE#         160
  -------         ENDPROC       _ADC_ENABLEHWTRIGGER
  -------         PROC          ADC_DISABLEHWTRIGGER
  C:6F07H         LINE#         162
  C:6F07H         LINE#         163
  C:6F07H         LINE#         164
  C:6F0DH         LINE#         165
  -------         ENDPROC       ADC_DISABLEHWTRIGGER
  -------         PROC          _ADC_INTERRUPT
  D:0007H         SYMBOL        u8ADCINT
BL51 BANKED LINKER/LOCATER V6.22.2.0                                                  10/31/2022  08:45:44  PAGE 17


  D:0005H         SYMBOL        u8ADCIntSource
  C:6A4FH         LINE#         182
  C:6A4FH         LINE#         183
  C:6A4FH         LINE#         184
  C:6A52H         LINE#         185
  C:6A59H         LINE#         186
  C:6A59H         LINE#         187
  C:6A59H         LINE#         188
  C:6A5CH         LINE#         189
  C:6A5DH         LINE#         191
  C:6A5DH         LINE#         192
  C:6A69H         LINE#         193
  C:6A69H         LINE#         194
  C:6A6EH         LINE#         195
  C:6A76H         LINE#         196
  C:6A79H         LINE#         197
  C:6A79H         LINE#         198
  C:6A79H         LINE#         199
  C:6A7CH         LINE#         200
  C:6A7CH         LINE#         201
  C:6A7CH         LINE#         202
  C:6A7CH         LINE#         203
  -------         ENDPROC       _ADC_INTERRUPT
  -------         PROC          READ_BANDGAP
  -------         DO            
  D:0007H         SYMBOL        BandgapHigh
  D:0005H         SYMBOL        BandgapLow
  D:0006H         SYMBOL        u16bgvalue
  -------         ENDDO         
  C:5D3BH         LINE#         211
  C:5D3BH         LINE#         212
  C:5D3BH         LINE#         215
  C:5D51H         LINE#         216
  C:5D54H         LINE#         217
  C:5D57H         LINE#         218
  C:5D59H         LINE#         219
  C:5D6EH         LINE#         220
  C:5D73H         LINE#         221
  C:5D76H         LINE#         222
  C:5D8CH         LINE#         223
  C:5D8EH         LINE#         224
  C:5D9BH         LINE#         225
  C:5DB1H         LINE#         226
  C:5DB1H         LINE#         227
  -------         ENDPROC       READ_BANDGAP
  -------         PROC          _ADC_VREF_SET
  D:0007H         SYMBOL        u8ADCVref
  D:0005H         SYMBOL        u8ADCVrefPreload
  D:0003H         SYMBOL        u8ADCVrefLevel
  C:4E1BH         LINE#         241
  C:4E1BH         LINE#         242
  C:4E1BH         LINE#         243
  C:4E22H         LINE#         244
  C:4E22H         LINE#         245
  C:4E22H         LINE#         246
  C:4E38H         LINE#         247
  C:4E3AH         LINE#         248
BL51 BANKED LINKER/LOCATER V6.22.2.0                                                  10/31/2022  08:45:44  PAGE 18


  C:4E3AH         LINE#         249
  C:4E50H         LINE#         250
  C:4E50H         LINE#         251
  C:4E50H         LINE#         252
  C:4E50H         LINE#         254
  C:4E57H         LINE#         255
  C:4E57H         LINE#         256
  C:4E57H         LINE#         257
  C:4E6DH         LINE#         258
  C:4E6FH         LINE#         259
  C:4E6FH         LINE#         260
  C:4E85H         LINE#         261
  C:4E85H         LINE#         262
  C:4E85H         LINE#         263
  C:4E85H         LINE#         264
  C:4E96H         LINE#         265
  C:4E96H         LINE#         266
  C:4E96H         LINE#         267
  C:4EA9H         LINE#         268
  C:4EAAH         LINE#         269
  C:4EAAH         LINE#         270
  C:4EC0H         LINE#         271
  C:4EC1H         LINE#         272
  C:4EC1H         LINE#         273
  C:4ED7H         LINE#         274
  C:4ED8H         LINE#         275
  C:4ED8H         LINE#         276
  C:4EEEH         LINE#         277
  C:4EEFH         LINE#         278
  C:4EEFH         LINE#         279
  C:4F05H         LINE#         280
  C:4F05H         LINE#         281
  C:4F05H         LINE#         283
  C:4F05H         LINE#         286
  -------         ENDPROC       _ADC_VREF_SET
  -------         ENDMOD        ADC

  -------         MODULE        GPIO
  C:0000H         SYMBOL        _ICE_DUMMY_
  D:00B1H         PUBLIC        P0M1
  D:00B3H         PUBLIC        P1M1
  D:00B2H         PUBLIC        P0M2
  D:0080H         PUBLIC        P0
  D:00B5H         PUBLIC        P2M1
  D:00B4H         PUBLIC        P1M2
  D:0090H         PUBLIC        P1
  D:00C2H         PUBLIC        P3M1
  D:00B6H         PUBLIC        P2M2
  D:00A0H         PUBLIC        P2
  D:00C3H         PUBLIC        P3M2
  D:00B9H         PUBLIC        P4M1
  D:00B0H         PUBLIC        P3
  D:00BDH         PUBLIC        P5M1
  D:00BAH         PUBLIC        P4M2
  D:00D8H         PUBLIC        P4
  D:009BH         PUBLIC        EIE0
  D:0084H         PUBLIC        P6M1
BL51 BANKED LINKER/LOCATER V6.22.2.0                                                  10/31/2022  08:45:44  PAGE 19


  D:00BEH         PUBLIC        P5M2
  D:0085H         PUBLIC        P6M2
  C:2586H         PUBLIC        _GPIO_EnableInt
  D:00A8H         PUBLIC        IE
  D:00B8H         PUBLIC        IP
  D:008AH         PUBLIC        P0DW
  D:008BH         PUBLIC        P1DW
  D:008CH         PUBLIC        P2DW
  D:008DH         PUBLIC        P3DW
  D:008EH         PUBLIC        P4DW
  D:008FH         PUBLIC        P5DW
  D:008FH         PUBLIC        P6DW
  D:0092H         PUBLIC        P0UP
  D:0093H         PUBLIC        P1UP
  D:0094H         PUBLIC        P2UP
  D:0095H         PUBLIC        P3UP
  D:0096H         PUBLIC        P4UP
  D:0097H         PUBLIC        P5UP
  D:0097H         PUBLIC        P6UP
  D:0098H         PUBLIC        SCON
  D:0088H         PUBLIC        TCON
  D:0091H         PUBLIC        SFRS
  C:4FEEH         PUBLIC        _GPIO_SetMode
  C:57EFH         PUBLIC        _GPIO_Pull_Disable
  D:00C0H         PUBLIC        I2C0CON
  D:00E8H         PUBLIC        I2C1CON
  C:5A45H         PUBLIC        _GPIO_Pull_Enable
  D:00F8H         PUBLIC        S1CON
  D:00C8H         PUBLIC        T2CON
  D:00A1H         PUBLIC        PIPS0
  D:00A2H         PUBLIC        PIPS1
  D:00A3H         PUBLIC        PIPS2
  D:00A4H         PUBLIC        PIPS3
  D:00A5H         PUBLIC        PIPS4
  D:00A6H         PUBLIC        PIPS5
  D:00A7H         PUBLIC        PIPS6
  D:00AFH         PUBLIC        PIPS7
  D:00E9H         PUBLIC        PICON
  D:00D0H         PUBLIC        PSW
  D:00EAH         PUBLIC        PINEN
  D:00EBH         PUBLIC        PIPEN
  -------         PROC          _GPIO_ENABLEINT
  D:0007H         SYMBOL        u8PIT
  D:0005H         SYMBOL        u8IntStatus
  D:0003H         SYMBOL        u8IntMode
  X:06F5H         SYMBOL        u8Port
  X:06F6H         SYMBOL        u8Bit
  C:2586H         LINE#         21
  C:2586H         LINE#         22
  C:2586H         LINE#         23
  C:25C4H         LINE#         24
  C:25C4H         LINE#         25
  C:25CCH         LINE#         26
  C:25D4H         LINE#         27
  C:25DCH         LINE#         28
  C:25E4H         LINE#         29
  C:25ECH         LINE#         30
BL51 BANKED LINKER/LOCATER V6.22.2.0                                                  10/31/2022  08:45:44  PAGE 20


  C:25F4H         LINE#         31
  C:25FCH         LINE#         32
  C:2604H         LINE#         34
  C:260CH         LINE#         35
  C:2614H         LINE#         36
  C:261CH         LINE#         37
  C:2624H         LINE#         38
  C:262CH         LINE#         39
  C:2634H         LINE#         40
  C:263CH         LINE#         41
  C:2642H         LINE#         42
  C:2642H         LINE#         43
  C:2642H         LINE#         44
  C:2698H         LINE#         45
  C:2698H         LINE#         46
  C:26A7H         LINE#         47
  C:26B6H         LINE#         48
  C:26C5H         LINE#         49
  C:26D4H         LINE#         50
  C:26E3H         LINE#         51
  C:26F2H         LINE#         52
  C:2701H         LINE#         53
  C:2710H         LINE#         55
  C:271FH         LINE#         56
  C:272EH         LINE#         57
  C:273DH         LINE#         58
  C:274CH         LINE#         59
  C:275BH         LINE#         60
  C:276AH         LINE#         61
  C:2778H         LINE#         62
  C:2786H         LINE#         64
  C:2794H         LINE#         65
  C:27A2H         LINE#         66
  C:27B0H         LINE#         67
  C:27BEH         LINE#         68
  C:27CCH         LINE#         69
  C:27DAH         LINE#         70
  C:27E8H         LINE#         71
  C:27F4H         LINE#         73
  C:27F4H         LINE#         74
  C:27F4H         LINE#         75
  C:281CH         LINE#         76
  C:281CH         LINE#         77
  C:2832H         LINE#         78
  C:2847H         LINE#         79
  C:285CH         LINE#         80
  C:2871H         LINE#         81
  C:2886H         LINE#         82
  C:289BH         LINE#         83
  C:28B0H         LINE#         84
  C:28C3H         LINE#         85
  C:28C3H         LINE#         86
  C:28C3H         LINE#         87
  C:28C9H         LINE#         88
  -------         ENDPROC       _GPIO_ENABLEINT
  -------         PROC          _GPIO_PULL_ENABLE
  D:0007H         SYMBOL        u8Port
BL51 BANKED LINKER/LOCATER V6.22.2.0                                                  10/31/2022  08:45:44  PAGE 21


  D:0005H         SYMBOL        u8PinMask
  D:0003H         SYMBOL        u8PullMode
  C:5A45H         LINE#         99
  C:5A45H         LINE#         100
  C:5A45H         LINE#         101
  C:5A48H         LINE#         102
  C:5A4FH         LINE#         103
  C:5A4FH         LINE#         104
  C:5A4FH         LINE#         105
  C:5A71H         LINE#         106
  C:5A71H         LINE#         107
  C:5A75H         LINE#         108
  C:5A79H         LINE#         109
  C:5A7DH         LINE#         110
  C:5A81H         LINE#         111
  C:5A85H         LINE#         112
  C:5A89H         LINE#         113
  C:5A8DH         LINE#         114
  C:5A8DH         LINE#         115
  C:5A8EH         LINE#         116
  C:5A8EH         LINE#         117
  C:5AB0H         LINE#         118
  C:5AB0H         LINE#         119
  C:5AB4H         LINE#         120
  C:5AB8H         LINE#         121
  C:5ABCH         LINE#         122
  C:5AC0H         LINE#         123
  C:5AC4H         LINE#         124
  C:5AC8H         LINE#         125
  C:5ACBH         LINE#         126
  C:5ACBH         LINE#         127
  C:5ACBH         LINE#         128
  C:5ACBH         LINE#         129
  -------         ENDPROC       _GPIO_PULL_ENABLE
  -------         PROC          _GPIO_PULL_DISABLE
  D:0007H         SYMBOL        u8Port
  D:0005H         SYMBOL        u8PinMask
  D:0003H         SYMBOL        u8PullMode
  C:57EFH         LINE#         141
  C:57EFH         LINE#         142
  C:57EFH         LINE#         143
  C:57F2H         LINE#         144
  C:57FCH         LINE#         145
  C:57FCH         LINE#         146
  C:57FCH         LINE#         147
  C:5821H         LINE#         148
  C:5821H         LINE#         149
  C:5826H         LINE#         150
  C:582BH         LINE#         151
  C:5830H         LINE#         152
  C:5835H         LINE#         153
  C:583AH         LINE#         154
  C:583FH         LINE#         155
  C:5844H         LINE#         156
  C:5844H         LINE#         157
  C:5845H         LINE#         158
  C:5845H         LINE#         159
BL51 BANKED LINKER/LOCATER V6.22.2.0                                                  10/31/2022  08:45:44  PAGE 22


  C:5867H         LINE#         160
  C:5867H         LINE#         161
  C:586CH         LINE#         162
  C:5871H         LINE#         163
  C:5876H         LINE#         164
  C:587BH         LINE#         165
  C:5880H         LINE#         166
  C:5885H         LINE#         167
  C:5889H         LINE#         168
  C:5889H         LINE#         169
  C:5889H         LINE#         170
  C:5889H         LINE#         171
  -------         ENDPROC       _GPIO_PULL_DISABLE
  -------         PROC          _GPIO_SETMODE
  X:0702H         SYMBOL        u8Port
  D:0001H         SYMBOL        u8PinMask
  D:0003H         SYMBOL        u8Mode
  -------         DO            
  D:0004H         SYMBOL        u8PnM1
  D:0006H         SYMBOL        u8PnM2
  -------         ENDDO         
  C:4FEEH         LINE#         183
  C:4FF5H         LINE#         184
  C:4FF5H         LINE#         187
  C:4FF8H         LINE#         188
  C:501AH         LINE#         189
  C:501AH         LINE#         190
  C:5020H         LINE#         191
  C:5026H         LINE#         192
  C:502CH         LINE#         193
  C:5032H         LINE#         194
  C:5038H         LINE#         195
  C:503EH         LINE#         196
  C:5042H         LINE#         197
  C:5042H         LINE#         198
  C:5050H         LINE#         199
  C:5050H         LINE#         200
  C:5050H         LINE#         201
  C:5055H         LINE#         202
  C:5058H         LINE#         203
  C:505AH         LINE#         204
  C:505AH         LINE#         205
  C:505EH         LINE#         206
  C:5061H         LINE#         207
  C:5063H         LINE#         208
  C:5063H         LINE#         209
  C:5066H         LINE#         210
  C:506AH         LINE#         211
  C:506CH         LINE#         212
  C:506CH         LINE#         213
  C:506FH         LINE#         214
  C:5072H         LINE#         215
  C:5072H         LINE#         216
  C:5072H         LINE#         217
  C:5097H         LINE#         218
  C:5097H         LINE#         219
  C:509DH         LINE#         220
BL51 BANKED LINKER/LOCATER V6.22.2.0                                                  10/31/2022  08:45:44  PAGE 23


  C:50A3H         LINE#         221
  C:50A9H         LINE#         222
  C:50AFH         LINE#         223
  C:50B5H         LINE#         224
  C:50BBH         LINE#         225
  C:50BFH         LINE#         226
  C:50BFH         LINE#         227
  C:50C2H         LINE#         229
  -------         ENDPROC       _GPIO_SETMODE
  -------         ENDMOD        GPIO

  -------         MODULE        I2C
  C:0000H         SYMBOL        _ICE_DUMMY_
  D:0080H         PUBLIC        P0
  D:0090H         PUBLIC        P1
  D:00A0H         PUBLIC        P2
  D:00B0H         PUBLIC        P3
  D:00D8H         PUBLIC        P4
  D:009BH         PUBLIC        EIE0
  D:009CH         PUBLIC        EIE1
  C:6D61H         PUBLIC        _I2C_DisableInt
  D:00A8H         PUBLIC        IE
  C:6D49H         PUBLIC        _I2C_EnableInt
  C:6DCCH         PUBLIC        _I2C_Close
  D:00B8H         PUBLIC        IP
  C:6E25H         PUBLIC        _I2C_SLAVE_ADDRESS_MASK_ENABLE
  D:00BDH         PUBLIC        I2C0STAT
  D:00B4H         PUBLIC        I2C1STAT
  C:5EFBH         PUBLIC        _I2C_Open
  D:0098H         PUBLIC        SCON
  D:0088H         PUBLIC        TCON
  D:00C1H         PUBLIC        I2C0ADDR0
  D:00A1H         PUBLIC        I2C0ADDR1
  D:00B2H         PUBLIC        I2C1ADDR0
  D:00A4H         PUBLIC        I2C1ADDR1
  D:00A2H         PUBLIC        I2C0ADDR2
  D:00A5H         PUBLIC        I2C1ADDR2
  D:00A3H         PUBLIC        I2C0ADDR3
  D:0091H         PUBLIC        SFRS
  D:00A6H         PUBLIC        I2C1ADDR3
  C:6DF0H         PUBLIC        _I2C_DisableTimeout
  C:6DA6H         PUBLIC        _I2C_GetStatus
  D:00BEH         PUBLIC        I2C0CLK
  D:00B5H         PUBLIC        I2C1CLK
  D:00C0H         PUBLIC        I2C0CON
  D:00E8H         PUBLIC        I2C1CON
  D:00BFH         PUBLIC        I2C0TOC
  C:6DDEH         PUBLIC        _I2C_EnableTimeout
  D:00B6H         PUBLIC        I2C1TOC
  C:6329H         PUBLIC        _I2C_SetSlaveAddrMask
  D:00CFH         PUBLIC        I2C0ADDRM
  D:00D7H         PUBLIC        I2C1ADDRM
  D:00F8H         PUBLIC        S1CON
  D:00C8H         PUBLIC        T2CON
  C:6DB9H         PUBLIC        _I2C_SLAVE_ADDRESS_MASK_DISABLE
  C:6E02H         PUBLIC        _I2C_ClearTimeoutFlag
  D:00D0H         PUBLIC        PSW
BL51 BANKED LINKER/LOCATER V6.22.2.0                                                  10/31/2022  08:45:44  PAGE 24


  -------         PROC          _I2C_OPEN
  D:0007H         SYMBOL        u8I2CSel
  X:0706H         SYMBOL        u32SYSCLK
  X:070AH         SYMBOL        u32I2CCLK
  C:5EFBH         LINE#         21
  C:5EFBH         LINE#         22
  C:5EFBH         LINE#         23
  C:5EFEH         LINE#         24
  C:5F05H         LINE#         25
  C:5F05H         LINE#         26
  C:5F35H         LINE#         27
  C:5F64H         LINE#         28
  C:5F64H         LINE#         29
  -------         ENDPROC       _I2C_OPEN
  -------         PROC          _I2C_CLOSE
  D:0007H         SYMBOL        u8I2CSel
  C:6DCCH         LINE#         36
  C:6DCCH         LINE#         37
  C:6DCCH         LINE#         38
  C:6DCFH         LINE#         39
  C:6DD6H         LINE#         40
  C:6DD6H         LINE#         41
  C:6DDAH         LINE#         42
  C:6DDDH         LINE#         43
  C:6DDDH         LINE#         44
  -------         ENDPROC       _I2C_CLOSE
  -------         PROC          _I2C_ENABLEINT
  D:0007H         SYMBOL        u8I2CSel
  C:6D49H         LINE#         51
  C:6D49H         LINE#         52
  C:6D49H         LINE#         53
  C:6D4CH         LINE#         54
  C:6D53H         LINE#         55
  C:6D53H         LINE#         56
  C:6D5AH         LINE#         57
  C:6D60H         LINE#         58
  C:6D60H         LINE#         59
  -------         ENDPROC       _I2C_ENABLEINT
  -------         PROC          _I2C_DISABLEINT
  D:0007H         SYMBOL        u8I2CSel
  C:6D61H         LINE#         66
  C:6D61H         LINE#         67
  C:6D61H         LINE#         68
  C:6D64H         LINE#         69
  C:6D6BH         LINE#         70
  C:6D6BH         LINE#         71
  C:6D72H         LINE#         72
  C:6D78H         LINE#         73
  C:6D78H         LINE#         74
  -------         ENDPROC       _I2C_DISABLEINT
  -------         PROC          _I2C_GETSTATUS
  D:0007H         SYMBOL        u8I2CSel
  -------         DO            
  D:0006H         SYMBOL        u8i2cstat
  -------         ENDDO         
  C:6DA6H         LINE#         82
  C:6DA6H         LINE#         83
BL51 BANKED LINKER/LOCATER V6.22.2.0                                                  10/31/2022  08:45:44  PAGE 25


  C:6DA6H         LINE#         85
  C:6DA9H         LINE#         86
  C:6DB0H         LINE#         87
  C:6DB0H         LINE#         88
  C:6DB4H         LINE#         89
  C:6DB6H         LINE#         90
  C:6DB6H         LINE#         91
  C:6DB8H         LINE#         92
  -------         ENDPROC       _I2C_GETSTATUS
  -------         PROC          _I2C_SETSLAVEADDRMASK
  D:0007H         SYMBOL        u8I2CSel
  D:0005H         SYMBOL        u8SlaveNo
  D:0003H         SYMBOL        u8SlaveAddrMask
  C:6329H         LINE#         104
  C:6329H         LINE#         105
  C:6329H         LINE#         106
  C:6330H         LINE#         107
  C:6330H         LINE#         108
  C:6330H         LINE#         109
  C:633EH         LINE#         110
  C:633EH         LINE#         111
  C:6345H         LINE#         112
  C:634CH         LINE#         113
  C:6353H         LINE#         114
  C:6358H         LINE#         115
  C:6358H         LINE#         116
  C:6358H         LINE#         117
  C:6366H         LINE#         118
  C:6366H         LINE#         119
  C:636CH         LINE#         120
  C:6372H         LINE#         121
  C:6378H         LINE#         122
  C:637FH         LINE#         123
  C:637FH         LINE#         124
  C:637FH         LINE#         125
  C:637FH         LINE#         126
  -------         ENDPROC       _I2C_SETSLAVEADDRMASK
  -------         PROC          _I2C_ENABLETIMEOUT
  D:0007H         SYMBOL        u8I2CSel
  C:6DDEH         LINE#         136
  C:6DDEH         LINE#         137
  C:6DDEH         LINE#         138
  C:6DE1H         LINE#         139
  C:6DE8H         LINE#         140
  C:6DE8H         LINE#         141
  C:6DECH         LINE#         142
  C:6DEFH         LINE#         143
  C:6DEFH         LINE#         144
  -------         ENDPROC       _I2C_ENABLETIMEOUT
  -------         PROC          _I2C_DISABLETIMEOUT
  D:0007H         SYMBOL        u8I2CSel
  C:6DF0H         LINE#         153
  C:6DF0H         LINE#         154
  C:6DF0H         LINE#         155
  C:6DF3H         LINE#         156
  C:6DFAH         LINE#         157
  C:6DFAH         LINE#         158
BL51 BANKED LINKER/LOCATER V6.22.2.0                                                  10/31/2022  08:45:44  PAGE 26


  C:6DFEH         LINE#         159
  C:6E01H         LINE#         160
  C:6E01H         LINE#         161
  -------         ENDPROC       _I2C_DISABLETIMEOUT
  -------         PROC          _I2C_CLEARTIMEOUTFLAG
  D:0007H         SYMBOL        u8I2CSel
  C:6E02H         LINE#         163
  C:6E02H         LINE#         164
  C:6E02H         LINE#         165
  C:6E05H         LINE#         166
  C:6E0CH         LINE#         167
  C:6E0CH         LINE#         168
  C:6E10H         LINE#         169
  C:6E13H         LINE#         170
  C:6E13H         LINE#         171
  C:6E13H         LINE#         172
  -------         ENDPROC       _I2C_CLEARTIMEOUTFLAG
  -------         PROC          _I2C_SLAVE_ADDRESS_MASK_ENABLE
  D:0007H         SYMBOL        u8I2CSel
  D:0005H         SYMBOL        u8I2CAddMaskBit
  C:6E25H         LINE#         182
  C:6E25H         LINE#         183
  C:6E25H         LINE#         184
  C:6E28H         LINE#         185
  C:6E2FH         LINE#         186
  C:6E2FH         LINE#         187
  C:6E32H         LINE#         188
  C:6E35H         LINE#         189
  C:6E35H         LINE#         190
  C:6E35H         LINE#         191
  -------         ENDPROC       _I2C_SLAVE_ADDRESS_MASK_ENABLE
  -------         PROC          _I2C_SLAVE_ADDRESS_MASK_DISABLE
  D:0007H         SYMBOL        u8I2CSLVSEL
  D:0005H         SYMBOL        u8I2CAddMaskBit
  C:6DB9H         LINE#         201
  C:6DB9H         LINE#         202
  C:6DB9H         LINE#         203
  C:6DBCH         LINE#         204
  C:6DC3H         LINE#         205
  C:6DC3H         LINE#         206
  C:6DC7H         LINE#         207
  C:6DCBH         LINE#         208
  C:6DCBH         LINE#         209
  C:6DCBH         LINE#         210
  -------         ENDPROC       _I2C_SLAVE_ADDRESS_MASK_DISABLE
  -------         ENDMOD        I2C

  -------         MODULE        UART3
  C:0000H         SYMBOL        _ICE_DUMMY_
  D:00DBH         PUBLIC        SC1ETURD0
  D:00DCH         PUBLIC        SC1ETURD1
  D:0080H         PUBLIC        P0
  D:0090H         PUBLIC        P1
  D:00A0H         PUBLIC        P2
  D:00B0H         PUBLIC        P3
  D:00D8H         PUBLIC        P4
  D:00E6H         PUBLIC        SC1CR0
BL51 BANKED LINKER/LOCATER V6.22.2.0                                                  10/31/2022  08:45:44  PAGE 27


  D:00A8H         PUBLIC        IE
  D:00E7H         PUBLIC        SC1CR1
  D:00B8H         PUBLIC        IP
  D:0098H         PUBLIC        SCON
  D:0088H         PUBLIC        TCON
  C:009EH         PUBLIC        _UART3_Send_Data
  D:0091H         PUBLIC        SFRS
  D:00DFH         PUBLIC        SC1TSR
  D:00C0H         PUBLIC        I2C0CON
  D:00E8H         PUBLIC        I2C1CON
  X:073EH         PUBLIC        uart3rvbuffer
  D:00D9H         PUBLIC        SC1DR
  C:6CC3H         PUBLIC        SMC1_ISR
  D:00F8H         PUBLIC        S1CON
  C:53D3H         PUBLIC        _UART3_Open
  D:00C8H         PUBLIC        T2CON
  C:007EH         PUBLIC        UART3_Receive_Data
  B:0020H.6       PUBLIC        uart3rvflag
  D:00D0H         PUBLIC        PSW
  -------         PROC          SMC1_ISR
  C:6CC3H         LINE#         19
  C:6CC9H         LINE#         21
  C:6CCBH         LINE#         22
  C:6CCEH         LINE#         23
  C:6CD0H         LINE#         24
  C:6CD6H         LINE#         25
  C:6CD8H         LINE#         26
  -------         ENDPROC       SMC1_ISR
  -------         PROC          _UART3_OPEN
  X:0716H         SYMBOL        u32SysClock
  X:071AH         SYMBOL        u32Baudrate
  C:53D3H         LINE#         35
  C:53D9H         LINE#         36
  C:53D9H         LINE#         37
  C:53DFH         LINE#         38
  C:53E5H         LINE#         39
  C:53EBH         LINE#         40
  C:53F1H         LINE#         41
  C:53F7H         LINE#         42
  C:5433H         LINE#         43
  C:5436H         LINE#         44
  C:5477H         LINE#         45
  C:547DH         LINE#         46
  C:5480H         LINE#         47
  C:5486H         LINE#         48
  -------         ENDPROC       _UART3_OPEN
  -------         PROC          UART3_RECEIVE_DATA
  -------         DO            
  D:0007H         SYMBOL        c
  -------         ENDDO         
  C:007EH         LINE#         57
  C:007EH         LINE#         58
  C:007EH         LINE#         61
  C:0084H         LINE#         62
  C:0098H         LINE#         63
  C:009AH         LINE#         65
  C:009AH         LINE#         66
BL51 BANKED LINKER/LOCATER V6.22.2.0                                                  10/31/2022  08:45:44  PAGE 28


  -------         ENDPROC       UART3_RECEIVE_DATA
  -------         PROC          _UART3_SEND_DATA
  D:0007H         SYMBOL        c
  C:009EH         LINE#         75
  C:009EH         LINE#         76
  C:009EH         LINE#         77
  C:00A4H         LINE#         78
  C:00A6H         LINE#         79
  C:00ABH         LINE#         80
  C:00B1H         LINE#         81
  -------         ENDPROC       _UART3_SEND_DATA
  -------         ENDMOD        UART3

  -------         MODULE        UART
  C:0000H         SYMBOL        _ICE_DUMMY_
  D:0080H         PUBLIC        P0
  D:0090H         PUBLIC        P1
  D:00C2H         PUBLIC        P3M1
  D:00A0H         PUBLIC        P2
  D:00C3H         PUBLIC        P3M2
  D:00B0H         PUBLIC        P3
  D:00D8H         PUBLIC        P4
  D:009CH         PUBLIC        EIE1
  C:6BC7H         PUBLIC        _UART_Send_Data
  B:0020H.0       PUBLIC        UART0PRINTFG
  B:0020H.1       PUBLIC        UART1PRINTFG
  D:00A8H         PUBLIC        IE
  D:00B8H         PUBLIC        IP
  B:0098H.0       PUBLIC        RI
  B:0098H.1       PUBLIC        TI
  C:6AAAH         PUBLIC        _UART_Interrupt_Enable
  C:6962H         PUBLIC        Enable_UART0_VCOM_printf
  B:00F8H.0       PUBLIC        RI_1
  B:00F8H.1       PUBLIC        TI_1
  D:0099H         PUBLIC        SBUF
  D:0087H         PUBLIC        PCON
  C:4171H         PUBLIC        _UART_Open
  D:0098H         PUBLIC        SCON
  X:073BH         PUBLIC        uart0_receive_data
  B:0020H.2       PUBLIC        uart0_receive_flag
  D:0089H         PUBLIC        TMOD
  D:0088H         PUBLIC        TCON
  X:073CH         PUBLIC        uart1_receive_data
  B:0020H.3       PUBLIC        uart1_receive_flag
  C:6C68H         PUBLIC        UART0_ISR
  D:0091H         PUBLIC        SFRS
  C:6C87H         PUBLIC        _UART_Receive_Data
  D:00C6H         PUBLIC        RH3
  D:008DH         PUBLIC        TH1
  D:00C0H         PUBLIC        I2C0CON
  D:00E8H         PUBLIC        I2C1CON
  D:00C5H         PUBLIC        RL3
  D:009AH         PUBLIC        SBUF1
  D:00F8H         PUBLIC        S1CON
  D:00C8H         PUBLIC        T2CON
  D:00C4H         PUBLIC        T3CON
  D:008EH         PUBLIC        CKCON
BL51 BANKED LINKER/LOCATER V6.22.2.0                                                  10/31/2022  08:45:44  PAGE 29


  D:00F6H         PUBLIC        P3MF10
  D:00D0H         PUBLIC        PSW
  -------         PROC          ENABLE_UART0_VCOM_PRINTF
  C:6962H         LINE#         20
  C:6962H         LINE#         21
  C:6962H         LINE#         26
  C:696BH         LINE#         27
  C:6974H         LINE#         28
  C:698DH         LINE#         29
  C:6992H         LINE#         30
  -------         ENDPROC       ENABLE_UART0_VCOM_PRINTF
  -------         PROC          UART0_ISR
  C:6C68H         LINE#         40
  C:6C6EH         LINE#         42
  C:6C70H         LINE#         43
  C:6C73H         LINE#         44
  C:6C73H         LINE#         45
  C:6C75H         LINE#         46
  C:6C7BH         LINE#         47
  C:6C7EH         LINE#         48
  C:6C7EH         LINE#         49
  C:6C7EH         LINE#         50
  C:6C7EH         LINE#         53
  C:6C7EH         LINE#         54
  C:6C80H         LINE#         55
  -------         ENDPROC       UART0_ISR
  -------         PROC          _UART_OPEN
  X:06F2H         SYMBOL        u32SysClock
  X:06F6H         SYMBOL        u8UARTPort
  X:06F7H         SYMBOL        u32Baudrate
  C:4171H         LINE#         73
  C:4177H         LINE#         74
  C:4177H         LINE#         75
  C:4196H         LINE#         76
  C:4196H         LINE#         77
  C:4196H         LINE#         78
  C:4196H         LINE#         79
  C:4199H         LINE#         80
  C:419CH         LINE#         81
  C:419FH         LINE#         82
  C:41A2H         LINE#         83
  C:41A7H         LINE#         84
  C:41ACH         LINE#         85
  C:41D8H         LINE#         86
  C:41DBH         LINE#         87
  C:41DCH         LINE#         88
  C:41DCH         LINE#         89
  C:41DFH         LINE#         90
  C:41E2H         LINE#         91
  C:41E5H         LINE#         92
  C:41E8H         LINE#         93
  C:41EDH         LINE#         94
  C:4229H         LINE#         95
  C:4263H         LINE#         96
  C:4268H         LINE#         97
  C:4269H         LINE#         98
  C:4269H         LINE#         99
BL51 BANKED LINKER/LOCATER V6.22.2.0                                                  10/31/2022  08:45:44  PAGE 30


  C:4269H         LINE#         100
  C:426CH         LINE#         101
  C:426FH         LINE#         102
  C:4272H         LINE#         103
  C:42AEH         LINE#         104
  C:42E8H         LINE#         105
  C:42EDH         LINE#         106
  C:42EDH         LINE#         108
  C:42EDH         LINE#         109
  -------         ENDPROC       _UART_OPEN
  -------         PROC          _UART_RECEIVE_DATA
  D:0007H         SYMBOL        UARTPort
  -------         DO            
  D:0006H         SYMBOL        c
  -------         ENDDO         
  C:6C87H         LINE#         113
  C:6C87H         LINE#         114
  C:6C87H         LINE#         116
  C:6C8AH         LINE#         117
  C:6C92H         LINE#         118
  C:6C92H         LINE#         119
  C:6C92H         LINE#         120
  C:6C95H         LINE#         121
  C:6C97H         LINE#         122
  C:6C99H         LINE#         123
  C:6C9BH         LINE#         124
  C:6C9BH         LINE#         125
  C:6C9EH         LINE#         126
  C:6CA0H         LINE#         127
  C:6CA2H         LINE#         128
  C:6CA2H         LINE#         129
  C:6CA2H         LINE#         130
  C:6CA4H         LINE#         131
  -------         ENDPROC       _UART_RECEIVE_DATA
  -------         PROC          _UART_SEND_DATA
  D:0007H         SYMBOL        UARTPort
  D:0005H         SYMBOL        c
  C:6BC7H         LINE#         135
  C:6BC7H         LINE#         136
  C:6BC7H         LINE#         137
  C:6BCAH         LINE#         138
  C:6BD2H         LINE#         139
  C:6BD2H         LINE#         140
  C:6BD2H         LINE#         141
  C:6BD4H         LINE#         142
  C:6BD6H         LINE#         143
  C:6BD9H         LINE#         144
  C:6BDBH         LINE#         145
  C:6BDCH         LINE#         146
  C:6BDCH         LINE#         147
  C:6BDEH         LINE#         148
  C:6BE2H         LINE#         149
  C:6BE5H         LINE#         150
  C:6BE7H         LINE#         151
  C:6BE7H         LINE#         152
  C:6BE7H         LINE#         153
  -------         ENDPROC       _UART_SEND_DATA
BL51 BANKED LINKER/LOCATER V6.22.2.0                                                  10/31/2022  08:45:44  PAGE 31


  -------         PROC          _UART_INTERRUPT_ENABLE
  D:0007H         SYMBOL        u8UARTPort
  D:0005H         SYMBOL        u8UARTINTStatus
  C:6AAAH         LINE#         164
  C:6AAAH         LINE#         165
  C:6AAAH         LINE#         166
  C:6AB2H         LINE#         167
  C:6AB2H         LINE#         168
  C:6AB2H         LINE#         169
  C:6AB9H         LINE#         170
  C:6AB9H         LINE#         171
  C:6ABDH         LINE#         172
  C:6AC1H         LINE#         173
  C:6AC1H         LINE#         174
  C:6AC2H         LINE#         175
  C:6AC2H         LINE#         176
  C:6AC9H         LINE#         177
  C:6AC9H         LINE#         178
  C:6AD0H         LINE#         179
  C:6AD6H         LINE#         180
  C:6AD6H         LINE#         181
  C:6AD6H         LINE#         182
  C:6AD6H         LINE#         183
  -------         ENDPROC       _UART_INTERRUPT_ENABLE
  -------         ENDMOD        UART

  -------         MODULE        PWM0
  C:0000H         SYMBOL        _ICE_DUMMY_
  D:0080H         PUBLIC        P0
  D:0090H         PUBLIC        P1
  D:00A0H         PUBLIC        P2
  D:00B0H         PUBLIC        P3
  D:00D8H         PUBLIC        P4
  B:00A8H.7       PUBLIC        EA
  D:00A8H         PUBLIC        IE
  D:00C7H         PUBLIC        TA
  D:00B8H         PUBLIC        IP
  D:00FAH         PUBLIC        PWM0DTCNT
  D:0098H         PUBLIC        SCON
  C:36A0H         PUBLIC        _PWM0_ConfigOutputChannel
  D:0088H         PUBLIC        TCON
  D:00D1H         PUBLIC        PWM0CON0
  D:00DFH         PUBLIC        PWM0CON1
  D:009DH         PUBLIC        PWM1CON1
  D:00D1H         PUBLIC        PWM0PH
  D:0091H         PUBLIC        SFRS
  D:00D9H         PUBLIC        PWM0PL
  D:00E0H         PUBLIC        ACC
  C:6F15H         PUBLIC        PWM0_STOP
  D:00C0H         PUBLIC        I2C0CON
  D:00E8H         PUBLIC        I2C1CON
  D:00F9H         PUBLIC        PWM0DTEN
  C:61C0H         PUBLIC        _PWM0_DeadZoneEnable
  D:00D2H         PUBLIC        PWM0C0H
  D:00D3H         PUBLIC        PWM0C1H
  D:00D4H         PUBLIC        PWM0C2H
  D:00D5H         PUBLIC        PWM0C3H
BL51 BANKED LINKER/LOCATER V6.22.2.0                                                  10/31/2022  08:45:44  PAGE 32


  D:00DAH         PUBLIC        PWM0C0L
  D:00C4H         PUBLIC        PWM0C4H
  D:00F8H         PUBLIC        S1CON
  D:00DBH         PUBLIC        PWM0C1L
  D:00C5H         PUBLIC        PWM0C5H
  D:00DCH         PUBLIC        PWM0C2L
  D:00C8H         PUBLIC        T2CON
  D:00DDH         PUBLIC        PWM0C3L
  C:6E36H         PUBLIC        PWM0_DeadZone_ALL_Disable
  D:00CCH         PUBLIC        PWM0C4L
  D:00CDH         PUBLIC        PWM0C5L
  C:5DB2H         PUBLIC        _PWM0_ClockSource
  C:5E20H         PUBLIC        _PWM1_ClockSource
  D:008EH         PUBLIC        CKCON
  D:00D0H         PUBLIC        PSW
  C:6F0EH         PUBLIC        PWM0_RUN
  -------         PROC          _PWM0_CLOCKSOURCE
  D:0007H         SYMBOL        u8PWMCLKSource
  D:0005H         SYMBOL        u8PWM0CLKDIV
  C:5DB2H         LINE#         25
  C:5DB2H         LINE#         26
  C:5DB2H         LINE#         27
  C:5DB9H         LINE#         28
  C:5DB9H         LINE#         29
  C:5DC1H         LINE#         30
  C:5DC7H         LINE#         31
  C:5DC7H         LINE#         32
  C:5DCAH         LINE#         33
  C:5DEBH         LINE#         34
  C:5DEBH         LINE#         35
  C:5DEFH         LINE#         36
  C:5DF6H         LINE#         37
  C:5DFDH         LINE#         38
  C:5E04H         LINE#         39
  C:5E0BH         LINE#         40
  C:5E12H         LINE#         41
  C:5E19H         LINE#         42
  C:5E1FH         LINE#         43
  C:5E1FH         LINE#         44
  -------         ENDPROC       _PWM0_CLOCKSOURCE
  -------         PROC          _PWM0_CONFIGOUTPUTCHANNEL
  D:0007H         SYMBOL        u8PWM0ChannelNum
  D:0005H         SYMBOL        u8PWM0OPMode
  D:0003H         SYMBOL        u8PWM0PwmType
  X:06F6H         SYMBOL        u32PWM0Frequency
  X:06FAH         SYMBOL        u16PWM0DutyCycle
  C:36A0H         LINE#         57
  C:36A0H         LINE#         62
  C:36A0H         LINE#         63
  C:36A3H         LINE#         64
  C:36AEH         LINE#         65
  C:36AEH         LINE#         66
  C:36B3H         LINE#         67
  C:36BBH         LINE#         68
  C:36C1H         LINE#         69
  C:36C1H         LINE#         70
  C:36C8H         LINE#         71
BL51 BANKED LINKER/LOCATER V6.22.2.0                                                  10/31/2022  08:45:44  PAGE 33


  C:36C8H         LINE#         72
  C:36CDH         LINE#         73
  C:36D0H         LINE#         74
  C:36D0H         LINE#         75
  C:36F3H         LINE#         76
  C:36F3H         LINE#         77
  C:3749H         LINE#         78
  C:379FH         LINE#         79
  C:37F5H         LINE#         80
  C:384BH         LINE#         81
  C:38A0H         LINE#         82
  C:38F3H         LINE#         83
  C:38F3H         LINE#         84
  C:3908H         LINE#         85
  C:3914H         LINE#         86
  -------         ENDPROC       _PWM0_CONFIGOUTPUTCHANNEL
[...]


  -------         PROC          RF_INIT
  C:5F65H         LINE#         183
  C:5F65H         LINE#         184
  C:5F65H         LINE#         186
  C:5F68H         LINE#         187
  C:5F6DH         LINE#         189
  C:5F70H         LINE#         190
  C:5F75H         LINE#         193
  C:5F77H         LINE#         195
  C:5F7DH         LINE#         196
  C:5F86H         LINE#         197
  C:5F8FH         LINE#         198
  C:5FA1H         LINE#         200
  C:5FA4H         LINE#         201
  C:5FA7H         LINE#         203
  C:5FAAH         LINE#         204
  C:5FADH         LINE#         205
  C:5FB4H         LINE#         207
  C:5FB6H         LINE#         208
  C:5FB9H         LINE#         209
  C:5FBCH         LINE#         210
  C:5FBFH         LINE#         211
  C:5FC2H         LINE#         212
  C:5FC7H         LINE#         213
  C:5FCDH         LINE#         214
  -------         ENDPROC       RF_INIT
  -------         PROC          RESETLVRF
  -------         DO            
  X:06F2H         SYMBOL        a
  -------         ENDDO         
  C:6859H         LINE#         221
  C:6859H         LINE#         222
  C:6859H         LINE#         223
  C:685EH         LINE#         224
  C:6864H         LINE#         225
  C:6864H         LINE#         226
  C:686EH         LINE#         227
  C:6873H         LINE#         228
  C:6878H         LINE#         229
  C:6882H         LINE#         230
  C:6887H         LINE#         231
  C:688CH         LINE#         232
  C:688EH         LINE#         233
  -------         ENDPROC       RESETLVRF
  -------         PROC          BC3602_CONFIG
  -------         DO            
  X:06F2H         SYMBOL        a
  -------         ENDDO         
  C:472CH         LINE#         241
  C:472CH         LINE#         242
  C:472CH         LINE#         243
  C:4731H         LINE#         245
  C:4760H         LINE#         247
  C:4793H         LINE#         249
  C:47C6H         LINE#         252
  C:47CBH         LINE#         253
  C:47FEH         LINE#         255
BL51 BANKED LINKER/LOCATER V6.22.2.0                                                  10/31/2022  08:45:44  PAGE 102


  C:4803H         LINE#         256
  C:4836H         LINE#         258
  C:483BH         LINE#         259
  C:486EH         LINE#         260
  C:4873H         LINE#         261
  -------         ENDPROC       BC3602_CONFIG
  -------         PROC          _RFWRITEBUF
  D:0007H         SYMBOL        CMD
  X:06F2H         SYMBOL        length
  X:06F3H         SYMBOL        Data
  -------         DO            
  X:06F6H         SYMBOL        a
  -------         ENDDO         
  C:665CH         LINE#         269
  C:666AH         LINE#         270
  C:666AH         LINE#         273
  C:666CH         LINE#         274
  C:666FH         LINE#         275
  C:66A1H         LINE#         277
  C:66A3H         LINE#         278
  -------         ENDPROC       _RFWRITEBUF
  -------         PROC          RFWRITESYNCWORD
  -------         DO            
  D:0007H         SYMBOL        a
  -------         ENDDO         
  C:68C4H         LINE#         286
  C:68C4H         LINE#         287
  C:68C4H         LINE#         328
  C:68D0H         LINE#         329
  C:68EBH         LINE#         330
  C:68F8H         LINE#         334
  -------         ENDPROC       RFWRITESYNCWORD
  -------         PROC          _DATA_PROCESS
  D:0001H         SYMBOL        FIFO
  C:6D30H         LINE#         341
  C:6D30H         LINE#         342
  C:6D30H         LINE#         343
  C:6D37H         LINE#         344
  C:6D3CH         LINE#         348
  C:6D43H         LINE#         349
  C:6D48H         LINE#         350
  -------         ENDPROC       _DATA_PROCESS
  -------         PROC          _KEY_BC3602
  D:0007H         SYMBOL        key_status
  C:5C49H         LINE#         357
  C:5C49H         LINE#         358
  C:5C49H         LINE#         359
  C:5C58H         LINE#         360
  C:5C58H         LINE#         361
  C:5C58H         LINE#         362
  C:5C5EH         LINE#         363
  C:5C66H         LINE#         364
  C:5C6BH         LINE#         365
  C:5C71H         LINE#         366
  C:5C72H         LINE#         368
  C:5C72H         LINE#         369
  C:5C78H         LINE#         370
BL51 BANKED LINKER/LOCATER V6.22.2.0                                                  10/31/2022  08:45:44  PAGE 103


  C:5C81H         LINE#         371
  C:5C86H         LINE#         372
  C:5C8CH         LINE#         373
  C:5C8DH         LINE#         375
  C:5C8DH         LINE#         376
  C:5C93H         LINE#         377
  C:5C9CH         LINE#         378
  C:5CA1H         LINE#         379
  C:5CA7H         LINE#         380
  C:5CA8H         LINE#         382
  C:5CA8H         LINE#         383
  C:5CAEH         LINE#         384
  C:5CB7H         LINE#         385
  C:5CBCH         LINE#         386
  C:5CC2H         LINE#         387
  C:5CC2H         LINE#         389
  C:5CC2H         LINE#         390
  C:5CC2H         LINE#         391
  C:5CC2H         LINE#         392
  -------         ENDPROC       _KEY_BC3602
  -------         PROC          PININTERRUPT_ISR
  C:6A20H         LINE#         394
  C:6A2DH         LINE#         396
  C:6A2FH         LINE#         398
  C:6A32H         LINE#         399
  C:6A38H         LINE#         400
  C:6A38H         LINE#         401
  C:6A38H         LINE#         402
  C:6A3FH         LINE#         403
  C:6A3FH         LINE#         404
  C:6A3FH         LINE#         405
  C:6A3FH         LINE#         406
  C:6A3FH         LINE#         407
  C:6A42H         LINE#         409
  C:6A44H         LINE#         410
  -------         ENDPROC       PININTERRUPT_ISR
  -------         PROC          GET_RF_MODE
  C:6F77H         LINE#         412
  C:6F77H         LINE#         413
  C:6F77H         LINE#         414
  C:6F7CH         LINE#         415
  -------         ENDPROC       GET_RF_MODE
  -------         PROC          _WRITEFIFO
  X:06FBH         SYMBOL        rf_fifo
  X:06FEH         SYMBOL        payload_length
  -------         DO            
  X:06FFH         SYMBOL        a
  -------         ENDDO         
  C:6573H         LINE#         424
  C:6581H         LINE#         425
  C:6581H         LINE#         426
  C:6584H         LINE#         427
  C:6586H         LINE#         428
  C:658BH         LINE#         429
  C:659BH         LINE#         430
  C:659BH         LINE#         431
  C:65ADH         LINE#         432
BL51 BANKED LINKER/LOCATER V6.22.2.0                                                  10/31/2022  08:45:44  PAGE 104


  C:65B7H         LINE#         433
  C:65BFH         LINE#         434
  C:65C1H         LINE#         435
  -------         ENDPROC       _WRITEFIFO
  -------         PROC          _READFIFO
  X:06FBH         SYMBOL        rf_fifo
  X:06FEH         SYMBOL        length
  -------         DO            
  X:06FFH         SYMBOL        a
  -------         ENDDO         
  C:65C2H         LINE#         442
  C:65D0H         LINE#         443
  C:65D0H         LINE#         444
  C:65D3H         LINE#         445
  C:65D5H         LINE#         446
  C:65DAH         LINE#         447
  C:65EAH         LINE#         448
  C:65EAH         LINE#         449
  C:65FCH         LINE#         450
  C:6606H         LINE#         451
  C:660EH         LINE#         452
  C:6610H         LINE#         453
  -------         ENDPROC       _READFIFO
  -------         PROC          _SIMPLEFIFO_TX_PROCESS
  X:06F2H         SYMBOL        step
  X:06F5H         SYMBOL        IRQ
  X:06F8H         SYMBOL        Mode
  C:5257H         LINE#         464
  C:5262H         LINE#         465
  C:5262H         LINE#         466
  C:5279H         LINE#         467
  C:5279H         LINE#         468
  C:5279H         LINE#         469
  C:527EH         LINE#         470
  C:5281H         LINE#         472
  C:5288H         LINE#         474
  C:528DH         LINE#         475
  C:5294H         LINE#         476
  C:529FH         LINE#         478
  C:52A4H         LINE#         479
  C:52B4H         LINE#         480
  C:52C4H         LINE#         481
  C:52C5H         LINE#         483
  C:52C5H         LINE#         484
  C:52C8H         LINE#         485
  C:52DAH         LINE#         487
  C:52E1H         LINE#         488
  C:52E1H         LINE#         489
  C:52E6H         LINE#         490
  C:52F6H         LINE#         491
  C:5305H         LINE#         492
  C:5305H         LINE#         493
  C:5306H         LINE#         495
  C:5306H         LINE#         496
  C:5315H         LINE#         497
  C:5315H         LINE#         498
  C:5315H         LINE#         499
BL51 BANKED LINKER/LOCATER V6.22.2.0                                                  10/31/2022  08:45:44  PAGE 105


  -------         ENDPROC       _SIMPLEFIFO_TX_PROCESS
  -------         PROC          _SIMPLEFIFO_RX_PROCESS
  X:06F2H         SYMBOL        step
  X:06F5H         SYMBOL        IRQ
  X:06F8H         SYMBOL        Mode
  -------         DO            
  D:0007H         SYMBOL        a
  -------         ENDDO         
  C:4F06H         LINE#         507
  C:4F11H         LINE#         508
  C:4F11H         LINE#         511
  C:4F1DH         LINE#         512
  C:4F1DH         LINE#         513
  C:4F1DH         LINE#         514
  C:4F22H         LINE#         515
  C:4F25H         LINE#         517
  C:4F2CH         LINE#         519
  C:4F38H         LINE#         520
  C:4F47H         LINE#         522
  C:4F4CH         LINE#         523
  C:4F53H         LINE#         525
  C:4F58H         LINE#         526
  C:4F68H         LINE#         527
  C:4F78H         LINE#         528
  C:4F79H         LINE#         530
  C:4F79H         LINE#         531
  C:4F7CH         LINE#         532
  C:4F8EH         LINE#         534
  C:4F97H         LINE#         535
  C:4F97H         LINE#         536
  C:4F9BH         LINE#         537
  C:4FA6H         LINE#         538
  C:4FB9H         LINE#         539
  C:4FBEH         LINE#         540
  C:4FCEH         LINE#         541
  C:4FDDH         LINE#         542
  C:4FDDH         LINE#         543
  C:4FDEH         LINE#         545
  C:4FDEH         LINE#         546
  C:4FEDH         LINE#         547
  C:4FEDH         LINE#         548
  C:4FEDH         LINE#         549
  -------         ENDPROC       _SIMPLEFIFO_RX_PROCESS
  -------         PROC          RF_FINISHED_PROCESS
  C:5BCDH         LINE#         559
  C:5BCDH         LINE#         560
  C:5BCDH         LINE#         561
  C:5BD4H         LINE#         562
  C:5BD4H         LINE#         563
  C:5BD6H         LINE#         564
  C:5BDCH         LINE#         566
  C:5BEEH         LINE#         567
  C:5BEEH         LINE#         568
  C:5BEEH         LINE#         570
  C:5BF3H         LINE#         571
  C:5BF5H         LINE#         572
  C:5BF5H         LINE#         574
BL51 BANKED LINKER/LOCATER V6.22.2.0                                                  10/31/2022  08:45:44  PAGE 106


  C:5BFAH         LINE#         575
  C:5BFCH         LINE#         576
  C:5BFCH         LINE#         578
  C:5C01H         LINE#         579
  C:5C03H         LINE#         580
  C:5C03H         LINE#         582
  C:5C08H         LINE#         583
  C:5C08H         LINE#         584
  C:5C08H         LINE#         585
  C:5C08H         LINE#         586
  C:5C08H         LINE#         588
  C:5C08H         LINE#         590
  C:5C10H         LINE#         591
  C:5C10H         LINE#         592
  C:5C12H         LINE#         593
  C:5C18H         LINE#         594
  C:5C1FH         LINE#         595
  C:5C1FH         LINE#         599
  C:5C1FH         LINE#         601
  C:5C1FH         LINE#         602
  C:5C31H         LINE#         603
  C:5C31H         LINE#         604
  C:5C31H         LINE#         606
  C:5C36H         LINE#         607
  C:5C37H         LINE#         608
  C:5C37H         LINE#         610
  C:5C3CH         LINE#         611
  C:5C3DH         LINE#         612
  C:5C3DH         LINE#         614
  C:5C42H         LINE#         615
  C:5C43H         LINE#         616
  C:5C43H         LINE#         618
  C:5C48H         LINE#         619
  C:5C48H         LINE#         620
  C:5C48H         LINE#         621
  C:5C48H         LINE#         622
  C:5C48H         LINE#         623
  C:5C48H         LINE#         624
  C:5C48H         LINE#         625
  -------         ENDPROC       RF_FINISHED_PROCESS
  -------         PROC          BC3602_RF_PROCESS
  C:63D7H         LINE#         628
  C:63D7H         LINE#         629
  C:63D7H         LINE#         631
  C:63DFH         LINE#         632
  C:6400H         LINE#         634
  C:6408H         LINE#         635
  C:6429H         LINE#         636
  C:642CH         LINE#         638
  -------         ENDPROC       BC3602_RF_PROCESS
  -------         ENDMOD        BC3602

  -------         MODULE        BC3602_SPI
  C:0000H         SYMBOL        _ICE_DUMMY_
  D:0080H         PUBLIC        P0
  D:0090H         PUBLIC        P1
  D:00A0H         PUBLIC        P2
BL51 BANKED LINKER/LOCATER V6.22.2.0                                                  10/31/2022  08:45:44  PAGE 107


  D:00B0H         PUBLIC        P3
  D:00D8H         PUBLIC        P4
  D:00A8H         PUBLIC        IE
  D:00B8H         PUBLIC        IP
  C:692EH         PUBLIC        SpiRead
  B:0080H.0       PUBLIC        P00
  B:0090H.0       PUBLIC        P10
  B:0080H.1       PUBLIC        P01
  D:0098H         PUBLIC        SCON
  D:0088H         PUBLIC        TCON
  C:68F9H         PUBLIC        _SpiWrite
  D:00C0H         PUBLIC        I2C0CON
  D:00E8H         PUBLIC        I2C1CON
  C:6B2FH         PUBLIC        _Set_RFSDIO_Dir
  D:00F8H         PUBLIC        S1CON
  D:00C8H         PUBLIC        T2CON
  C:6CA5H         PUBLIC        BC3602_SPI_IOConfig
  D:00D0H         PUBLIC        PSW
  -------         PROC          BC3602_SPI_IOCONFIG
  C:6CA5H         LINE#         3
  C:6CA5H         LINE#         4
  C:6CA5H         LINE#         6
  C:6CAEH         LINE#         7
  C:6CB3H         LINE#         8
  C:6CBCH         LINE#         9
  C:6CBEH         LINE#         10
  C:6CC0H         LINE#         11
  C:6CC2H         LINE#         12
  -------         ENDPROC       BC3602_SPI_IOCONFIG
  -------         PROC          _SET_RFSDIO_DIR
  X:0701H         SYMBOL        Director
  C:6B2FH         LINE#         14
  C:6B34H         LINE#         15
  C:6B34H         LINE#         16
  C:6B36H         LINE#         17
  C:6B36H         LINE#         18
  C:6B3EH         LINE#         20
  C:6B3FH         LINE#         21
  C:6B47H         LINE#         22
  C:6B47H         LINE#         23
  C:6B4FH         LINE#         24
  C:6B57H         LINE#         25
  C:6B57H         LINE#         26
  -------         ENDPROC       _SET_RFSDIO_DIR
  -------         PROC          _SPIWRITE
  X:0700H         SYMBOL        SIMD
  -------         DO            
  D:0007H         SYMBOL        cnt
  -------         ENDDO         
  C:68F9H         LINE#         28
  C:68FEH         LINE#         29
  C:68FEH         LINE#         33
  C:6903H         LINE#         34
  C:690FH         LINE#         35
  C:690FH         LINE#         37
  C:6911H         LINE#         38
  C:6919H         LINE#         39
BL51 BANKED LINKER/LOCATER V6.22.2.0                                                  10/31/2022  08:45:44  PAGE 108


  C:691DH         LINE#         41
  C:691FH         LINE#         42
  C:6926H         LINE#         44
  C:6928H         LINE#         45
  C:692BH         LINE#         47
  C:692DH         LINE#         49
  -------         ENDPROC       _SPIWRITE
  -------         PROC          SPIREAD
  -------         DO            
  D:0003H         SYMBOL        cnt
  X:0700H         SYMBOL        SIMD
  -------         ENDDO         
  C:692EH         LINE#         57
  C:692EH         LINE#         58
  C:692EH         LINE#         60
  C:6933H         LINE#         62
  C:6938H         LINE#         64
  C:693AH         LINE#         65
  C:6946H         LINE#         66
  C:6946H         LINE#         67
  C:694EH         LINE#         69
  C:6950H         LINE#         70
  C:6953H         LINE#         71
  C:6957H         LINE#         73
  C:6959H         LINE#         74
  C:695CH         LINE#         75
  C:6961H         LINE#         77
  -------         ENDPROC       SPIREAD
  -------         ENDMOD        BC3602_SPI

  -------         MODULE        ?C?FPADD
  C:0B91H         PUBLIC        ?C?FPADD
  C:0B8DH         PUBLIC        ?C?FPSUB
  -------         ENDMOD        ?C?FPADD

  -------         MODULE        ?C?FPMUL
  C:0C82H         PUBLIC        ?C?FPMUL
  -------         ENDMOD        ?C?FPMUL

  -------         MODULE        ?C?FPDIV
  C:0D8BH         PUBLIC        ?C?FPDIV
  -------         ENDMOD        ?C?FPDIV

  -------         MODULE        ?C?FCAST
  C:0E32H         PUBLIC        ?C?FCASTC
  C:0E2DH         PUBLIC        ?C?FCASTI
  C:0E28H         PUBLIC        ?C?FCASTL
  -------         ENDMOD        ?C?FCAST

  -------         MODULE        ?C?CASTF
  C:0E66H         PUBLIC        ?C?CASTF
  -------         ENDMOD        ?C?CASTF

  -------         MODULE        ?C?COPY
  C:0FB7H         PUBLIC        ?C?COPY
  -------         ENDMOD        ?C?COPY

BL51 BANKED LINKER/LOCATER V6.22.2.0                                                  10/31/2022  08:45:44  PAGE 109


  -------         MODULE        ?C?CLDPTR
  C:0FDDH         PUBLIC        ?C?CLDPTR
  -------         ENDMOD        ?C?CLDPTR

  -------         MODULE        ?C?CLDOPTR
  C:0FF6H         PUBLIC        ?C?CLDOPTR
  -------         ENDMOD        ?C?CLDOPTR

  -------         MODULE        ?C?CILDPTR
  C:1023H         PUBLIC        ?C?CILDPTR
  -------         ENDMOD        ?C?CILDPTR

  -------         MODULE        ?C?CSTPTR
  C:1045H         PUBLIC        ?C?CSTPTR
  -------         ENDMOD        ?C?CSTPTR

  -------         MODULE        ?C?CSTOPTR
  C:1057H         PUBLIC        ?C?CSTOPTR
  -------         ENDMOD        ?C?CSTOPTR

  -------         MODULE        ?C?IMUL
  C:1079H         PUBLIC        ?C?IMUL
  -------         ENDMOD        ?C?IMUL

  -------         MODULE        ?C?UIDIV
  C:108BH         PUBLIC        ?C?UIDIV
  -------         ENDMOD        ?C?UIDIV

  -------         MODULE        ?C?IILDX
  C:10E0H         PUBLIC        ?C?IILDX
  -------         ENDMOD        ?C?IILDX

  -------         MODULE        ?C?ILDIX
  C:10F6H         PUBLIC        ?C?ILDIX
  -------         ENDMOD        ?C?ILDIX

  -------         MODULE        ?C?LMUL
  C:110CH         PUBLIC        ?C?LMUL
  -------         ENDMOD        ?C?LMUL

  -------         MODULE        ?C?ULDIV
  C:1197H         PUBLIC        ?C?ULDIV
  -------         ENDMOD        ?C?ULDIV

  -------         MODULE        ?C?LNEG
  C:1229H         PUBLIC        ?C?LNEG
  -------         ENDMOD        ?C?LNEG

  -------         MODULE        ?C?ULSHR
  C:1237H         PUBLIC        ?C?ULSHR
  -------         ENDMOD        ?C?ULSHR

  -------         MODULE        ?C?LSTXDATA
  C:124AH         PUBLIC        ?C?LSTXDATA
  -------         ENDMOD        ?C?LSTXDATA

  -------         MODULE        ?C?LSTKXDATA
BL51 BANKED LINKER/LOCATER V6.22.2.0                                                  10/31/2022  08:45:44  PAGE 110


  C:1256H         PUBLIC        ?C?LSTKXDATA
  -------         ENDMOD        ?C?LSTKXDATA

  -------         MODULE        ?C?CCASE
  C:1287H         PUBLIC        ?C?CCASE
  -------         ENDMOD        ?C?CCASE

  -------         MODULE        ?C?MEMSET
  C:12ADH         PUBLIC        ?C?MEMSET
  -------         ENDMOD        ?C?MEMSET

Program Size: data=12.7 xdata=1857 code=28541
LINK/LOCATE RUN COMPLETE.  0 WARNING(S),  0 ERROR(S)
