BL51 BANKED LINKER/LOCATER V6.22.2.0                                                    11/01/2022  15:49:49  PAGE 1


BL51 BANKED LINKER/LOCATER V6.22.2.0, INVOKED BY:
D:\KEIL_V5\C51\BIN\BL51.EXE .\Output\main.c.obj, .\Output\uart2.obj, .\Output\common.obj, .\Output\adc.obj, .\Output\gpi
>> o.obj, .\Output\i2c.obj, .\Output\uart3.obj, .\Output\uart.obj, .\Output\pwm0.obj, .\Output\pwm123.obj, .\Output\eepr
>> om.obj, .\Output\lcd.obj, .\Output\sys.obj, .\Output\STARTUP.obj, .\Output\ADC_USER.obj, .\Output\CO2.obj, .\Output\C
>> RC8_NRSC5.obj, .\Output\EEPROM_USER.obj, .\Output\KEY.obj, .\Output\LCD_User.obj, .\Output\LED.obj, .\Output\SHTC3.ob
>> j, .\Output\Timer0.obj, .\Output\UART1_USER.obj, .\Output\UART2_USER.obj, .\Output\UART3_USER.obj, .\Output\WDT.obj, 
>> .\Output\WIFI.obj, .\Output\CRC16.obj, .\Output\BC3602.obj, .\Output\BC3602_SPI.obj TO .\Output\Temp_Humi_CO2 PRINT (
>> .\LST\Temp_Humi_CO2.m51) RAMSIZE (256) DISABLEWARNING (16)


MEMORY MODEL: LARGE WITH FLOATING POINT ARITHMETIC


INPUT MODULES INCLUDED:
  .\Output\main.c.obj (MAIN_C)
  .\Output\uart2.obj (UART2)
  .\Output\common.obj (COMMON)
  .\Output\adc.obj (ADC)
  .\Output\gpio.obj (GPIO)
  .\Output\i2c.obj (I2C)
  .\Output\uart3.obj (UART3)
  .\Output\uart.obj (UART)
  .\Output\pwm0.obj (PWM0)
  .\Output\pwm123.obj (PWM123)
  .\Output\eeprom.obj (EEPROM)
  .\Output\lcd.obj (LCD)
  .\Output\sys.obj (SYS)
  .\Output\STARTUP.obj (?C_STARTUP)
  .\Output\ADC_USER.obj (ADC_USER)
  .\Output\CO2.obj (CO2)
  .\Output\CRC8_NRSC5.obj (CRC8_NRSC5)
  .\Output\EEPROM_USER.obj (EEPROM_USER)
  .\Output\KEY.obj (KEY)
  .\Output\LCD_User.obj (LCD_USER)
  .\Output\LED.obj (LED)
  .\Output\SHTC3.obj (SHTC3)
  .\Output\Timer0.obj (TIMER0)
  .\Output\UART1_USER.obj (UART1_USER)
  .\Output\UART2_USER.obj (UART2_USER)
  .\Output\UART3_USER.obj (UART3_USER)
  .\Output\WDT.obj (WDT)
  .\Output\WIFI.obj (WIFI)
  .\Output\CRC16.obj (CRC16)
  .\Output\BC3602.obj (BC3602)
  .\Output\BC3602_SPI.obj (BC3602_SPI)
  D:\KEIL_V5\C51\LIB\C51FPL.LIB (?C?FPADD)
  D:\KEIL_V5\C51\LIB\C51FPL.LIB (?C?FPMUL)
  D:\KEIL_V5\C51\LIB\C51FPL.LIB (?C?FPDIV)
  D:\KEIL_V5\C51\LIB\C51FPL.LIB (?C?FPCMP)
  D:\KEIL_V5\C51\LIB\C51FPL.LIB (?C?FCAST)
  D:\KEIL_V5\C51\LIB\C51FPL.LIB (?C?CASTF)
  D:\KEIL_V5\C51\LIB\C51FPL.LIB (?C?FPGETOPN)
  D:\KEIL_V5\C51\LIB\C51L.LIB (?C_INIT)
  D:\KEIL_V5\C51\LIB\C51L.LIB (?C?COPY)
  D:\KEIL_V5\C51\LIB\C51L.LIB (?C?CLDPTR)
  D:\KEIL_V5\C51\LIB\C51L.LIB (?C?CLDOPTR)
  D:\KEIL_V5\C51\LIB\C51L.LIB (?C?CILDPTR)
  D:\KEIL_V5\C51\LIB\C51L.LIB (?C?CSTPTR)
BL51 BANKED LINKER/LOCATER V6.22.2.0                                                  11/01/2022  15:49:49  PAGE 2


  D:\KEIL_V5\C51\LIB\C51L.LIB (?C?CSTOPTR)
  D:\KEIL_V5\C51\LIB\C51L.LIB (?C?IMUL)
  D:\KEIL_V5\C51\LIB\C51L.LIB (?C?UIDIV)
  D:\KEIL_V5\C51\LIB\C51L.LIB (?C?IILDX)
  D:\KEIL_V5\C51\LIB\C51L.LIB (?C?ILDIX)
  D:\KEIL_V5\C51\LIB\C51L.LIB (?C?LMUL)
  D:\KEIL_V5\C51\LIB\C51L.LIB (?C?ULDIV)
  D:\KEIL_V5\C51\LIB\C51L.LIB (?C?LNEG)
  D:\KEIL_V5\C51\LIB\C51L.LIB (?C?ULSHR)
  D:\KEIL_V5\C51\LIB\C51L.LIB (?C?LSTXDATA)
  D:\KEIL_V5\C51\LIB\C51L.LIB (?C?LSTKXDATA)
  D:\KEIL_V5\C51\LIB\C51L.LIB (?C?CCASE)
  D:\KEIL_V5\C51\LIB\C51L.LIB (?C?MEMSET)


LINK MAP OF MODULE:  .\Output\Temp_Humi_CO2 (MAIN_C)


            TYPE    BASE      LENGTH    RELOCATION   SEGMENT NAME
            -----------------------------------------------------

            * * * * * * *   D A T A   M E M O R Y   * * * * * * *
            REG     0000H     0008H     ABSOLUTE     "REG BANK 0"
            DATA    0008H     0003H     UNIT         ?DT?COMMON
                    000BH     0015H                  *** GAP ***
            BIT     0020H.0   0000H.4   UNIT         ?BI?UART
            BIT     0020H.4   0000H.1   UNIT         ?BI?UART2
            BIT     0020H.5   0000H.1   UNIT         ?BI?COMMON
            BIT     0020H.6   0000H.1   UNIT         ?BI?UART3
                    0020H.7   0000H.1                *** GAP ***
            IDATA   0021H     0001H     UNIT         ?STACK

            * * * * * * *  X D A T A   M E M O R Y  * * * * * * *
            XDATA   0000H     0200H     UNIT         ?XD?CRC16
            XDATA   0200H     0199H     UNIT         ?XD?EEPROM_USER
            XDATA   0399H     0125H     UNIT         ?XD?BC3602
            XDATA   04BEH     0117H     UNIT         ?XD?ADC_USER
            XDATA   05D5H     008AH     UNIT         ?XD?_WRITEDATATOONEPAGE?EEPROM
            XDATA   065FH     0037H     UNIT         ?XD?CO2
            XDATA   0696H     0026H     UNIT         ?XD?TIMER0
            XDATA   06BCH     0015H     UNIT         ?XD?SHTC3
            XDATA   06D1H     0015H     UNIT         _XDATA_GROUP_
            XDATA   06E6H     0014H     UNIT         ?XD?KEY
            XDATA   06FAH     0009H     UNIT         ?XD?_I2C_OPEN?I2C
            XDATA   0703H     0009H     UNIT         ?XD?_SIMPLEFIFO_TX_PROCESS?BC3602
            XDATA   070CH     0009H     UNIT         ?XD?_SIMPLEFIFO_RX_PROCESS?BC3602
            XDATA   0715H     0008H     UNIT         ?XD?_UART2_OPEN?UART2
            XDATA   071DH     0008H     UNIT         ?XD?_UART3_OPEN?UART3
            XDATA   0725H     0008H     UNIT         ?XD?_WRITE_DATAFLASH_ARRAY?EEPROM
            XDATA   072DH     0006H     UNIT         ?XD?_WRITE_DATAFLASH_BYTE?EEPROM
            XDATA   0733H     0005H     UNIT         ?XD?_UART2SENDDATA?UART2_USER
            XDATA   0738H     0005H     UNIT         ?XD?_WRITEFIFO?BC3602
            XDATA   073DH     0005H     UNIT         ?XD?_READFIFO?BC3602
            XDATA   0742H     0004H     UNIT         ?XD?GET_NTCVALU?ADC_USER
            XDATA   0746H     0004H     UNIT         ?XD?LCD_USER
            XDATA   074AH     0002H     UNIT         ?XD?_ADC_INITIALCONTINOUS?ADC
            XDATA   074CH     0002H     UNIT         ?XD?UART
BL51 BANKED LINKER/LOCATER V6.22.2.0                                                  11/01/2022  15:49:49  PAGE 3


            XDATA   074EH     0001H     UNIT         ?XD?UART2
            XDATA   074FH     0001H     UNIT         ?XD?UART3
            XDATA   0750H     0001H     UNIT         ?XD?LED
            XDATA   0751H     0001H     UNIT         ?XD?_PUTCHAR?UART3_USER

            * * * * * * *   C O D E   M E M O R Y   * * * * * * *
            CODE    0000H     0003H     ABSOLUTE     
            CODE    0003H     0008H     UNIT         ?PR?_READ_APROM_BYTE?COMMON
            CODE    000BH     0003H     ABSOLUTE     
            CODE    000EH     0015H     UNIT         ?PR?_UART2_SEND_DATA?UART2
            CODE    0023H     0003H     ABSOLUTE     
            CODE    0026H     0015H     UNIT         ?PR?_SPIWRITEREGCMD?BC3602
            CODE    003BH     0003H     ABSOLUTE     
            CODE    003EH     003DH     UNIT         ?PR?_LCD_CURRENT_MODE?LCD
            CODE    007BH     0003H     ABSOLUTE     
            CODE    007EH     001DH     UNIT         ?PR?UART3_RECEIVE_DATA?UART3
            CODE    009BH     0003H     ABSOLUTE     
            CODE    009EH     0014H     UNIT         ?PR?_UART3_SEND_DATA?UART3
            CODE    00B2H     0001H     UNIT         ?PR?I2C_ERROR?SHTC3
            CODE    00B3H     0003H     ABSOLUTE     
            CODE    00B6H     07C8H     UNIT         ?C?LIB_CODE
            CODE    087EH     06B2H     UNIT         ?PR?BAT_POWERDISPLAY?ADC_USER
            CODE    0F30H     0582H     UNIT         ?PR?_LCD_DISPLAY_TEMPHUB?LCD_USER
            CODE    14B2H     049CH     UNIT         ?PR?_GET_TEMP_BAT?ADC_USER
            CODE    194EH     03C3H     UNIT         ?C_INITSEG
            CODE    1D11H     0344H     UNIT         ?PR?_GPIO_ENABLEINT?GPIO
            CODE    2055H     02E7H     UNIT         ?PR?GET_KEYVALUE?KEY
            CODE    233CH     02DAH     UNIT         ?PR?_ADC_OPEN?ADC
            CODE    2616H     02C2H     UNIT         ?PR?EEPROM_READDATAINIT?EEPROM_USER
            CODE    28D8H     02B0H     UNIT         ?PR?_RGB_COLOR?LED
            CODE    2B88H     02A3H     UNIT         ?PR?_WRITEDATATOONEPAGE?EEPROM
            CODE    2E2BH     0275H     UNIT         ?PR?_PWM0_CONFIGOUTPUTCHANNEL?PWM0
            CODE    30A0H     01F2H     UNIT         ?PR?GET_TEMPHUT?SHTC3
            CODE    3292H     01AAH     UNIT         ?PR?TIMER0_ISR?TIMER0
            CODE    343CH     0198H     UNIT         ?PR?_PWM123_CLOCKSOURCE?PWM123
            CODE    35D4H     0193H     UNIT         ?PR?KEYPROCESS?KEY
            CODE    3767H     018EH     UNIT         ?PR?GET_AVG_VALU_24H?EEPROM_USER
            CODE    38F5H     017DH     UNIT         ?PR?_UART_OPEN?UART
            CODE    3A72H     017DH     UNIT         ?PR?_EEPROM_WRITE_SENSORDATA?EEPROM_USER
            CODE    3BEFH     0179H     UNIT         ?PR?_WRITE_DATAFLASH_BYTE?EEPROM
            CODE    3D68H     0148H     UNIT         ?PR?_SHOWDIGIT?LCD_USER
            CODE    3EB0H     0148H     UNIT         ?PR?BC3602_CONFIG?BC3602
            CODE    3FF8H     013EH     UNIT         ?PR?_WRITE_DATAFLASH?EEPROM_USER
            CODE    4136H     013CH     UNIT         ?PR?TIME_PROCESS?TIMER0
            CODE    4272H     0125H     UNIT         ?PR?INIT_LCD?LCD_USER
            CODE    4397H     0120H     UNIT         ?PR?_FSYSSELECT?SYS
            CODE    44B7H     0120H     UNIT         ?PR?_DISPLAY_CO2?CO2
            CODE    45D7H     011CH     UNIT         ?PR?_I2C_READ?SHTC3
            CODE    46F3H     0113H     UNIT         ?PR?_PWM123_CONFIGOUTPUTCHANNEL?PWM123
            CODE    4806H     0111H     UNIT         ?PR?_ADC_RUN?ADC_USER
            CODE    4917H     00EBH     UNIT         ?PR?_ADC_VREF_SET?ADC
            CODE    4A02H     00E8H     UNIT         ?PR?_SIMPLEFIFO_RX_PROCESS?BC3602
            CODE    4AEAH     00D5H     UNIT         ?PR?_GPIO_SETMODE?GPIO
            CODE    4BBFH     00D5H     UNIT         ?PR?_I2C_WRITE?SHTC3
            CODE    4C94H     00D3H     UNIT         ?PR?LED_INIT?LED
            CODE    4D67H     00C1H     UNIT         ?PR?_WRITE_DATAFLASH_ARRAY?EEPROM
            CODE    4E28H     00BFH     UNIT         ?PR?_SIMPLEFIFO_TX_PROCESS?BC3602
BL51 BANKED LINKER/LOCATER V6.22.2.0                                                  11/01/2022  15:49:49  PAGE 4


            CODE    4EE7H     00BDH     UNIT         ?PR?_CLOCKENABLE?SYS
            CODE    4FA4H     00B4H     UNIT         ?PR?_UART3_OPEN?UART3
            CODE    5058H     00B3H     UNIT         ?PR?RFSETDRPRAM?BC3602
            CODE    510BH     00AFH     UNIT         ?PR?LED_BUZ?LED
            CODE    51BAH     00AEH     UNIT         ?PR?_UART2_OPEN?UART2
            CODE    5268H     00ABH     UNIT         ?PR?UART1_ISR?CO2
            CODE    5313H     009BH     UNIT         ?PR?_GPIO_PULL_DISABLE?GPIO
            CODE    53AEH     009AH     UNIT         ?C_C51STARTUP
            CODE    5448H     0096H     UNIT         ?PR?RECIEVE_DATA_ANALYSIS?CO2
            CODE    54DEH     0087H     UNIT         ?PR?_GPIO_PULL_ENABLE?GPIO
            CODE    5565H     0084H     UNIT         ?PR?_CLOCKDISABLE?SYS
            CODE    55E9H     007DH     UNIT         ?PR?_I2C_READ_PROCESS?SHTC3
            CODE    5666H     007CH     UNIT         ?PR?RF_FINISHED_PROCESS?BC3602
            CODE    56E2H     007AH     UNIT         ?PR?_KEY_BC3602?BC3602
            CODE    575CH     0078H     UNIT         ?PR?GET_MAX_VALU_24H?EEPROM_USER
            CODE    57D4H     0077H     UNIT         ?PR?READ_BANDGAP?ADC
            CODE    584BH     0073H     UNIT         ?PR?ADC_INIT?ADC_USER
            CODE    58BEH     006EH     UNIT         ?PR?_PWM0_CLOCKSOURCE?PWM0
            CODE    592CH     006EH     UNIT         ?PR?_PWM1_CLOCKSOURCE?PWM0
            CODE    599AH     006DH     UNIT         ?PR?GET_NTCVALU?ADC_USER
            CODE    5A07H     006AH     UNIT         ?PR?_I2C_OPEN?I2C
            CODE    5A71H     0069H     UNIT         ?PR?RF_INIT?BC3602
            CODE    5ADAH     0068H     UNIT         ?PR?_READ_DATAFLASH_ARRAY?EEPROM
            CODE    5B42H     0063H     UNIT         ?PR?_ADC_ENABLEHWTRIGGER?ADC
            CODE    5BA5H     005FH     UNIT         ?PR?_I2C_WRITE_PROCESS?SHTC3
            CODE    5C04H     005CH     UNIT         ?PR?_PWM0_DEADZONEENABLE?PWM0
            CODE    5C60H     005CH     UNIT         ?PR?FSYSSWITCHERROR?SYS
            CODE    5CBCH     0059H     UNIT         ?PR?_CRC8_NRSC5?CRC8_NRSC5
            CODE    5D15H     0058H     UNIT         ?PR?INIT_I2C?SHTC3
            CODE    5D6DH     0057H     UNIT         ?PR?_I2C_SETSLAVEADDRMASK?I2C
            CODE    5DC4H     0057H     UNIT         ?PR?GET_CO2_VERSIONNUM?CO2
            CODE    5E1BH     0056H     UNIT         ?PR?BC3602_RF_PROCESS?BC3602
            CODE    5E71H     0054H     UNIT         ?PR?GET_CO2VALU?CO2
            CODE    5EC5H     0052H     UNIT         ?PR?_CRC16MODBUS?CRC16
            CODE    5F17H     0051H     UNIT         ?PR?_CLOCKSWITCH?SYS
            CODE    5F68H     004FH     UNIT         ?PR?RFWRITEFREQ?BC3602
            CODE    5FB7H     004FH     UNIT         ?PR?_WRITEFIFO?BC3602
            CODE    6006H     004FH     UNIT         ?PR?_READFIFO?BC3602
            CODE    6055H     004BH     UNIT         ?PR?_LCD_OPEN?LCD
            CODE    60A0H     0048H     UNIT         ?PR?_RFWRITEBUF?BC3602
            CODE    60E8H     0046H     UNIT         ?PR?INIT_UART1?UART1_USER
            CODE    612EH     0042H     UNIT         ?PR?INIT_UART2?UART2_USER
            CODE    6170H     003FH     UNIT         ?PR?_UART1SENDDATA?UART1_USER
            CODE    61AFH     003FH     UNIT         ?PR?_UART2SENDDATA?UART2_USER
            CODE    61EEH     003EH     UNIT         ?PR?WDT_INIT?WDT
            CODE    622CH     003CH     UNIT         ?PR?_LCD_SETALLPIXELS?LCD
            CODE    6268H     003AH     UNIT         ?PR?INIT_UART3?UART3_USER
            CODE    62A2H     0037H     UNIT         ?PR?_LED_FLASH?LED
            CODE    62D9H     0036H     UNIT         ?PR?RESETLVRF?BC3602
            CODE    630FH     0035H     UNIT         ?PR?FEED_WDT?WDT
            CODE    6344H     0035H     UNIT         ?PR?RFWRITESYNCWORD?BC3602
            CODE    6379H     0035H     UNIT         ?PR?_SPIWRITE?BC3602_SPI
            CODE    63AEH     0034H     UNIT         ?PR?SPIREAD?BC3602_SPI
            CODE    63E2H     0032H     UNIT         ?PR?MAIN?MAIN_C
            CODE    6414H     0031H     UNIT         ?PR?ENABLE_UART0_VCOM_PRINTF?UART
            CODE    6445H     002FH     UNIT         ?PR?RFCALIBRATION?BC3602
            CODE    6474H     002FH     UNIT         ?PR?LIRCCALIBRATION?BC3602
BL51 BANKED LINKER/LOCATER V6.22.2.0                                                  11/01/2022  15:49:49  PAGE 5


            CODE    64A3H     002FH     UNIT         ?PR?PININTERRUPT_ISR?BC3602
            CODE    64D2H     002EH     UNIT         ?PR?_ADC_INTERRUPT?ADC
            CODE    6500H     002DH     UNIT         ?PR?_ADC_INITIALCONTINOUS?ADC
            CODE    652DH     002DH     UNIT         ?PR?_UART_INTERRUPT_ENABLE?UART
            CODE    655AH     002DH     UNIT         ?PR?INIT_KEYPORT?KEY
            CODE    6587H     002BH     UNIT         ?PR?_LCD_INTERRUPT_INITIAL?LCD
            CODE    65B2H     0029H     UNIT         ?PR?_SET_RFSDIO_DIR?BC3602_SPI
            CODE    65DBH     0027H     UNIT         ?PR?_LCD_SETONEPIXEL?LCD
            CODE    6602H     0025H     UNIT         ?PR?_GET_CS?CO2
            CODE    6627H     0024H     UNIT         ?PR?IS_IIC_OVERTIME?SHTC3
            CODE    664BH     0023H     UNIT         ?PR?GET_NTC_TEMP?ADC_USER
            CODE    666EH     0021H     UNIT         ?PR?_UART_SEND_DATA?UART
            CODE    668FH     0020H     UNIT         ?PR?_LCD_CLOCK_SETTING?LCD
            CODE    66AFH     0020H     UNIT         ?PR?_LCD_POWERDOWN_DISPLAY?LCD
            CODE    66CFH     0020H     UNIT         ?PR?_RFSETPOWER?BC3602
            CODE    66EFH     001FH     UNIT         ?PR?UART0_ISR?UART
            CODE    670EH     001EH     UNIT         ?PR?_UART_RECEIVE_DATA?UART
            CODE    672CH     001EH     UNIT         ?PR?BC3602_SPI_IOCONFIG?BC3602_SPI
            CODE    674AH     001CH     UNIT         ?PR?SMC1_ISR?UART3
            CODE    6766H     001CH     UNIT         ?PR?TIMER0_INIT?TIMER0
            CODE    6782H     001BH     UNIT         ?PR?_ADC_SAMPLINGTIME?ADC
            CODE    679DH     001AH     UNIT         ?PR?SMC0_ISR?UART2
            CODE    67B7H     0019H     UNIT         ?PR?_DATA_PROCESS?BC3602
            CODE    67D0H     0018H     UNIT         ?PR?_I2C_ENABLEINT?I2C
            CODE    67E8H     0018H     UNIT         ?PR?_I2C_DISABLEINT?I2C
            CODE    6800H     0017H     UNIT         ?PR?SW_RESET?SYS
            CODE    6817H     0016H     UNIT         ?PR?RFGETCLRRFIRQ?BC3602
            CODE    682DH     0013H     UNIT         ?PR?_I2C_GETSTATUS?I2C
            CODE    6840H     0013H     UNIT         ?PR?_I2C_SLAVE_ADDRESS_MASK_DISABLE?I2C
            CODE    6853H     0012H     UNIT         ?PR?_I2C_CLOSE?I2C
            CODE    6865H     0012H     UNIT         ?PR?_I2C_ENABLETIMEOUT?I2C
            CODE    6877H     0012H     UNIT         ?PR?_I2C_DISABLETIMEOUT?I2C
            CODE    6889H     0012H     UNIT         ?PR?_I2C_CLEARTIMEOUTFLAG?I2C
            CODE    689BH     0011H     UNIT         ?PR?UART2_RECEIVE_ONE_BYTE?UART2
            CODE    68ACH     0011H     UNIT         ?PR?_I2C_SLAVE_ADDRESS_MASK_ENABLE?I2C
            CODE    68BDH     0011H     UNIT         ?PR?PWM0_DEADZONE_ALL_DISABLE?PWM0
            CODE    68CEH     0011H     UNIT         ?PR?RFXTALREADY?BC3602
            CODE    68DFH     000FH     UNIT         ?PR?_LCD_BLINK?LCD
            CODE    68EEH     000EH     UNIT         ?PR?_PUTCHAR?UART3_USER
            CODE    68FCH     000DH     UNIT         ?PR?GET_MAX_VALU_CO2_24H?EEPROM_USER
            CODE    6909H     000DH     UNIT         ?PR?GET_AVG_VALU_CO2_24H?EEPROM_USER
            CODE    6916H     000CH     UNIT         ?PR?CO2_INIT?CO2
            CODE    6922H     000CH     UNIT         ?PR?INIT_WIFI?WIFI
            CODE    692EH     000BH     UNIT         ?PR?_SPIREADREGCMD?BC3602
            CODE    6939H     000AH     UNIT         ?PR?LCD_ENABLE?LCD
            CODE    6943H     0009H     UNIT         ?PR?GET_NTC_INIT?ADC_USER
            CODE    694CH     0009H     UNIT         ?PR?GET_CO2VALUE?CO2
            CODE    6955H     0009H     UNIT         ?PR?GET_TEMPVALUE?SHTC3
            CODE    695EH     0009H     UNIT         ?PR?GET_HUBVALUE?SHTC3
            CODE    6967H     0009H     UNIT         ?PR?GET_NTCTEMP?TIMER0
            CODE    6970H     0008H     UNIT         ?PR?_SPIWRITESTROBECMD?BC3602
            CODE    6978H     0007H     UNIT         ?PR?ADC_CLOSE?ADC
            CODE    697FH     0007H     UNIT         ?PR?ADC_DISABLEHWTRIGGER?ADC
            CODE    6986H     0007H     UNIT         ?PR?PWM0_RUN?PWM0
            CODE    698DH     0007H     UNIT         ?PR?PWM0_STOP?PWM0
            CODE    6994H     0007H     UNIT         ?PR?LCD_DISABLE?LCD
            CODE    699BH     0007H     UNIT         ?PR?SET_TEMPPOSITIVE?SHTC3
BL51 BANKED LINKER/LOCATER V6.22.2.0                                                  11/01/2022  15:49:49  PAGE 6


            CODE    69A2H     0006H     UNIT         ?PR?GET_LIGHT_STA?KEY
            CODE    69A8H     0006H     UNIT         ?PR?GET_BELL_STA?KEY
            CODE    69AEH     0006H     UNIT         ?PR?GET_UNIT_STA?KEY
            CODE    69B4H     0006H     UNIT         ?PR?GET_COLOR_STA?KEY
            CODE    69BAH     0006H     UNIT         ?PR?GET_CO2DISMOD?KEY
            CODE    69C0H     0006H     UNIT         ?PR?GET_WIFI_KEY_STA?KEY
            CODE    69C6H     0006H     UNIT         ?PR?LCD_DISPLAY?LCD_USER
            CODE    69CCH     0006H     UNIT         ?PR?INIT_SHTC3?SHTC3
            CODE    69D2H     0006H     UNIT         ?PR?GET_TEMPPOSITIVE?SHTC3
            CODE    69D8H     0006H     UNIT         ?PR?GET_TEMPHUTSTARTFLAG?TIMER0
            CODE    69DEH     0006H     UNIT         ?PR?CLR__TEMPHUTSTARTFLAG?TIMER0
            CODE    69E4H     0006H     UNIT         ?PR?GET_SAVEADDR?TIMER0
            CODE    69EAH     0006H     UNIT         ?PR?GET_ONECIRCLESAVEFLAG?TIMER0
            CODE    69F0H     0006H     UNIT         ?PR?_SET_ONECIRCLE_FLAG?TIMER0
            CODE    69F6H     0006H     UNIT         ?PR?_SET_SAVE_ADDRP?TIMER0
            CODE    69FCH     0006H     UNIT         ?PR?GET_TEMPHUB_STA?TIMER0
            CODE    6A02H     0006H     UNIT         ?PR?GET_RF_MODE?BC3602



OVERLAY MAP OF MODULE:   .\Output\Temp_Humi_CO2 (MAIN_C)


SEGMENT                                            XDATA_GROUP
  +--> CALLED SEGMENT                            START    LENGTH
----------------------------------------------------------------
?C_C51STARTUP                                    -----    -----
  +--> ?PR?MAIN?MAIN_C
  +--> ?C_INITSEG

?PR?MAIN?MAIN_C                                  -----    -----
  +--> ?PR?_FSYSSELECT?SYS
  +--> ?PR?INIT_UART1?UART1_USER
  +--> ?PR?TIMER0_INIT?TIMER0
  +--> ?PR?CO2_INIT?CO2
  +--> ?PR?LED_INIT?LED
  +--> ?PR?INIT_LCD?LCD_USER
  +--> ?PR?WDT_INIT?WDT
  +--> ?PR?INIT_I2C?SHTC3
  +--> ?PR?ADC_INIT?ADC_USER
  +--> ?PR?INIT_KEYPORT?KEY
  +--> ?PR?EEPROM_READDATAINIT?EEPROM_USER
  +--> ?PR?RF_INIT?BC3602
  +--> ?PR?FEED_WDT?WDT
  +--> ?PR?TIME_PROCESS?TIMER0

?PR?_FSYSSELECT?SYS                              -----    -----
  +--> ?PR?_CLOCKENABLE?SYS
  +--> ?PR?_CLOCKSWITCH?SYS
  +--> ?PR?FSYSSWITCHERROR?SYS

?PR?INIT_UART1?UART1_USER                        -----    -----
  +--> ?PR?_UART_OPEN?UART

?PR?_UART_OPEN?UART                              06D1H    0009H

?PR?CO2_INIT?CO2                                 -----    -----
BL51 BANKED LINKER/LOCATER V6.22.2.0                                                  11/01/2022  15:49:49  PAGE 7


  +--> ?PR?_GPIO_SETMODE?GPIO

?PR?_GPIO_SETMODE?GPIO                           06D8H    0001H

?PR?LED_INIT?LED                                 -----    -----
  +--> ?PR?_GPIO_SETMODE?GPIO
  +--> ?PR?_PWM123_CLOCKSOURCE?PWM123
  +--> ?PR?_PWM123_CONFIGOUTPUTCHANNEL?PWM123
  +--> ?PR?_PWM0_CLOCKSOURCE?PWM0
  +--> ?PR?_PWM0_CONFIGOUTPUTCHANNEL?PWM0
  +--> ?PR?PWM0_RUN?PWM0

?PR?_PWM123_CLOCKSOURCE?PWM123                   06D1H    0001H

?PR?_PWM123_CONFIGOUTPUTCHANNEL?PWM123           06D1H    0006H

?PR?_PWM0_CONFIGOUTPUTCHANNEL?PWM0               06D2H    0009H

?PR?INIT_LCD?LCD_USER                            -----    -----
  +--> ?PR?_LCD_CLOCK_SETTING?LCD
  +--> ?PR?_LCD_OPEN?LCD
  +--> ?PR?_LCD_CURRENT_MODE?LCD
  +--> ?PR?LCD_ENABLE?LCD
  +--> ?PR?_LCD_SETALLPIXELS?LCD

?PR?_LCD_OPEN?LCD                                06D1H    0005H
  +--> ?PR?LCD_DISABLE?LCD
  +--> ?PR?_LCD_SETALLPIXELS?LCD

?PR?INIT_I2C?SHTC3                               -----    -----
  +--> ?PR?_I2C_WRITE?SHTC3

?PR?_I2C_WRITE?SHTC3                             -----    -----
  +--> ?PR?I2C_ERROR?SHTC3

?PR?ADC_INIT?ADC_USER                            -----    -----
  +--> ?PR?_ADC_OPEN?ADC
  +--> ?PR?_ADC_SAMPLINGTIME?ADC
  +--> ?PR?_ADC_VREF_SET?ADC
  +--> ?PR?_GPIO_SETMODE?GPIO

?PR?EEPROM_READDATAINIT?EEPROM_USER              06D1H    0005H
  +--> ?PR?_READ_DATAFLASH_ARRAY?EEPROM
  +--> ?PR?_CRC8_NRSC5?CRC8_NRSC5
  +--> ?PR?_CRC16MODBUS?CRC16
  +--> ?PR?_SET_ONECIRCLE_FLAG?TIMER0
  +--> ?PR?_SET_SAVE_ADDRP?TIMER0

?PR?_READ_DATAFLASH_ARRAY?EEPROM                 06D6H    0009H

?PR?_CRC8_NRSC5?CRC8_NRSC5                       06D6H    0005H

?PR?_CRC16MODBUS?CRC16                           06D6H    0004H

?PR?RF_INIT?BC3602                               -----    -----
  +--> ?PR?BC3602_SPI_IOCONFIG?BC3602_SPI
  +--> ?PR?_SPIWRITESTROBECMD?BC3602
BL51 BANKED LINKER/LOCATER V6.22.2.0                                                  11/01/2022  15:49:49  PAGE 8


  +--> ?PR?RESETLVRF?BC3602
  +--> ?PR?_GPIO_SETMODE?GPIO
  +--> ?PR?_GPIO_PULL_ENABLE?GPIO
  +--> ?PR?_GPIO_ENABLEINT?GPIO
  +--> ?PR?BC3602_CONFIG?BC3602
  +--> ?PR?RFWRITESYNCWORD?BC3602
  +--> ?PR?RFWRITEFREQ?BC3602
  +--> ?PR?RFSETDRPRAM?BC3602
  +--> ?PR?_RFSETPOWER?BC3602
  +--> ?PR?RFXTALREADY?BC3602
  +--> ?PR?RFCALIBRATION?BC3602
  +--> ?PR?LIRCCALIBRATION?BC3602
  +--> ?PR?RFGETCLRRFIRQ?BC3602

?PR?BC3602_SPI_IOCONFIG?BC3602_SPI               -----    -----
  +--> ?PR?_GPIO_SETMODE?GPIO
  +--> ?PR?_SET_RFSDIO_DIR?BC3602_SPI

?PR?_SET_RFSDIO_DIR?BC3602_SPI                   06D7H    0001H
  +--> ?PR?_GPIO_SETMODE?GPIO
  +--> ?PR?_GPIO_PULL_ENABLE?GPIO

?PR?_SPIWRITESTROBECMD?BC3602                    -----    -----
  +--> ?PR?_SPIWRITE?BC3602_SPI

?PR?_SPIWRITE?BC3602_SPI                         06D6H    0001H
  +--> ?PR?_SET_RFSDIO_DIR?BC3602_SPI

?PR?RESETLVRF?BC3602                             06D1H    0001H
  +--> ?PR?_SPIREADREGCMD?BC3602
  +--> ?PR?_SPIWRITEREGCMD?BC3602

?PR?_SPIREADREGCMD?BC3602                        -----    -----
  +--> ?PR?_SPIWRITE?BC3602_SPI
  +--> ?PR?SPIREAD?BC3602_SPI

?PR?SPIREAD?BC3602_SPI                           06D2H    0001H
  +--> ?PR?_SET_RFSDIO_DIR?BC3602_SPI

?PR?_SPIWRITEREGCMD?BC3602                       06D2H    0001H
  +--> ?PR?_SPIWRITE?BC3602_SPI

?PR?_GPIO_ENABLEINT?GPIO                         06D1H    0005H

?PR?BC3602_CONFIG?BC3602                         06D1H    0001H
  +--> ?PR?_SPIWRITEREGCMD?BC3602
  +--> ?PR?_SPIWRITESTROBECMD?BC3602

?PR?RFWRITESYNCWORD?BC3602                       -----    -----
  +--> ?PR?_RFWRITEBUF?BC3602

?PR?_RFWRITEBUF?BC3602                           06D1H    0005H
  +--> ?PR?_SPIWRITE?BC3602_SPI

?PR?RFWRITEFREQ?BC3602                           06D1H    0001H
  +--> ?PR?_SPIREADREGCMD?BC3602
  +--> ?PR?_SPIWRITEREGCMD?BC3602
BL51 BANKED LINKER/LOCATER V6.22.2.0                                                  11/01/2022  15:49:49  PAGE 9



?PR?RFSETDRPRAM?BC3602                           06D1H    0001H
  +--> ?PR?_SPIWRITESTROBECMD?BC3602
  +--> ?PR?_SPIWRITEREGCMD?BC3602

?PR?_RFSETPOWER?BC3602                           -----    -----
  +--> ?PR?_SPIWRITEREGCMD?BC3602

?PR?RFXTALREADY?BC3602                           -----    -----
  +--> ?PR?_SPIREADREGCMD?BC3602

?PR?RFCALIBRATION?BC3602                         06D1H    0001H
  +--> ?PR?_SPIREADREGCMD?BC3602
  +--> ?PR?_SPIWRITEREGCMD?BC3602

?PR?LIRCCALIBRATION?BC3602                       06D1H    0001H
  +--> ?PR?_SPIREADREGCMD?BC3602
  +--> ?PR?_SPIWRITEREGCMD?BC3602

?PR?RFGETCLRRFIRQ?BC3602                         06D1H    0001H
  +--> ?PR?_SPIREADREGCMD?BC3602
  +--> ?PR?_SPIWRITEREGCMD?BC3602

?PR?TIME_PROCESS?TIMER0                          -----    -----
  +--> ?PR?GET_TEMPHUT?SHTC3
  +--> ?PR?RECIEVE_DATA_ANALYSIS?CO2
  +--> ?PR?KEYPROCESS?KEY
  +--> ?PR?LED_BUZ?LED
  +--> ?PR?GET_COLOR_STA?KEY
  +--> ?PR?_RGB_COLOR?LED
  +--> ?PR?_GET_TEMP_BAT?ADC_USER
  +--> ?PR?_EEPROM_WRITE_SENSORDATA?EEPROM_USER
  +--> ?PR?GET_MAX_VALU_24H?EEPROM_USER
  +--> ?PR?GET_AVG_VALU_24H?EEPROM_USER
  +--> ?PR?GET_TEMPVALUE?SHTC3
  +--> ?PR?GET_HUBVALUE?SHTC3
  +--> ?PR?_LCD_DISPLAY_TEMPHUB?LCD_USER
  +--> ?PR?GET_NTC_TEMP?ADC_USER
  +--> ?PR?GET_CO2VALU?CO2

?PR?GET_TEMPHUT?SHTC3                            -----    -----
  +--> ?PR?_I2C_WRITE?SHTC3
  +--> ?PR?_I2C_READ?SHTC3
  +--> ?PR?_CRC8_NRSC5?CRC8_NRSC5
  +--> ?PR?CLR__TEMPHUTSTARTFLAG?TIMER0

?PR?_I2C_READ?SHTC3                              06D1H    0001H
  +--> ?PR?I2C_ERROR?SHTC3

?PR?RECIEVE_DATA_ANALYSIS?CO2                    -----    -----
  +--> ?PR?_GET_CS?CO2

?PR?KEYPROCESS?KEY                               -----    -----
  +--> ?PR?GET_KEYVALUE?KEY
  +--> ?PR?GET_RF_MODE?BC3602
  +--> ?PR?_KEY_BC3602?BC3602

BL51 BANKED LINKER/LOCATER V6.22.2.0                                                  11/01/2022  15:49:49  PAGE 10


?PR?_KEY_BC3602?BC3602                           -----    -----
  +--> ?PR?_DATA_PROCESS?BC3602

?PR?LED_BUZ?LED                                  -----    -----
  +--> ?PR?GET_LIGHT_STA?KEY
  +--> ?PR?GET_CO2VALUE?CO2
  +--> ?PR?GET_BELL_STA?KEY

?PR?_RGB_COLOR?LED                               06D1H    0001H
  +--> ?PR?PWM0_STOP?PWM0
  +--> ?PR?_PWM0_CONFIGOUTPUTCHANNEL?PWM0
  +--> ?PR?PWM0_RUN?PWM0

?PR?_GET_TEMP_BAT?ADC_USER                       06D1H    0002H
  +--> ?PR?_ADC_RUN?ADC_USER

?PR?_ADC_RUN?ADC_USER                            06D3H    0004H

?PR?_EEPROM_WRITE_SENSORDATA?EEPROM_USER         06D1H    0003H
  +--> ?PR?_CRC8_NRSC5?CRC8_NRSC5
  +--> ?PR?_WRITE_DATAFLASH?EEPROM_USER
  +--> ?PR?_READ_DATAFLASH_ARRAY?EEPROM
  +--> ?PR?GET_CO2VALUE?CO2
  +--> ?PR?GET_SAVEADDR?TIMER0
  +--> ?PR?GET_ONECIRCLESAVEFLAG?TIMER0
  +--> ?PR?_CRC16MODBUS?CRC16

?PR?_WRITE_DATAFLASH?EEPROM_USER                 06D4H    0008H

?PR?GET_MAX_VALU_24H?EEPROM_USER                 06D1H    0004H

?PR?GET_AVG_VALU_24H?EEPROM_USER                 06D1H    0009H

?PR?_LCD_DISPLAY_TEMPHUB?LCD_USER                06D1H    000EH
  +--> ?PR?_LCD_SETALLPIXELS?LCD
  +--> ?PR?GET_UNIT_STA?KEY
  +--> ?PR?GET_TEMPPOSITIVE?SHTC3
  +--> ?PR?GET_TEMPHUB_STA?TIMER0
  +--> ?PR?_SHOWDIGIT?LCD_USER
  +--> ?PR?_LCD_SETONEPIXEL?LCD
  +--> ?PR?GET_CO2DISMOD?KEY
  +--> ?PR?_DISPLAY_CO2?CO2
  +--> ?PR?GET_LIGHT_STA?KEY
  +--> ?PR?GET_BELL_STA?KEY
  +--> ?PR?BAT_POWERDISPLAY?ADC_USER

?PR?_SHOWDIGIT?LCD_USER                          06E5H    0001H

?PR?_DISPLAY_CO2?CO2                             06DFH    0006H
  +--> ?PR?_LCD_SETONEPIXEL?LCD
  +--> ?PR?GET_MAX_VALU_CO2_24H?EEPROM_USER
  +--> ?PR?GET_AVG_VALU_CO2_24H?EEPROM_USER
  +--> ?PR?_SHOWDIGIT?LCD_USER

?PR?BAT_POWERDISPLAY?ADC_USER                    -----    -----
  +--> ?PR?_LCD_SETONEPIXEL?LCD

BL51 BANKED LINKER/LOCATER V6.22.2.0                                                  11/01/2022  15:49:49  PAGE 11


?PR?GET_CO2VALU?CO2                              -----    -----
  +--> ?PR?_UART1SENDDATA?UART1_USER

?PR?_UART1SENDDATA?UART1_USER                    06D1H    0005H
  +--> ?PR?_UART_SEND_DATA?UART

*** NEW ROOT ***************************************************

?PR?TIMER0_ISR?TIMER0                            -----    -----
  +--> ?PR?IS_IIC_OVERTIME?SHTC3



SYMBOL TABLE OF MODULE:  .\Output\Temp_Humi_CO2 (MAIN_C)

  VALUE           TYPE          NAME
  ----------------------------------

  -------         MODULE        MAIN_C
  C:0000H         SYMBOL        _ICE_DUMMY_
  D:0080H         PUBLIC        P0
  D:0090H         PUBLIC        P1
  D:00A0H         PUBLIC        P2
  D:00B0H         PUBLIC        P3
  D:00D8H         PUBLIC        P4
  D:00A8H         PUBLIC        IE
  D:00B8H         PUBLIC        IP
  C:63E2H         PUBLIC        main
  D:0098H         PUBLIC        SCON
  D:0088H         PUBLIC        TCON
  D:00C0H         PUBLIC        I2C0CON
  D:00E8H         PUBLIC        I2C1CON
  D:00F8H         PUBLIC        S1CON
  D:00C8H         PUBLIC        T2CON
  D:00D0H         PUBLIC        PSW
  -------         PROC          MAIN
  C:63E2H         LINE#         7
  C:63E2H         LINE#         8
  C:63E2H         LINE#         9
  C:63E7H         LINE#         10
  C:63EAH         LINE#         13
  C:63EDH         LINE#         14
  C:63F0H         LINE#         15
  C:63F3H         LINE#         16
  C:63F6H         LINE#         17
  C:63F9H         LINE#         18
  C:63FCH         LINE#         19
  C:63FFH         LINE#         20
  C:6402H         LINE#         21
  C:6405H         LINE#         22
  C:6408H         LINE#         24
  C:640BH         LINE#         26
  C:640BH         LINE#         27
  C:640BH         LINE#         28
  C:640EH         LINE#         29
  C:6411H         LINE#         32
  -------         ENDPROC       MAIN
BL51 BANKED LINKER/LOCATER V6.22.2.0                                                  11/01/2022  15:49:49  PAGE 12


  -------         ENDMOD        MAIN_C

  -------         MODULE        UART2
  C:0000H         SYMBOL        _ICE_DUMMY_
  D:00DCH         PUBLIC        SC0ETURD1
  D:0080H         PUBLIC        P0
  D:0090H         PUBLIC        P1
  D:00A0H         PUBLIC        P2
  D:00B0H         PUBLIC        P3
  D:00D8H         PUBLIC        P4
  D:00D6H         PUBLIC        SC0CR0
  D:00D7H         PUBLIC        SC0CR1
  D:00A8H         PUBLIC        IE
  C:689BH         PUBLIC        UART2_Receive_One_Byte
  D:00B8H         PUBLIC        IP
  D:0098H         PUBLIC        SCON
  D:0088H         PUBLIC        TCON
  C:000EH         PUBLIC        _UART2_Send_Data
  D:0091H         PUBLIC        SFRS
  D:00DFH         PUBLIC        SC0TSR
  D:00C0H         PUBLIC        I2C0CON
  D:00E8H         PUBLIC        I2C1CON
  X:074EH         PUBLIC        uart2rvbuffer
  D:00D9H         PUBLIC        SC0DR
  C:679DH         PUBLIC        SMC0_ISR
  C:51BAH         PUBLIC        _UART2_Open
  D:00F8H         PUBLIC        S1CON
  D:00C8H         PUBLIC        T2CON
  B:0020H.4       PUBLIC        uart2rvflag
  D:00D0H         PUBLIC        PSW
  D:00DBH         PUBLIC        SC0ETURD0
  -------         PROC          SMC0_ISR
  C:679DH         LINE#         20
  C:67A3H         LINE#         22
  C:67A5H         LINE#         24
  C:67A8H         LINE#         25
  C:67AEH         LINE#         26
  C:67B0H         LINE#         27
  -------         ENDPROC       SMC0_ISR
  -------         PROC          _UART2_OPEN
  X:0715H         SYMBOL        u32SysClock
  X:0719H         SYMBOL        u32Baudrate
  C:51BAH         LINE#         36
  C:51C0H         LINE#         37
  C:51C0H         LINE#         38
  C:51C6H         LINE#         39
  C:51CBH         LINE#         40
  C:51D0H         LINE#         41
  C:51D5H         LINE#         42
  C:51DAH         LINE#         44
  C:5215H         LINE#         45
  C:5218H         LINE#         46
  C:5259H         LINE#         47
  C:525FH         LINE#         48
  C:5262H         LINE#         49
  C:5267H         LINE#         50
  -------         ENDPROC       _UART2_OPEN
BL51 BANKED LINKER/LOCATER V6.22.2.0                                                  11/01/2022  15:49:49  PAGE 13


  -------         PROC          UART2_RECEIVE_ONE_BYTE
  -------         DO            
  D:0007H         SYMBOL        c
  -------         ENDDO         
  C:689BH         LINE#         59
  C:689BH         LINE#         60
  C:689BH         LINE#         62
  C:68A1H         LINE#         63
  C:68A9H         LINE#         64
  C:68ABH         LINE#         65
  C:68ABH         LINE#         66
  -------         ENDPROC       UART2_RECEIVE_ONE_BYTE
  -------         PROC          _UART2_SEND_DATA
  D:0007H         SYMBOL        c
  C:000EH         LINE#         75
  C:000EH         LINE#         76
  C:000EH         LINE#         77
  C:0014H         LINE#         78
  C:0016H         LINE#         79
  C:001CH         LINE#         80
  C:0022H         LINE#         81
  -------         ENDPROC       _UART2_SEND_DATA
  -------         ENDMOD        UART2

  -------         MODULE        COMMON
  C:0000H         SYMBOL        _ICE_DUMMY_
  D:0080H         PUBLIC        P0
  D:0090H         PUBLIC        P1
  D:00A0H         PUBLIC        P2
  D:00B0H         PUBLIC        P3
  D:00D8H         PUBLIC        P4
  D:0008H         PUBLIC        BYTE_TMP
  D:00A8H         PUBLIC        IE
  D:0009H         PUBLIC        SFRS_TMP
  D:00B8H         PUBLIC        IP
  D:000AH         PUBLIC        TA_REG_TMP
  B:0020H.5       PUBLIC        BIT_TMP
  D:0098H         PUBLIC        SCON
  D:0088H         PUBLIC        TCON
  D:00C0H         PUBLIC        I2C0CON
  D:00E8H         PUBLIC        I2C1CON
  D:00F8H         PUBLIC        S1CON
  D:00C8H         PUBLIC        T2CON
  C:0003H         PUBLIC        _Read_APROM_BYTE
  D:00D0H         PUBLIC        PSW
  -------         PROC          _READ_APROM_BYTE
  D:0082H         SYMBOL        u16_addr
  -------         DO            
  D:0007H         SYMBOL        rdata
  -------         ENDDO         
  C:0003H         LINE#         17
  C:0007H         LINE#         18
  C:0007H         LINE#         20
  C:000AH         LINE#         21
  C:000AH         LINE#         22
  -------         ENDPROC       _READ_APROM_BYTE
  -------         ENDMOD        COMMON
BL51 BANKED LINKER/LOCATER V6.22.2.0                                                  11/01/2022  15:49:49  PAGE 14



  -------         MODULE        ADC
  C:0000H         SYMBOL        _ICE_DUMMY_
  D:00F4H         PUBLIC        P2MF54
  D:0080H         PUBLIC        P0
  D:00B5H         PUBLIC        P2M1
  D:0090H         PUBLIC        P1
  D:00C2H         PUBLIC        P3M1
  D:00B6H         PUBLIC        P2M2
  D:00A0H         PUBLIC        P2
  D:00C3H         PUBLIC        P3M2
  D:00B0H         PUBLIC        P3
  D:00F5H         PUBLIC        P2MF76
  D:0094H         PUBLIC        P6MF54
  D:00D8H         PUBLIC        P4
  D:0084H         PUBLIC        P6M1
  B:00A8H.7       PUBLIC        EA
  D:0085H         PUBLIC        P6M2
  D:0095H         PUBLIC        P6MF76
  D:00A8H         PUBLIC        IE
  D:00E4H         PUBLIC        ADCBAH
  D:00C7H         PUBLIC        TA
  D:00CBH         PUBLIC        ADCBAL
  D:00B8H         PUBLIC        IP
  C:6978H         PUBLIC        ADC_Close
  D:00CEH         PUBLIC        AINDIDS0
  D:00CEH         PUBLIC        AINDIDS1
  D:00E3H         PUBLIC        ADCDLY
  D:0098H         PUBLIC        SCON
  D:0088H         PUBLIC        TCON
  D:009FH         PUBLIC        CHPCON
  C:233CH         PUBLIC        _ADC_Open
  D:0091H         PUBLIC        SFRS
  C:6500H         PUBLIC        _ADC_InitialContinous
  D:00A4H         PUBLIC        IAPTRG
  C:4917H         PUBLIC        _ADC_Vref_Set
  D:00A9H         PUBLIC        VRFCON
  D:00C0H         PUBLIC        I2C0CON
  D:00E8H         PUBLIC        I2C1CON
  D:00A1H         PUBLIC        ADCCON0
  D:00E1H         PUBLIC        ADCCON1
  C:697FH         PUBLIC        ADC_DisableHWTrigger
  D:00E2H         PUBLIC        ADCCON2
  D:00A7H         PUBLIC        IAPAH
  D:00F8H         PUBLIC        S1CON
  D:00AEH         PUBLIC        IAPFD
  D:00C8H         PUBLIC        T2CON
  D:00A6H         PUBLIC        IAPAL
  D:00E5H         PUBLIC        ADCSN
  D:00AFH         PUBLIC        IAPCN
  C:57D4H         PUBLIC        READ_BANDGAP
  C:5B42H         PUBLIC        _ADC_EnableHWTrigger
  D:00E7H         PUBLIC        ADCSR
  D:00F2H         PUBLIC        P2MF10
  D:00F6H         PUBLIC        P3MF10
  D:00D0H         PUBLIC        PSW
  D:00F3H         PUBLIC        P2MF32
BL51 BANKED LINKER/LOCATER V6.22.2.0                                                  11/01/2022  15:49:49  PAGE 15


  C:6782H         PUBLIC        _ADC_SamplingTime
  D:00F7H         PUBLIC        P3MF32
  C:64D2H         PUBLIC        _ADC_Interrupt
  -------         PROC          _ADC_OPEN
  D:0006H         SYMBOL        u8ADCOpMode
  D:0005H         SYMBOL        u8ADCChMask
  C:233CH         LINE#         29
  C:233CH         LINE#         30
  C:233CH         LINE#         31
  C:2347H         LINE#         32
  C:2347H         LINE#         33
  C:234FH         LINE#         34
  C:2355H         LINE#         35
  C:2355H         LINE#         36
  C:2355H         LINE#         38
  C:2398H         LINE#         39
  C:2398H         LINE#         40
  C:23BEH         LINE#         41
  C:23E7H         LINE#         42
  C:2410H         LINE#         43
  C:2439H         LINE#         44
  C:2462H         LINE#         45
  C:248BH         LINE#         46
  C:24B4H         LINE#         47
  C:24DDH         LINE#         48
  C:2508H         LINE#         49
  C:2533H         LINE#         50
  C:255EH         LINE#         51
  C:2589H         LINE#         52
  C:25B3H         LINE#         53
  C:25DDH         LINE#         54
  C:25F5H         LINE#         55
  C:2603H         LINE#         56
  C:260FH         LINE#         57
  C:260FH         LINE#         58
  C:260FH         LINE#         59
  C:2615H         LINE#         61
  -------         ENDPROC       _ADC_OPEN
  -------         PROC          ADC_CLOSE
  C:6978H         LINE#         68
  C:6978H         LINE#         69
  C:6978H         LINE#         70
  C:697EH         LINE#         71
  -------         ENDPROC       ADC_CLOSE
  -------         PROC          _ADC_INITIALCONTINOUS
  X:074AH         SYMBOL        u16ADCRBase
  D:0005H         SYMBOL        u8ADCRLength
  D:0003H         SYMBOL        u8ADCSpeed
  C:6500H         LINE#         84
  C:6508H         LINE#         85
  C:6508H         LINE#         86
  C:650BH         LINE#         87
  C:650EH         LINE#         88
  C:6514H         LINE#         89
  C:6518H         LINE#         90
  C:651FH         LINE#         91
  C:651FH         LINE#         92
BL51 BANKED LINKER/LOCATER V6.22.2.0                                                  11/01/2022  15:49:49  PAGE 16


  C:6526H         LINE#         93
  C:652CH         LINE#         94
  C:652CH         LINE#         95
  C:652CH         LINE#         96
  -------         ENDPROC       _ADC_INITIALCONTINOUS
  -------         PROC          _ADC_SAMPLINGTIME
  D:0007H         SYMBOL        u8ADCDIV
  D:0005H         SYMBOL        u8ADCAQT
  C:6782H         LINE#         107
  C:6782H         LINE#         108
  C:6782H         LINE#         109
  C:6785H         LINE#         110
  C:6788H         LINE#         111
  C:6791H         LINE#         112
  C:6794H         LINE#         113
  C:679CH         LINE#         114
  -------         ENDPROC       _ADC_SAMPLINGTIME
  -------         PROC          _ADC_ENABLEHWTRIGGER
  D:0007H         SYMBOL        u8ADCSHWTource
  D:0005H         SYMBOL        u8ADCHWTParam
  D:0003H         SYMBOL        u8ADCHWTDelay
  C:5B42H         LINE#         138
  C:5B42H         LINE#         139
  C:5B42H         LINE#         140
  C:5B45H         LINE#         141
  C:5B53H         LINE#         142
  C:5B53H         LINE#         143
  C:5B58H         LINE#         144
  C:5B60H         LINE#         145
  C:5B68H         LINE#         146
  C:5B6EH         LINE#         147
  C:5B6EH         LINE#         148
  C:5B6EH         LINE#         149
  C:5B7CH         LINE#         150
  C:5B7CH         LINE#         151
  C:5B81H         LINE#         152
  C:5B89H         LINE#         153
  C:5B91H         LINE#         154
  C:5B97H         LINE#         155
  C:5B97H         LINE#         156
  C:5B97H         LINE#         157
  C:5B9BH         LINE#         158
  C:5BA1H         LINE#         159
  C:5BA4H         LINE#         160
  -------         ENDPROC       _ADC_ENABLEHWTRIGGER
  -------         PROC          ADC_DISABLEHWTRIGGER
  C:697FH         LINE#         162
  C:697FH         LINE#         163
  C:697FH         LINE#         164
  C:6985H         LINE#         165
  -------         ENDPROC       ADC_DISABLEHWTRIGGER
  -------         PROC          _ADC_INTERRUPT
  D:0007H         SYMBOL        u8ADCINT
  D:0005H         SYMBOL        u8ADCIntSource
  C:64D2H         LINE#         182
  C:64D2H         LINE#         183
  C:64D2H         LINE#         184
BL51 BANKED LINKER/LOCATER V6.22.2.0                                                  11/01/2022  15:49:49  PAGE 17


  C:64D5H         LINE#         185
  C:64DCH         LINE#         186
  C:64DCH         LINE#         187
  C:64DCH         LINE#         188
  C:64DFH         LINE#         189
  C:64E0H         LINE#         191
  C:64E0H         LINE#         192
  C:64ECH         LINE#         193
  C:64ECH         LINE#         194
  C:64F1H         LINE#         195
  C:64F9H         LINE#         196
  C:64FCH         LINE#         197
  C:64FCH         LINE#         198
  C:64FCH         LINE#         199
  C:64FFH         LINE#         200
  C:64FFH         LINE#         201
  C:64FFH         LINE#         202
  C:64FFH         LINE#         203
  -------         ENDPROC       _ADC_INTERRUPT
  -------         PROC          READ_BANDGAP
  -------         DO            
  D:0007H         SYMBOL        BandgapHigh
  D:0005H         SYMBOL        BandgapLow
  D:0006H         SYMBOL        u16bgvalue
  -------         ENDDO         
  C:57D4H         LINE#         211
  C:57D4H         LINE#         212
  C:57D4H         LINE#         215
  C:57EAH         LINE#         216
  C:57EDH         LINE#         217
  C:57F0H         LINE#         218
  C:57F2H         LINE#         219
  C:5807H         LINE#         220
  C:580CH         LINE#         221
  C:580FH         LINE#         222
  C:5825H         LINE#         223
  C:5827H         LINE#         224
  C:5834H         LINE#         225
  C:584AH         LINE#         226
  C:584AH         LINE#         227
  -------         ENDPROC       READ_BANDGAP
  -------         PROC          _ADC_VREF_SET
  D:0007H         SYMBOL        u8ADCVref
  D:0005H         SYMBOL        u8ADCVrefPreload
  D:0003H         SYMBOL        u8ADCVrefLevel
  C:4917H         LINE#         241
  C:4917H         LINE#         242
  C:4917H         LINE#         243
  C:491EH         LINE#         244
  C:491EH         LINE#         245
  C:491EH         LINE#         246
  C:4934H         LINE#         247
  C:4936H         LINE#         248
  C:4936H         LINE#         249
  C:494CH         LINE#         250
  C:494CH         LINE#         251
  C:494CH         LINE#         252
BL51 BANKED LINKER/LOCATER V6.22.2.0                                                  11/01/2022  15:49:49  PAGE 18


  C:494CH         LINE#         254
  C:4953H         LINE#         255
  C:4953H         LINE#         256
  C:4953H         LINE#         257
  C:4969H         LINE#         258
  C:496BH         LINE#         259
  C:496BH         LINE#         260
  C:4981H         LINE#         261
  C:4981H         LINE#         262
  C:4981H         LINE#         263
  C:4981H         LINE#         264
  C:4992H         LINE#         265
  C:4992H         LINE#         266
  C:4992H         LINE#         267
  C:49A5H         LINE#         268
  C:49A6H         LINE#         269
  C:49A6H         LINE#         270
  C:49BCH         LINE#         271
  C:49BDH         LINE#         272
  C:49BDH         LINE#         273
  C:49D3H         LINE#         274
  C:49D4H         LINE#         275
  C:49D4H         LINE#         276
  C:49EAH         LINE#         277
  C:49EBH         LINE#         278
  C:49EBH         LINE#         279
  C:4A01H         LINE#         280
  C:4A01H         LINE#         281
  C:4A01H         LINE#         283
  C:4A01H         LINE#         286
  -------         ENDPROC       _ADC_VREF_SET
  -------         ENDMOD        ADC

  -------         MODULE        GPIO
  C:0000H         SYMBOL        _ICE_DUMMY_
  D:00B1H         PUBLIC        P0M1
  D:00B3H         PUBLIC        P1M1
  D:00B2H         PUBLIC        P0M2
  D:0080H         PUBLIC        P0
  D:00B5H         PUBLIC        P2M1
  D:00B4H         PUBLIC        P1M2
  D:0090H         PUBLIC        P1
  D:00C2H         PUBLIC        P3M1
  D:00B6H         PUBLIC        P2M2
  D:00A0H         PUBLIC        P2
  D:00C3H         PUBLIC        P3M2
  D:00B9H         PUBLIC        P4M1
  D:00B0H         PUBLIC        P3
  D:00BDH         PUBLIC        P5M1
  D:00BAH         PUBLIC        P4M2
  D:00D8H         PUBLIC        P4
  D:009BH         PUBLIC        EIE0
  D:0084H         PUBLIC        P6M1
  D:00BEH         PUBLIC        P5M2
  D:0085H         PUBLIC        P6M2
  C:1D11H         PUBLIC        _GPIO_EnableInt
  D:00A8H         PUBLIC        IE
BL51 BANKED LINKER/LOCATER V6.22.2.0                                                  11/01/2022  15:49:49  PAGE 19


  D:00B8H         PUBLIC        IP
  D:008AH         PUBLIC        P0DW
  D:008BH         PUBLIC        P1DW
  D:008CH         PUBLIC        P2DW
  D:008DH         PUBLIC        P3DW
  D:008EH         PUBLIC        P4DW
  D:008FH         PUBLIC        P5DW
  D:008FH         PUBLIC        P6DW
  D:0092H         PUBLIC        P0UP
  D:0093H         PUBLIC        P1UP
  D:0094H         PUBLIC        P2UP
  D:0095H         PUBLIC        P3UP
  D:0096H         PUBLIC        P4UP
  D:0097H         PUBLIC        P5UP
  D:0097H         PUBLIC        P6UP
  D:0098H         PUBLIC        SCON
  D:0088H         PUBLIC        TCON
  D:0091H         PUBLIC        SFRS
  C:4AEAH         PUBLIC        _GPIO_SetMode
  C:5313H         PUBLIC        _GPIO_Pull_Disable
  D:00C0H         PUBLIC        I2C0CON
  D:00E8H         PUBLIC        I2C1CON
  C:54DEH         PUBLIC        _GPIO_Pull_Enable
  D:00F8H         PUBLIC        S1CON
  D:00C8H         PUBLIC        T2CON
  D:00A1H         PUBLIC        PIPS0
  D:00A2H         PUBLIC        PIPS1
  D:00A3H         PUBLIC        PIPS2
  D:00A4H         PUBLIC        PIPS3
  D:00A5H         PUBLIC        PIPS4
  D:00A6H         PUBLIC        PIPS5
  D:00A7H         PUBLIC        PIPS6
  D:00AFH         PUBLIC        PIPS7
  D:00E9H         PUBLIC        PICON
  D:00D0H         PUBLIC        PSW
  D:00EAH         PUBLIC        PINEN
  D:00EBH         PUBLIC        PIPEN
  -------         PROC          _GPIO_ENABLEINT
  D:0007H         SYMBOL        u8PIT
  D:0005H         SYMBOL        u8IntStatus
  D:0003H         SYMBOL        u8IntMode
  X:06D4H         SYMBOL        u8Port
  X:06D5H         SYMBOL        u8Bit
  C:1D11H         LINE#         21
  C:1D11H         LINE#         22
  C:1D11H         LINE#         23
  C:1D4FH         LINE#         24
  C:1D4FH         LINE#         25
  C:1D57H         LINE#         26
  C:1D5FH         LINE#         27
  C:1D67H         LINE#         28
  C:1D6FH         LINE#         29
  C:1D77H         LINE#         30
  C:1D7FH         LINE#         31
  C:1D87H         LINE#         32
  C:1D8FH         LINE#         34
  C:1D97H         LINE#         35
BL51 BANKED LINKER/LOCATER V6.22.2.0                                                  11/01/2022  15:49:49  PAGE 20


  C:1D9FH         LINE#         36
  C:1DA7H         LINE#         37
  C:1DAFH         LINE#         38
  C:1DB7H         LINE#         39
  C:1DBFH         LINE#         40
  C:1DC7H         LINE#         41
  C:1DCDH         LINE#         42
  C:1DCDH         LINE#         43
  C:1DCDH         LINE#         44
  C:1E23H         LINE#         45
  C:1E23H         LINE#         46
  C:1E32H         LINE#         47
  C:1E41H         LINE#         48
  C:1E50H         LINE#         49
  C:1E5FH         LINE#         50
  C:1E6EH         LINE#         51
  C:1E7DH         LINE#         52
  C:1E8CH         LINE#         53
  C:1E9BH         LINE#         55
  C:1EAAH         LINE#         56
  C:1EB9H         LINE#         57
  C:1EC8H         LINE#         58
  C:1ED7H         LINE#         59
  C:1EE6H         LINE#         60
  C:1EF5H         LINE#         61
  C:1F03H         LINE#         62
  C:1F11H         LINE#         64
  C:1F1FH         LINE#         65
  C:1F2DH         LINE#         66
  C:1F3BH         LINE#         67
  C:1F49H         LINE#         68
  C:1F57H         LINE#         69
  C:1F65H         LINE#         70
  C:1F73H         LINE#         71
  C:1F7FH         LINE#         73
  C:1F7FH         LINE#         74
  C:1F7FH         LINE#         75
  C:1FA7H         LINE#         76
  C:1FA7H         LINE#         77
  C:1FBDH         LINE#         78
  C:1FD2H         LINE#         79
  C:1FE7H         LINE#         80
  C:1FFCH         LINE#         81
  C:2011H         LINE#         82
  C:2026H         LINE#         83
  C:203BH         LINE#         84
  C:204EH         LINE#         85
  C:204EH         LINE#         86
  C:204EH         LINE#         87
  C:2054H         LINE#         88
  -------         ENDPROC       _GPIO_ENABLEINT
  -------         PROC          _GPIO_PULL_ENABLE
  D:0007H         SYMBOL        u8Port
  D:0005H         SYMBOL        u8PinMask
  D:0003H         SYMBOL        u8PullMode
  C:54DEH         LINE#         99
  C:54DEH         LINE#         100
BL51 BANKED LINKER/LOCATER V6.22.2.0                                                  11/01/2022  15:49:49  PAGE 21


  C:54DEH         LINE#         101
  C:54E1H         LINE#         102
  C:54E8H         LINE#         103
  C:54E8H         LINE#         104
  C:54E8H         LINE#         105
  C:550AH         LINE#         106
  C:550AH         LINE#         107
  C:550EH         LINE#         108
  C:5512H         LINE#         109
  C:5516H         LINE#         110
  C:551AH         LINE#         111
  C:551EH         LINE#         112
  C:5522H         LINE#         113
  C:5526H         LINE#         114
  C:5526H         LINE#         115
  C:5527H         LINE#         116
  C:5527H         LINE#         117
  C:5549H         LINE#         118
  C:5549H         LINE#         119
  C:554DH         LINE#         120
  C:5551H         LINE#         121
  C:5555H         LINE#         122
  C:5559H         LINE#         123
  C:555DH         LINE#         124
  C:5561H         LINE#         125
  C:5564H         LINE#         126
  C:5564H         LINE#         127
  C:5564H         LINE#         128
  C:5564H         LINE#         129
  -------         ENDPROC       _GPIO_PULL_ENABLE
  -------         PROC          _GPIO_PULL_DISABLE
  D:0007H         SYMBOL        u8Port
  D:0005H         SYMBOL        u8PinMask
  D:0003H         SYMBOL        u8PullMode
  C:5313H         LINE#         141
  C:5313H         LINE#         142
  C:5313H         LINE#         143
  C:5316H         LINE#         144
  C:5320H         LINE#         145
  C:5320H         LINE#         146
  C:5320H         LINE#         147
  C:5345H         LINE#         148
  C:5345H         LINE#         149
  C:534AH         LINE#         150
  C:534FH         LINE#         151
  C:5354H         LINE#         152
  C:5359H         LINE#         153
  C:535EH         LINE#         154
  C:5363H         LINE#         155
  C:5368H         LINE#         156
  C:5368H         LINE#         157
  C:5369H         LINE#         158
  C:5369H         LINE#         159
  C:538BH         LINE#         160
  C:538BH         LINE#         161
  C:5390H         LINE#         162
  C:5395H         LINE#         163
BL51 BANKED LINKER/LOCATER V6.22.2.0                                                  11/01/2022  15:49:49  PAGE 22


  C:539AH         LINE#         164
  C:539FH         LINE#         165
  C:53A4H         LINE#         166
  C:53A9H         LINE#         167
  C:53ADH         LINE#         168
  C:53ADH         LINE#         169
  C:53ADH         LINE#         170
  C:53ADH         LINE#         171
  -------         ENDPROC       _GPIO_PULL_DISABLE
  -------         PROC          _GPIO_SETMODE
  X:06D8H         SYMBOL        u8Port
  D:0001H         SYMBOL        u8PinMask
  D:0003H         SYMBOL        u8Mode
  -------         DO            
  D:0004H         SYMBOL        u8PnM1
  D:0006H         SYMBOL        u8PnM2
  -------         ENDDO         
  C:4AEAH         LINE#         183
  C:4AF1H         LINE#         184
  C:4AF1H         LINE#         187
  C:4AF4H         LINE#         188
  C:4B16H         LINE#         189
  C:4B16H         LINE#         190
  C:4B1CH         LINE#         191
  C:4B22H         LINE#         192
  C:4B28H         LINE#         193
  C:4B2EH         LINE#         194
  C:4B34H         LINE#         195
  C:4B3AH         LINE#         196
  C:4B3EH         LINE#         197
  C:4B3EH         LINE#         198
  C:4B4CH         LINE#         199
  C:4B4CH         LINE#         200
  C:4B4CH         LINE#         201
  C:4B51H         LINE#         202
  C:4B54H         LINE#         203
  C:4B56H         LINE#         204
  C:4B56H         LINE#         205
  C:4B5AH         LINE#         206
  C:4B5DH         LINE#         207
  C:4B5FH         LINE#         208
  C:4B5FH         LINE#         209
  C:4B62H         LINE#         210
  C:4B66H         LINE#         211
  C:4B68H         LINE#         212
  C:4B68H         LINE#         213
  C:4B6BH         LINE#         214
  C:4B6EH         LINE#         215
  C:4B6EH         LINE#         216
  C:4B6EH         LINE#         217
  C:4B93H         LINE#         218
  C:4B93H         LINE#         219
  C:4B99H         LINE#         220
  C:4B9FH         LINE#         221
  C:4BA5H         LINE#         222
  C:4BABH         LINE#         223
  C:4BB1H         LINE#         224
BL51 BANKED LINKER/LOCATER V6.22.2.0                                                  11/01/2022  15:49:49  PAGE 23


  C:4BB7H         LINE#         225
  C:4BBBH         LINE#         226
  C:4BBBH         LINE#         227
  C:4BBEH         LINE#         229
  -------         ENDPROC       _GPIO_SETMODE
  -------         ENDMOD        GPIO

  -------         MODULE        I2C
  C:0000H         SYMBOL        _ICE_DUMMY_
  D:0080H         PUBLIC        P0
  D:0090H         PUBLIC        P1
  D:00A0H         PUBLIC        P2
  D:00B0H         PUBLIC        P3
  D:00D8H         PUBLIC        P4
  D:009BH         PUBLIC        EIE0
  D:009CH         PUBLIC        EIE1
  C:67E8H         PUBLIC        _I2C_DisableInt
  D:00A8H         PUBLIC        IE
  C:67D0H         PUBLIC        _I2C_EnableInt
  C:6853H         PUBLIC        _I2C_Close
  D:00B8H         PUBLIC        IP
  C:68ACH         PUBLIC        _I2C_SLAVE_ADDRESS_MASK_ENABLE
  D:00BDH         PUBLIC        I2C0STAT
  D:00B4H         PUBLIC        I2C1STAT
  C:5A07H         PUBLIC        _I2C_Open
  D:0098H         PUBLIC        SCON
  D:0088H         PUBLIC        TCON
  D:00C1H         PUBLIC        I2C0ADDR0
  D:00A1H         PUBLIC        I2C0ADDR1
  D:00B2H         PUBLIC        I2C1ADDR0
  D:00A4H         PUBLIC        I2C1ADDR1
  D:00A2H         PUBLIC        I2C0ADDR2
  D:00A5H         PUBLIC        I2C1ADDR2
  D:00A3H         PUBLIC        I2C0ADDR3
  D:0091H         PUBLIC        SFRS
  D:00A6H         PUBLIC        I2C1ADDR3
  C:6877H         PUBLIC        _I2C_DisableTimeout
  C:682DH         PUBLIC        _I2C_GetStatus
  D:00BEH         PUBLIC        I2C0CLK
  D:00B5H         PUBLIC        I2C1CLK
  D:00C0H         PUBLIC        I2C0CON
  D:00E8H         PUBLIC        I2C1CON
  D:00BFH         PUBLIC        I2C0TOC
  C:6865H         PUBLIC        _I2C_EnableTimeout
  D:00B6H         PUBLIC        I2C1TOC
  C:5D6DH         PUBLIC        _I2C_SetSlaveAddrMask
  D:00CFH         PUBLIC        I2C0ADDRM
  D:00D7H         PUBLIC        I2C1ADDRM
  D:00F8H         PUBLIC        S1CON
  D:00C8H         PUBLIC        T2CON
  C:6840H         PUBLIC        _I2C_SLAVE_ADDRESS_MASK_DISABLE
  C:6889H         PUBLIC        _I2C_ClearTimeoutFlag
  D:00D0H         PUBLIC        PSW
  -------         PROC          _I2C_OPEN
  D:0007H         SYMBOL        u8I2CSel
  X:06FBH         SYMBOL        u32SYSCLK
  X:06FFH         SYMBOL        u32I2CCLK
BL51 BANKED LINKER/LOCATER V6.22.2.0                                                  11/01/2022  15:49:49  PAGE 24


  C:5A07H         LINE#         21
  C:5A07H         LINE#         22
  C:5A07H         LINE#         23
  C:5A0AH         LINE#         24
  C:5A11H         LINE#         25
  C:5A11H         LINE#         26
  C:5A41H         LINE#         27
  C:5A70H         LINE#         28
  C:5A70H         LINE#         29
  -------         ENDPROC       _I2C_OPEN
  -------         PROC          _I2C_CLOSE
  D:0007H         SYMBOL        u8I2CSel
  C:6853H         LINE#         36
  C:6853H         LINE#         37
  C:6853H         LINE#         38
  C:6856H         LINE#         39
  C:685DH         LINE#         40
  C:685DH         LINE#         41
  C:6861H         LINE#         42
  C:6864H         LINE#         43
  C:6864H         LINE#         44
  -------         ENDPROC       _I2C_CLOSE
  -------         PROC          _I2C_ENABLEINT
  D:0007H         SYMBOL        u8I2CSel
  C:67D0H         LINE#         51
  C:67D0H         LINE#         52
  C:67D0H         LINE#         53
  C:67D3H         LINE#         54
  C:67DAH         LINE#         55
  C:67DAH         LINE#         56
  C:67E1H         LINE#         57
  C:67E7H         LINE#         58
  C:67E7H         LINE#         59
  -------         ENDPROC       _I2C_ENABLEINT
  -------         PROC          _I2C_DISABLEINT
  D:0007H         SYMBOL        u8I2CSel
  C:67E8H         LINE#         66
  C:67E8H         LINE#         67
  C:67E8H         LINE#         68
  C:67EBH         LINE#         69
  C:67F2H         LINE#         70
  C:67F2H         LINE#         71
  C:67F9H         LINE#         72
  C:67FFH         LINE#         73
  C:67FFH         LINE#         74
  -------         ENDPROC       _I2C_DISABLEINT
  -------         PROC          _I2C_GETSTATUS
  D:0007H         SYMBOL        u8I2CSel
  -------         DO            
  D:0006H         SYMBOL        u8i2cstat
  -------         ENDDO         
  C:682DH         LINE#         82
  C:682DH         LINE#         83
  C:682DH         LINE#         85
  C:6830H         LINE#         86
  C:6837H         LINE#         87
  C:6837H         LINE#         88
BL51 BANKED LINKER/LOCATER V6.22.2.0                                                  11/01/2022  15:49:49  PAGE 25


  C:683BH         LINE#         89
  C:683DH         LINE#         90
  C:683DH         LINE#         91
  C:683FH         LINE#         92
  -------         ENDPROC       _I2C_GETSTATUS
  -------         PROC          _I2C_SETSLAVEADDRMASK
  D:0007H         SYMBOL        u8I2CSel
  D:0005H         SYMBOL        u8SlaveNo
  D:0003H         SYMBOL        u8SlaveAddrMask
  C:5D6DH         LINE#         104
  C:5D6DH         LINE#         105
  C:5D6DH         LINE#         106
  C:5D74H         LINE#         107
  C:5D74H         LINE#         108
  C:5D74H         LINE#         109
  C:5D82H         LINE#         110
  C:5D82H         LINE#         111
  C:5D89H         LINE#         112
  C:5D90H         LINE#         113
  C:5D97H         LINE#         114
  C:5D9CH         LINE#         115
  C:5D9CH         LINE#         116
  C:5D9CH         LINE#         117
  C:5DAAH         LINE#         118
  C:5DAAH         LINE#         119
  C:5DB0H         LINE#         120
  C:5DB6H         LINE#         121
  C:5DBCH         LINE#         122
  C:5DC3H         LINE#         123
  C:5DC3H         LINE#         124
  C:5DC3H         LINE#         125
  C:5DC3H         LINE#         126
  -------         ENDPROC       _I2C_SETSLAVEADDRMASK
  -------         PROC          _I2C_ENABLETIMEOUT
  D:0007H         SYMBOL        u8I2CSel
  C:6865H         LINE#         136
  C:6865H         LINE#         137
  C:6865H         LINE#         138
  C:6868H         LINE#         139
  C:686FH         LINE#         140
  C:686FH         LINE#         141
  C:6873H         LINE#         142
  C:6876H         LINE#         143
  C:6876H         LINE#         144
  -------         ENDPROC       _I2C_ENABLETIMEOUT
  -------         PROC          _I2C_DISABLETIMEOUT
  D:0007H         SYMBOL        u8I2CSel
  C:6877H         LINE#         153
  C:6877H         LINE#         154
  C:6877H         LINE#         155
  C:687AH         LINE#         156
  C:6881H         LINE#         157
  C:6881H         LINE#         158
  C:6885H         LINE#         159
  C:6888H         LINE#         160
  C:6888H         LINE#         161
  -------         ENDPROC       _I2C_DISABLETIMEOUT
BL51 BANKED LINKER/LOCATER V6.22.2.0                                                  11/01/2022  15:49:49  PAGE 26


  -------         PROC          _I2C_CLEARTIMEOUTFLAG
  D:0007H         SYMBOL        u8I2CSel
  C:6889H         LINE#         163
  C:6889H         LINE#         164
  C:6889H         LINE#         165
  C:688CH         LINE#         166
  C:6893H         LINE#         167
  C:6893H         LINE#         168
  C:6897H         LINE#         169
  C:689AH         LINE#         170
  C:689AH         LINE#         171
  C:689AH         LINE#         172
  -------         ENDPROC       _I2C_CLEARTIMEOUTFLAG
  -------         PROC          _I2C_SLAVE_ADDRESS_MASK_ENABLE
  D:0007H         SYMBOL        u8I2CSel
  D:0005H         SYMBOL        u8I2CAddMaskBit
  C:68ACH         LINE#         182
  C:68ACH         LINE#         183
  C:68ACH         LINE#         184
  C:68AFH         LINE#         185
  C:68B6H         LINE#         186
  C:68B6H         LINE#         187
  C:68B9H         LINE#         188
  C:68BCH         LINE#         189
  C:68BCH         LINE#         190
  C:68BCH         LINE#         191
  -------         ENDPROC       _I2C_SLAVE_ADDRESS_MASK_ENABLE
  -------         PROC          _I2C_SLAVE_ADDRESS_MASK_DISABLE
  D:0007H         SYMBOL        u8I2CSLVSEL
  D:0005H         SYMBOL        u8I2CAddMaskBit
  C:6840H         LINE#         201
  C:6840H         LINE#         202
  C:6840H         LINE#         203
  C:6843H         LINE#         204
  C:684AH         LINE#         205
  C:684AH         LINE#         206
  C:684EH         LINE#         207
  C:6852H         LINE#         208
  C:6852H         LINE#         209
  C:6852H         LINE#         210
  -------         ENDPROC       _I2C_SLAVE_ADDRESS_MASK_DISABLE
  -------         ENDMOD        I2C

  -------         MODULE        UART3
  C:0000H         SYMBOL        _ICE_DUMMY_
  D:00DBH         PUBLIC        SC1ETURD0
  D:00DCH         PUBLIC        SC1ETURD1
  D:0080H         PUBLIC        P0
  D:0090H         PUBLIC        P1
  D:00A0H         PUBLIC        P2
  D:00B0H         PUBLIC        P3
  D:00D8H         PUBLIC        P4
  D:00E6H         PUBLIC        SC1CR0
  D:00A8H         PUBLIC        IE
  D:00E7H         PUBLIC        SC1CR1
  D:00B8H         PUBLIC        IP
  D:0098H         PUBLIC        SCON
BL51 BANKED LINKER/LOCATER V6.22.2.0                                                  11/01/2022  15:49:49  PAGE 27


  D:0088H         PUBLIC        TCON
  C:009EH         PUBLIC        _UART3_Send_Data
  D:0091H         PUBLIC        SFRS
  D:00DFH         PUBLIC        SC1TSR
  D:00C0H         PUBLIC        I2C0CON
  D:00E8H         PUBLIC        I2C1CON
  X:074FH         PUBLIC        uart3rvbuffer
  D:00D9H         PUBLIC        SC1DR
  C:674AH         PUBLIC        SMC1_ISR
  D:00F8H         PUBLIC        S1CON
  C:4FA4H         PUBLIC        _UART3_Open
  D:00C8H         PUBLIC        T2CON
  C:007EH         PUBLIC        UART3_Receive_Data
  B:0020H.6       PUBLIC        uart3rvflag
  D:00D0H         PUBLIC        PSW
  -------         PROC          SMC1_ISR
  C:674AH         LINE#         19
  C:6750H         LINE#         21
  C:6752H         LINE#         22
  C:6755H         LINE#         23
  C:6757H         LINE#         24
  C:675DH         LINE#         25
  C:675FH         LINE#         26
  -------         ENDPROC       SMC1_ISR
  -------         PROC          _UART3_OPEN
  X:071DH         SYMBOL        u32SysClock
  X:0721H         SYMBOL        u32Baudrate
  C:4FA4H         LINE#         35
  C:4FAAH         LINE#         36
  C:4FAAH         LINE#         37
  C:4FB0H         LINE#         38
  C:4FB6H         LINE#         39
  C:4FBCH         LINE#         40
  C:4FC2H         LINE#         41
  C:4FC8H         LINE#         42
  C:5004H         LINE#         43
  C:5007H         LINE#         44
  C:5048H         LINE#         45
  C:504EH         LINE#         46
  C:5051H         LINE#         47
  C:5057H         LINE#         48
  -------         ENDPROC       _UART3_OPEN
  -------         PROC          UART3_RECEIVE_DATA
  -------         DO            
  D:0007H         SYMBOL        c
  -------         ENDDO         
  C:007EH         LINE#         57
  C:007EH         LINE#         58
  C:007EH         LINE#         61
  C:0084H         LINE#         62
  C:0098H         LINE#         63
  C:009AH         LINE#         65
  C:009AH         LINE#         66
  -------         ENDPROC       UART3_RECEIVE_DATA
  -------         PROC          _UART3_SEND_DATA
  D:0007H         SYMBOL        c
  C:009EH         LINE#         75
BL51 BANKED LINKER/LOCATER V6.22.2.0                                                  11/01/2022  15:49:49  PAGE 28


  C:009EH         LINE#         76
  C:009EH         LINE#         77
  C:00A4H         LINE#         78
  C:00A6H         LINE#         79
  C:00ABH         LINE#         80
  C:00B1H         LINE#         81
  -------         ENDPROC       _UART3_SEND_DATA
  -------         ENDMOD        UART3

  -------         MODULE        UART
  C:0000H         SYMBOL        _ICE_DUMMY_
  D:0080H         PUBLIC        P0
  D:0090H         PUBLIC        P1
  D:00C2H         PUBLIC        P3M1
  D:00A0H         PUBLIC        P2
  D:00C3H         PUBLIC        P3M2
  D:00B0H         PUBLIC        P3
  D:00D8H         PUBLIC        P4
  D:009CH         PUBLIC        EIE1
  C:666EH         PUBLIC        _UART_Send_Data
  B:0020H.0       PUBLIC        UART0PRINTFG
  B:0020H.1       PUBLIC        UART1PRINTFG
  D:00A8H         PUBLIC        IE
  D:00B8H         PUBLIC        IP
  B:0098H.0       PUBLIC        RI
  B:0098H.1       PUBLIC        TI
  C:652DH         PUBLIC        _UART_Interrupt_Enable
  C:6414H         PUBLIC        Enable_UART0_VCOM_printf
  B:00F8H.0       PUBLIC        RI_1
  B:00F8H.1       PUBLIC        TI_1
  D:0099H         PUBLIC        SBUF
  D:0087H         PUBLIC        PCON
  C:38F5H         PUBLIC        _UART_Open
  D:0098H         PUBLIC        SCON
  X:074CH         PUBLIC        uart0_receive_data
  B:0020H.2       PUBLIC        uart0_receive_flag
  D:0089H         PUBLIC        TMOD
  D:0088H         PUBLIC        TCON
  X:074DH         PUBLIC        uart1_receive_data
  B:0020H.3       PUBLIC        uart1_receive_flag
  C:66EFH         PUBLIC        UART0_ISR
  D:0091H         PUBLIC        SFRS
  C:670EH         PUBLIC        _UART_Receive_Data
  D:00C6H         PUBLIC        RH3
  D:008DH         PUBLIC        TH1
  D:00C0H         PUBLIC        I2C0CON
  D:00E8H         PUBLIC        I2C1CON
  D:00C5H         PUBLIC        RL3
  D:009AH         PUBLIC        SBUF1
  D:00F8H         PUBLIC        S1CON
  D:00C8H         PUBLIC        T2CON
  D:00C4H         PUBLIC        T3CON
  D:008EH         PUBLIC        CKCON
  D:00F6H         PUBLIC        P3MF10
  D:00D0H         PUBLIC        PSW
  -------         PROC          ENABLE_UART0_VCOM_PRINTF
  C:6414H         LINE#         20
BL51 BANKED LINKER/LOCATER V6.22.2.0                                                  11/01/2022  15:49:49  PAGE 29


  C:6414H         LINE#         21
  C:6414H         LINE#         26
  C:641DH         LINE#         27
  C:6426H         LINE#         28
  C:643FH         LINE#         29
  C:6444H         LINE#         30
  -------         ENDPROC       ENABLE_UART0_VCOM_PRINTF
  -------         PROC          UART0_ISR
  C:66EFH         LINE#         40
  C:66F5H         LINE#         42
  C:66F7H         LINE#         43
  C:66FAH         LINE#         44
  C:66FAH         LINE#         45
  C:66FCH         LINE#         46
  C:6702H         LINE#         47
  C:6705H         LINE#         48
  C:6705H         LINE#         49
  C:6705H         LINE#         50
  C:6705H         LINE#         53
  C:6705H         LINE#         54
  C:6707H         LINE#         55
  -------         ENDPROC       UART0_ISR
  -------         PROC          _UART_OPEN
  X:06D1H         SYMBOL        u32SysClock
  X:06D5H         SYMBOL        u8UARTPort
  X:06D6H         SYMBOL        u32Baudrate
  C:38F5H         LINE#         73
  C:38FBH         LINE#         74
  C:38FBH         LINE#         75
  C:391AH         LINE#         76
  C:391AH         LINE#         77
  C:391AH         LINE#         78
  C:391AH         LINE#         79
  C:391DH         LINE#         80
  C:3920H         LINE#         81
  C:3923H         LINE#         82
  C:3926H         LINE#         83
  C:392BH         LINE#         84
  C:3930H         LINE#         85
  C:395CH         LINE#         86
  C:395FH         LINE#         87
  C:3960H         LINE#         88
  C:3960H         LINE#         89
  C:3963H         LINE#         90
  C:3966H         LINE#         91
  C:3969H         LINE#         92
  C:396CH         LINE#         93
  C:3971H         LINE#         94
  C:39ADH         LINE#         95
  C:39E7H         LINE#         96
  C:39ECH         LINE#         97
  C:39EDH         LINE#         98
  C:39EDH         LINE#         99
  C:39EDH         LINE#         100
  C:39F0H         LINE#         101
  C:39F3H         LINE#         102
  C:39F6H         LINE#         103
BL51 BANKED LINKER/LOCATER V6.22.2.0                                                  11/01/2022  15:49:49  PAGE 30


  C:3A32H         LINE#         104
  C:3A6CH         LINE#         105
  C:3A71H         LINE#         106
  C:3A71H         LINE#         108
  C:3A71H         LINE#         109
  -------         ENDPROC       _UART_OPEN
  -------         PROC          _UART_RECEIVE_DATA
  D:0007H         SYMBOL        UARTPort
  -------         DO            
  D:0006H         SYMBOL        c
  -------         ENDDO         
  C:670EH         LINE#         113
  C:670EH         LINE#         114
  C:670EH         LINE#         116
  C:6711H         LINE#         117
  C:6719H         LINE#         118
  C:6719H         LINE#         119
  C:6719H         LINE#         120
  C:671CH         LINE#         121
  C:671EH         LINE#         122
  C:6720H         LINE#         123
  C:6722H         LINE#         124
  C:6722H         LINE#         125
  C:6725H         LINE#         126
  C:6727H         LINE#         127
  C:6729H         LINE#         128
  C:6729H         LINE#         129
  C:6729H         LINE#         130
  C:672BH         LINE#         131
  -------         ENDPROC       _UART_RECEIVE_DATA
  -------         PROC          _UART_SEND_DATA
  D:0007H         SYMBOL        UARTPort
  D:0005H         SYMBOL        c
  C:666EH         LINE#         135
  C:666EH         LINE#         136
  C:666EH         LINE#         137
  C:6671H         LINE#         138
  C:6679H         LINE#         139
  C:6679H         LINE#         140
  C:6679H         LINE#         141
  C:667BH         LINE#         142
  C:667DH         LINE#         143
  C:6680H         LINE#         144
  C:6682H         LINE#         145
  C:6683H         LINE#         146
  C:6683H         LINE#         147
  C:6685H         LINE#         148
  C:6689H         LINE#         149
  C:668CH         LINE#         150
  C:668EH         LINE#         151
  C:668EH         LINE#         152
  C:668EH         LINE#         153
  -------         ENDPROC       _UART_SEND_DATA
  -------         PROC          _UART_INTERRUPT_ENABLE
  D:0007H         SYMBOL        u8UARTPort
  D:0005H         SYMBOL        u8UARTINTStatus
  C:652DH         LINE#         164
BL51 BANKED LINKER/LOCATER V6.22.2.0                                                  11/01/2022  15:49:49  PAGE 31


  C:652DH         LINE#         165
  C:652DH         LINE#         166
  C:6535H         LINE#         167
  C:6535H         LINE#         168
  C:6535H         LINE#         169
  C:653CH         LINE#         170
  C:653CH         LINE#         171
  C:6540H         LINE#         172
  C:6544H         LINE#         173
  C:6544H         LINE#         174
  C:6545H         LINE#         175
  C:6545H         LINE#         176
  C:654CH         LINE#         177
  C:654CH         LINE#         178
  C:6553H         LINE#         179
  C:6559H         LINE#         180
  C:6559H         LINE#         181
  C:6559H         LINE#         182
  C:6559H         LINE#         183
  -------         ENDPROC       _UART_INTERRUPT_ENABLE
  -------         ENDMOD        UART

  -------         MODULE        PWM0
  C:0000H         SYMBOL        _ICE_DUMMY_
  D:0080H         PUBLIC        P0
  D:0090H         PUBLIC        P1
  D:00A0H         PUBLIC        P2
  D:00B0H         PUBLIC        P3
  D:00D8H         PUBLIC        P4
  B:00A8H.7       PUBLIC        EA
  D:00A8H         PUBLIC        IE
  D:00C7H         PUBLIC        TA
  D:00B8H         PUBLIC        IP
  D:00FAH         PUBLIC        PWM0DTCNT
  D:0098H         PUBLIC        SCON
  C:2E2BH         PUBLIC        _PWM0_ConfigOutputChannel
  D:0088H         PUBLIC        TCON
  D:00D1H         PUBLIC        PWM0CON0
  D:00DFH         PUBLIC        PWM0CON1
  D:009DH         PUBLIC        PWM1CON1
  D:00D1H         PUBLIC        PWM0PH
  D:0091H         PUBLIC        SFRS
  D:00D9H         PUBLIC        PWM0PL
  D:00E0H         PUBLIC        ACC
  C:698DH         PUBLIC        PWM0_STOP
  D:00C0H         PUBLIC        I2C0CON
  D:00E8H         PUBLIC        I2C1CON
  D:00F9H         PUBLIC        PWM0DTEN
  C:5C04H         PUBLIC        _PWM0_DeadZoneEnable
  D:00D2H         PUBLIC        PWM0C0H
  D:00D3H         PUBLIC        PWM0C1H
  D:00D4H         PUBLIC        PWM0C2H
  D:00D5H         PUBLIC        PWM0C3H
  D:00DAH         PUBLIC        PWM0C0L
  D:00C4H         PUBLIC        PWM0C4H
  D:00F8H         PUBLIC        S1CON
  D:00DBH         PUBLIC        PWM0C1L
BL51 BANKED LINKER/LOCATER V6.22.2.0                                                  11/01/2022  15:49:49  PAGE 32


  D:00C5H         PUBLIC        PWM0C5H
  D:00DCH         PUBLIC        PWM0C2L
  D:00C8H         PUBLIC        T2CON
  D:00DDH         PUBLIC        PWM0C3L
  C:68BDH         PUBLIC        PWM0_DeadZone_ALL_Disable
  D:00CCH         PUBLIC        PWM0C4L
  D:00CDH         PUBLIC        PWM0C5L
  C:58BEH         PUBLIC        _PWM0_ClockSource
  C:592CH         PUBLIC        _PWM1_ClockSource
  D:008EH         PUBLIC        CKCON
  D:00D0H         PUBLIC        PSW
  C:6986H         PUBLIC        PWM0_RUN
  -------         PROC          _PWM0_CLOCKSOURCE
  D:0007H         SYMBOL        u8PWMCLKSource
  D:0005H         SYMBOL        u8PWM0CLKDIV
  C:58BEH         LINE#         25
  C:58BEH         LINE#         26
  C:58BEH         LINE#         27
  C:58C5H         LINE#         28
  C:58C5H         LINE#         29
  C:58CDH         LINE#         30
  C:58D3H         LINE#         31
  C:58D3H         LINE#         32
  C:58D6H         LINE#         33
  C:58F7H         LINE#         34
  C:58F7H         LINE#         35
  C:58FBH         LINE#         36
  C:5902H         LINE#         37
  C:5909H         LINE#         38
  C:5910H         LINE#         39
  C:5917H         LINE#         40
  C:591EH         LINE#         41
  C:5925H         LINE#         42
  C:592BH         LINE#         43
  C:592BH         LINE#         44
  -------         ENDPROC       _PWM0_CLOCKSOURCE
  -------         PROC          _PWM0_CONFIGOUTPUTCHANNEL
  D:0007H         SYMBOL        u8PWM0ChannelNum
  D:0005H         SYMBOL        u8PWM0OPMode
  D:0003H         SYMBOL        u8PWM0PwmType
  X:06D5H         SYMBOL        u32PWM0Frequency
  X:06D9H         SYMBOL        u16PWM0DutyCycle
  C:2E2BH         LINE#         57
  C:2E2BH         LINE#         62
  C:2E2BH         LINE#         63
  C:2E2EH         LINE#         64
  C:2E39H         LINE#         65
  C:2E39H         LINE#         66
  C:2E3EH         LINE#         67
  C:2E46H         LINE#         68
  C:2E4CH         LINE#         69
  C:2E4CH         LINE#         70
  C:2E53H         LINE#         71
  C:2E53H         LINE#         72
  C:2E58H         LINE#         73
  C:2E5BH         LINE#         74
  C:2E5BH         LINE#         75
BL51 BANKED LINKER/LOCATER V6.22.2.0                                                  11/01/2022  15:49:49  PAGE 33


  C:2E7EH         LINE#         76
  C:2E7EH         LINE#         77
  C:2ED4H         LINE#         78
  C:2F2AH         LINE#         79
  C:2F80H         LINE#         80
  C:2FD6H         LINE#         81
  C:302BH         LINE#         82
  C:307EH         LINE#         83
  C:307EH         LINE#         84
[...]
  C:5A74H         LINE#         187
  C:5A79H         LINE#         189
  C:5A7CH         LINE#         190
  C:5A81H         LINE#         193
  C:5A83H         LINE#         195
  C:5A89H         LINE#         196
  C:5A92H         LINE#         197
  C:5A9BH         LINE#         198
  C:5AADH         LINE#         200
  C:5AB0H         LINE#         201
  C:5AB3H         LINE#         203
  C:5AB6H         LINE#         204
  C:5AB9H         LINE#         205
  C:5AC0H         LINE#         207
  C:5AC2H         LINE#         208
  C:5AC5H         LINE#         209
  C:5AC8H         LINE#         210
  C:5ACBH         LINE#         211
  C:5ACEH         LINE#         212
  C:5AD3H         LINE#         213
  C:5AD9H         LINE#         214
  -------         ENDPROC       RF_INIT
  -------         PROC          RESETLVRF
  -------         DO            
  X:06D1H         SYMBOL        a
  -------         ENDDO         
  C:62D9H         LINE#         221
  C:62D9H         LINE#         222
  C:62D9H         LINE#         223
  C:62DEH         LINE#         224
  C:62E4H         LINE#         225
  C:62E4H         LINE#         226
  C:62EEH         LINE#         227
  C:62F3H         LINE#         228
  C:62F8H         LINE#         229
  C:6302H         LINE#         230
  C:6307H         LINE#         231
  C:630CH         LINE#         232
  C:630EH         LINE#         233
  -------         ENDPROC       RESETLVRF
  -------         PROC          BC3602_CONFIG
  -------         DO            
BL51 BANKED LINKER/LOCATER V6.22.2.0                                                  11/01/2022  15:49:49  PAGE 103


  X:06D1H         SYMBOL        a
  -------         ENDDO         
  C:3EB0H         LINE#         241
  C:3EB0H         LINE#         242
  C:3EB0H         LINE#         243
  C:3EB5H         LINE#         245
  C:3EE4H         LINE#         247
  C:3F17H         LINE#         249
  C:3F4AH         LINE#         252
  C:3F4FH         LINE#         253
  C:3F82H         LINE#         255
  C:3F87H         LINE#         256
  C:3FBAH         LINE#         258
  C:3FBFH         LINE#         259
  C:3FF2H         LINE#         260
  C:3FF7H         LINE#         261
  -------         ENDPROC       BC3602_CONFIG
  -------         PROC          _RFWRITEBUF
  D:0007H         SYMBOL        CMD
  X:06D1H         SYMBOL        length
  X:06D2H         SYMBOL        Data
  -------         DO            
  X:06D5H         SYMBOL        a
  -------         ENDDO         
  C:60A0H         LINE#         269
  C:60AEH         LINE#         270
  C:60AEH         LINE#         273
  C:60B0H         LINE#         274
  C:60B3H         LINE#         275
  C:60E5H         LINE#         277
  C:60E7H         LINE#         278
  -------         ENDPROC       _RFWRITEBUF
  -------         PROC          RFWRITESYNCWORD
  -------         DO            
  D:0007H         SYMBOL        a
  -------         ENDDO         
  C:6344H         LINE#         286
  C:6344H         LINE#         287
  C:6344H         LINE#         328
  C:6350H         LINE#         329
  C:636BH         LINE#         330
  C:6378H         LINE#         334
  -------         ENDPROC       RFWRITESYNCWORD
  -------         PROC          _DATA_PROCESS
  D:0001H         SYMBOL        FIFO
  C:67B7H         LINE#         341
  C:67B7H         LINE#         342
  C:67B7H         LINE#         343
  C:67BEH         LINE#         344
  C:67C3H         LINE#         348
  C:67CAH         LINE#         349
  C:67CFH         LINE#         350
  -------         ENDPROC       _DATA_PROCESS
  -------         PROC          _KEY_BC3602
  D:0007H         SYMBOL        key_status
  C:56E2H         LINE#         357
  C:56E2H         LINE#         358
BL51 BANKED LINKER/LOCATER V6.22.2.0                                                  11/01/2022  15:49:49  PAGE 104


  C:56E2H         LINE#         359
  C:56F1H         LINE#         360
  C:56F1H         LINE#         361
  C:56F1H         LINE#         362
  C:56F7H         LINE#         363
  C:56FFH         LINE#         364
  C:5704H         LINE#         365
  C:570AH         LINE#         366
  C:570BH         LINE#         368
  C:570BH         LINE#         369
  C:5711H         LINE#         370
  C:571AH         LINE#         371
  C:571FH         LINE#         372
  C:5725H         LINE#         373
  C:5726H         LINE#         375
  C:5726H         LINE#         376
  C:572CH         LINE#         377
  C:5735H         LINE#         378
  C:573AH         LINE#         379
  C:5740H         LINE#         380
  C:5741H         LINE#         382
  C:5741H         LINE#         383
  C:5747H         LINE#         384
  C:5750H         LINE#         385
  C:5755H         LINE#         386
  C:575BH         LINE#         387
  C:575BH         LINE#         389
  C:575BH         LINE#         390
  C:575BH         LINE#         391
  C:575BH         LINE#         392
  -------         ENDPROC       _KEY_BC3602
  -------         PROC          PININTERRUPT_ISR
  C:64A3H         LINE#         394
  C:64B0H         LINE#         396
  C:64B2H         LINE#         398
  C:64B5H         LINE#         399
  C:64BBH         LINE#         400
  C:64BBH         LINE#         401
  C:64BBH         LINE#         402
  C:64C2H         LINE#         403
  C:64C2H         LINE#         404
  C:64C2H         LINE#         405
  C:64C2H         LINE#         406
  C:64C2H         LINE#         407
  C:64C5H         LINE#         409
  C:64C7H         LINE#         410
  -------         ENDPROC       PININTERRUPT_ISR
  -------         PROC          GET_RF_MODE
  C:6A02H         LINE#         412
  C:6A02H         LINE#         413
  C:6A02H         LINE#         414
  C:6A07H         LINE#         415
  -------         ENDPROC       GET_RF_MODE
  -------         PROC          _WRITEFIFO
  X:0738H         SYMBOL        rf_fifo
  X:073BH         SYMBOL        payload_length
  -------         DO            
BL51 BANKED LINKER/LOCATER V6.22.2.0                                                  11/01/2022  15:49:49  PAGE 105


  X:073CH         SYMBOL        a
  -------         ENDDO         
  C:5FB7H         LINE#         424
  C:5FC5H         LINE#         425
  C:5FC5H         LINE#         426
  C:5FC8H         LINE#         427
  C:5FCAH         LINE#         428
  C:5FCFH         LINE#         429
  C:5FDFH         LINE#         430
  C:5FDFH         LINE#         431
  C:5FF1H         LINE#         432
  C:5FFBH         LINE#         433
  C:6003H         LINE#         434
  C:6005H         LINE#         435
  -------         ENDPROC       _WRITEFIFO
  -------         PROC          _READFIFO
  X:073DH         SYMBOL        rf_fifo
  X:0740H         SYMBOL        length
  -------         DO            
  X:0741H         SYMBOL        a
  -------         ENDDO         
  C:6006H         LINE#         442
  C:6014H         LINE#         443
  C:6014H         LINE#         444
  C:6017H         LINE#         445
  C:6019H         LINE#         446
  C:601EH         LINE#         447
  C:602EH         LINE#         448
  C:602EH         LINE#         449
  C:6040H         LINE#         450
  C:604AH         LINE#         451
  C:6052H         LINE#         452
  C:6054H         LINE#         453
  -------         ENDPROC       _READFIFO
  -------         PROC          _SIMPLEFIFO_TX_PROCESS
  X:0703H         SYMBOL        step
  X:0706H         SYMBOL        IRQ
  X:0709H         SYMBOL        Mode
  C:4E28H         LINE#         464
  C:4E33H         LINE#         465
  C:4E33H         LINE#         466
  C:4E4AH         LINE#         467
  C:4E4AH         LINE#         468
  C:4E4AH         LINE#         469
  C:4E4FH         LINE#         470
  C:4E52H         LINE#         472
  C:4E59H         LINE#         474
  C:4E5EH         LINE#         475
  C:4E65H         LINE#         476
  C:4E70H         LINE#         478
  C:4E75H         LINE#         479
  C:4E85H         LINE#         480
  C:4E95H         LINE#         481
  C:4E96H         LINE#         483
  C:4E96H         LINE#         484
  C:4E99H         LINE#         485
  C:4EABH         LINE#         487
BL51 BANKED LINKER/LOCATER V6.22.2.0                                                  11/01/2022  15:49:49  PAGE 106


  C:4EB2H         LINE#         488
  C:4EB2H         LINE#         489
  C:4EB7H         LINE#         490
  C:4EC7H         LINE#         491
  C:4ED6H         LINE#         492
  C:4ED6H         LINE#         493
  C:4ED7H         LINE#         495
  C:4ED7H         LINE#         496
  C:4EE6H         LINE#         497
  C:4EE6H         LINE#         498
  C:4EE6H         LINE#         499
  -------         ENDPROC       _SIMPLEFIFO_TX_PROCESS
  -------         PROC          _SIMPLEFIFO_RX_PROCESS
  X:070CH         SYMBOL        step
  X:070FH         SYMBOL        IRQ
  X:0712H         SYMBOL        Mode
  -------         DO            
  D:0007H         SYMBOL        a
  -------         ENDDO         
  C:4A02H         LINE#         507
  C:4A0DH         LINE#         508
  C:4A0DH         LINE#         511
  C:4A19H         LINE#         512
  C:4A19H         LINE#         513
  C:4A19H         LINE#         514
  C:4A1EH         LINE#         515
  C:4A21H         LINE#         517
  C:4A28H         LINE#         519
  C:4A34H         LINE#         520
  C:4A43H         LINE#         522
  C:4A48H         LINE#         523
  C:4A4FH         LINE#         525
  C:4A54H         LINE#         526
  C:4A64H         LINE#         527
  C:4A74H         LINE#         528
  C:4A75H         LINE#         530
  C:4A75H         LINE#         531
  C:4A78H         LINE#         532
  C:4A8AH         LINE#         534
  C:4A93H         LINE#         535
  C:4A93H         LINE#         536
  C:4A97H         LINE#         537
  C:4AA2H         LINE#         538
  C:4AB5H         LINE#         539
  C:4ABAH         LINE#         540
  C:4ACAH         LINE#         541
  C:4AD9H         LINE#         542
  C:4AD9H         LINE#         543
  C:4ADAH         LINE#         545
  C:4ADAH         LINE#         546
  C:4AE9H         LINE#         547
  C:4AE9H         LINE#         548
  C:4AE9H         LINE#         549
  -------         ENDPROC       _SIMPLEFIFO_RX_PROCESS
  -------         PROC          RF_FINISHED_PROCESS
  C:5666H         LINE#         559
  C:5666H         LINE#         560
BL51 BANKED LINKER/LOCATER V6.22.2.0                                                  11/01/2022  15:49:49  PAGE 107


  C:5666H         LINE#         561
  C:566DH         LINE#         562
  C:566DH         LINE#         563
  C:566FH         LINE#         564
  C:5675H         LINE#         566
  C:5687H         LINE#         567
  C:5687H         LINE#         568
  C:5687H         LINE#         570
  C:568CH         LINE#         571
  C:568EH         LINE#         572
  C:568EH         LINE#         574
  C:5693H         LINE#         575
  C:5695H         LINE#         576
  C:5695H         LINE#         578
  C:569AH         LINE#         579
  C:569CH         LINE#         580
  C:569CH         LINE#         582
  C:56A1H         LINE#         583
  C:56A1H         LINE#         584
  C:56A1H         LINE#         585
  C:56A1H         LINE#         586
  C:56A1H         LINE#         588
  C:56A1H         LINE#         590
  C:56A9H         LINE#         591
  C:56A9H         LINE#         592
  C:56ABH         LINE#         593
  C:56B1H         LINE#         594
  C:56B8H         LINE#         595
  C:56B8H         LINE#         599
  C:56B8H         LINE#         601
  C:56B8H         LINE#         602
  C:56CAH         LINE#         603
  C:56CAH         LINE#         604
  C:56CAH         LINE#         606
  C:56CFH         LINE#         607
  C:56D0H         LINE#         608
  C:56D0H         LINE#         610
  C:56D5H         LINE#         611
  C:56D6H         LINE#         612
  C:56D6H         LINE#         614
  C:56DBH         LINE#         615
  C:56DCH         LINE#         616
  C:56DCH         LINE#         618
  C:56E1H         LINE#         619
  C:56E1H         LINE#         620
  C:56E1H         LINE#         621
  C:56E1H         LINE#         622
  C:56E1H         LINE#         623
  C:56E1H         LINE#         624
  C:56E1H         LINE#         625
  -------         ENDPROC       RF_FINISHED_PROCESS
  -------         PROC          BC3602_RF_PROCESS
  C:5E1BH         LINE#         628
  C:5E1BH         LINE#         629
  C:5E1BH         LINE#         631
  C:5E23H         LINE#         632
  C:5E44H         LINE#         634
BL51 BANKED LINKER/LOCATER V6.22.2.0                                                  11/01/2022  15:49:49  PAGE 108


  C:5E4CH         LINE#         635
  C:5E6DH         LINE#         636
  C:5E70H         LINE#         638
  -------         ENDPROC       BC3602_RF_PROCESS
  -------         ENDMOD        BC3602

  -------         MODULE        BC3602_SPI
  C:0000H         SYMBOL        _ICE_DUMMY_
  D:0080H         PUBLIC        P0
  D:0090H         PUBLIC        P1
  D:00A0H         PUBLIC        P2
  D:00B0H         PUBLIC        P3
  D:00D8H         PUBLIC        P4
  D:00A8H         PUBLIC        IE
  D:00B8H         PUBLIC        IP
  C:63AEH         PUBLIC        SpiRead
  B:0080H.0       PUBLIC        P00
  B:0090H.0       PUBLIC        P10
  B:0080H.1       PUBLIC        P01
  D:0098H         PUBLIC        SCON
  D:0088H         PUBLIC        TCON
  C:6379H         PUBLIC        _SpiWrite
  D:00C0H         PUBLIC        I2C0CON
  D:00E8H         PUBLIC        I2C1CON
  C:65B2H         PUBLIC        _Set_RFSDIO_Dir
  D:00F8H         PUBLIC        S1CON
  D:00C8H         PUBLIC        T2CON
  C:672CH         PUBLIC        BC3602_SPI_IOConfig
  D:00D0H         PUBLIC        PSW
  -------         PROC          BC3602_SPI_IOCONFIG
  C:672CH         LINE#         3
  C:672CH         LINE#         4
  C:672CH         LINE#         6
  C:6735H         LINE#         7
  C:673AH         LINE#         8
  C:6743H         LINE#         9
  C:6745H         LINE#         10
  C:6747H         LINE#         11
  C:6749H         LINE#         12
  -------         ENDPROC       BC3602_SPI_IOCONFIG
  -------         PROC          _SET_RFSDIO_DIR
  X:06D7H         SYMBOL        Director
  C:65B2H         LINE#         14
  C:65B7H         LINE#         15
  C:65B7H         LINE#         16
  C:65B9H         LINE#         17
  C:65B9H         LINE#         18
  C:65C1H         LINE#         20
  C:65C2H         LINE#         21
  C:65CAH         LINE#         22
  C:65CAH         LINE#         23
  C:65D2H         LINE#         24
  C:65DAH         LINE#         25
  C:65DAH         LINE#         26
  -------         ENDPROC       _SET_RFSDIO_DIR
  -------         PROC          _SPIWRITE
  X:06D6H         SYMBOL        SIMD
BL51 BANKED LINKER/LOCATER V6.22.2.0                                                  11/01/2022  15:49:49  PAGE 109


  -------         DO            
  D:0007H         SYMBOL        cnt
  -------         ENDDO         
  C:6379H         LINE#         28
  C:637EH         LINE#         29
  C:637EH         LINE#         33
  C:6383H         LINE#         34
  C:638FH         LINE#         35
  C:638FH         LINE#         37
  C:6391H         LINE#         38
  C:6399H         LINE#         39
  C:639DH         LINE#         41
  C:639FH         LINE#         42
  C:63A6H         LINE#         44
  C:63A8H         LINE#         45
  C:63ABH         LINE#         47
  C:63ADH         LINE#         49
  -------         ENDPROC       _SPIWRITE
  -------         PROC          SPIREAD
  -------         DO            
  D:0003H         SYMBOL        cnt
  X:06D2H         SYMBOL        SIMD
  -------         ENDDO         
  C:63AEH         LINE#         57
  C:63AEH         LINE#         58
  C:63AEH         LINE#         60
  C:63B3H         LINE#         62
  C:63B8H         LINE#         64
  C:63BAH         LINE#         65
  C:63C6H         LINE#         66
  C:63C6H         LINE#         67
  C:63CEH         LINE#         69
  C:63D0H         LINE#         70
  C:63D3H         LINE#         71
  C:63D7H         LINE#         73
  C:63D9H         LINE#         74
  C:63DCH         LINE#         75
  C:63E1H         LINE#         77
  -------         ENDPROC       SPIREAD
  -------         ENDMOD        BC3602_SPI

  -------         MODULE        ?C?FPADD
  C:00BDH         PUBLIC        ?C?FPADD
  C:00B9H         PUBLIC        ?C?FPSUB
  -------         ENDMOD        ?C?FPADD

  -------         MODULE        ?C?FPMUL
  C:01AEH         PUBLIC        ?C?FPMUL
  -------         ENDMOD        ?C?FPMUL

  -------         MODULE        ?C?FPDIV
  C:02B7H         PUBLIC        ?C?FPDIV
  -------         ENDMOD        ?C?FPDIV

  -------         MODULE        ?C?FPCMP
  C:0356H         PUBLIC        ?C?FPCMP
  C:0354H         PUBLIC        ?C?FPCMP3
BL51 BANKED LINKER/LOCATER V6.22.2.0                                                  11/01/2022  15:49:49  PAGE 110


  -------         ENDMOD        ?C?FPCMP

  -------         MODULE        ?C?FCAST
  C:03D7H         PUBLIC        ?C?FCASTC
  C:03D2H         PUBLIC        ?C?FCASTI
  C:03CDH         PUBLIC        ?C?FCASTL
  -------         ENDMOD        ?C?FCAST

  -------         MODULE        ?C?CASTF
  C:040BH         PUBLIC        ?C?CASTF
  -------         ENDMOD        ?C?CASTF

  -------         MODULE        ?C?COPY
  C:055CH         PUBLIC        ?C?COPY
  -------         ENDMOD        ?C?COPY

  -------         MODULE        ?C?CLDPTR
  C:0582H         PUBLIC        ?C?CLDPTR
  -------         ENDMOD        ?C?CLDPTR

  -------         MODULE        ?C?CLDOPTR
  C:059BH         PUBLIC        ?C?CLDOPTR
  -------         ENDMOD        ?C?CLDOPTR

  -------         MODULE        ?C?CILDPTR
  C:05C8H         PUBLIC        ?C?CILDPTR
  -------         ENDMOD        ?C?CILDPTR

  -------         MODULE        ?C?CSTPTR
  C:05EAH         PUBLIC        ?C?CSTPTR
  -------         ENDMOD        ?C?CSTPTR

  -------         MODULE        ?C?CSTOPTR
  C:05FCH         PUBLIC        ?C?CSTOPTR
  -------         ENDMOD        ?C?CSTOPTR

  -------         MODULE        ?C?IMUL
  C:061EH         PUBLIC        ?C?IMUL
  -------         ENDMOD        ?C?IMUL

  -------         MODULE        ?C?UIDIV
  C:0630H         PUBLIC        ?C?UIDIV
  -------         ENDMOD        ?C?UIDIV

  -------         MODULE        ?C?IILDX
  C:0685H         PUBLIC        ?C?IILDX
  -------         ENDMOD        ?C?IILDX

  -------         MODULE        ?C?ILDIX
  C:069BH         PUBLIC        ?C?ILDIX
  -------         ENDMOD        ?C?ILDIX

  -------         MODULE        ?C?LMUL
  C:06B1H         PUBLIC        ?C?LMUL
  -------         ENDMOD        ?C?LMUL

  -------         MODULE        ?C?ULDIV
BL51 BANKED LINKER/LOCATER V6.22.2.0                                                  11/01/2022  15:49:49  PAGE 111


  C:073CH         PUBLIC        ?C?ULDIV
  -------         ENDMOD        ?C?ULDIV

  -------         MODULE        ?C?LNEG
  C:07CEH         PUBLIC        ?C?LNEG
  -------         ENDMOD        ?C?LNEG

  -------         MODULE        ?C?ULSHR
  C:07DCH         PUBLIC        ?C?ULSHR
  -------         ENDMOD        ?C?ULSHR

  -------         MODULE        ?C?LSTXDATA
  C:07EFH         PUBLIC        ?C?LSTXDATA
  -------         ENDMOD        ?C?LSTXDATA

  -------         MODULE        ?C?LSTKXDATA
  C:07FBH         PUBLIC        ?C?LSTKXDATA
  -------         ENDMOD        ?C?LSTKXDATA

  -------         MODULE        ?C?CCASE
  C:082CH         PUBLIC        ?C?CCASE
  -------         ENDMOD        ?C?CCASE

  -------         MODULE        ?C?MEMSET
  C:0852H         PUBLIC        ?C?MEMSET
  -------         ENDMOD        ?C?MEMSET

Program Size: data=12.7 xdata=1874 code=27144
LINK/LOCATE RUN COMPLETE.  0 WARNING(S),  0 ERROR(S)
