C51 COMPILER V9.60.0.0   UART                                                              10/31/2022 08:45:41 PAGE 1   


C51 COMPILER V9.60.0.0, COMPILATION OF MODULE UART
OBJECT MODULE PLACED IN .\Output\uart.obj
COMPILER INVOKED BY: d:\Keil_v5\C51\BIN\C51.EXE ..\..\..\UserCode\StdDriver\src\uart.c LARGE OPTIMIZE(7,SPEED) BROWSE IN
                    -CDIR(..\..\..\UserCode\Device\Include;..\..\..\UserCode\StdDriver\inc;..\..\..\UserCode\User\ins;..\..\..\UserCode\StdDr
                    -iver\src;..\..\..\UserCode\StdDriver\lib) DEBUG OBJECTEXTEND PRINT(.\LST\uart.lst) TABS(2) OBJECT(.\Output\uart.obj)

line level    source

   1          /*--------------------------------------------------------------------------------------------------------
             --*/
   2          /*                                                                                                        
             - */
   3          /* Copyright(c) 2020 Nuvoton Technology Corp. All rights reserved.                                        
             - */
   4          /*                                                                                                        
             - */
   5          /*--------------------------------------------------------------------------------------------------------
             --*/
   6          
   7          //********************************************************************************************************
             -***
   8          //  Nuvoton Technoledge Corp. 
   9          //  Website: http://www.nuvoton.com
  10          //  E-Mail : MicroC-8bit@nuvoton.com
  11          //  Date   : Apr/29/2020
  12          //********************************************************************************************************
             -***
  13          
  14          #include "ML51.h"
  15          bit UART0PRINTFG=0,UART1PRINTFG=0, uart0_receive_flag = 0, uart1_receive_flag;
  16          unsigned char uart0_receive_data, uart1_receive_data;
  17          
  18          
  19          
  20          void Enable_UART0_VCOM_printf(void)
  21          {
  22   1        /* UART0 initial setting
  23   1        ** include uart.c in Library for UART initial setting
  24   1        **UART0 define P3.1 TXD multi function setting
  25   1        **/
  26   1          MFP_P31_UART0_TXD;
  27   1          P31_QUASI_MODE;
  28   1          UART_Open(24000000,UART0_Timer3,115200);
  29   1          ENABLE_UART0_PRINTF;
  30   1      }
  31          /* UART0 interrupt subroutine */
  32          
  33          /**
  34           * @brief       UART0 interrupt subroutine
  35           * @param       UART0~3, baudrate value
  36           * @return      none
  37           * @details     none
  38           * @note        Since printf function TI must be 1. Check with printf flag, for printf enable, not clear T
             -I . 
  39           */
  40          void UART0_ISR(void) interrupt 4
  41          {
  42   1          _push_(SFRS);
  43   1          if (RI)
  44   1          {
  45   2              uart0_receive_flag = 1;
C51 COMPILER V9.60.0.0   UART                                                              10/31/2022 08:45:41 PAGE 2   

  46   2              uart0_receive_data = SBUF;
  47   2              clr_SCON_RI;                                         // Clear RI (Receive Interrupt).
  48   2          }
  49   1          if (TI)
  50   1          {
  51   2      //        if (!UART0PRINTFG)
  52   2      //            TI = 0;
  53   2          }
  54   1          _pop_(SFRS);
  55   1      }
  56          
  57          
  58          
  59          
  60          /**
  61           * @brief       UART no interrupt enable setting 
  62           * @param       UART0~3, baudrate value
  63           * @return      none
  64           * @details     none
  65           * @note        max baud rate = 1.5MHz when Fsys = 24MHz
  66           */
  67          //********************************************************************************************************
             -********  
  68          //**** UART Enable Setting  
  69          //**** 1. Define Fsys value(value)
  70          //**** 2. Select UART port(UART0_Timer1 / UART0_Timer3 / UART1_Timer3 / UART2/UART3) 
  71          //**** 3. Define baudrate (value)
  72          //**** For example: UART_Open(24000000,UART0_Timer1,115200)
  73          void UART_Open(unsigned long u32SysClock, unsigned char u8UARTPort,unsigned long u32Baudrate)
  74          {
  75   1        switch(u8UARTPort)
  76   1        {
  77   2            case UART0_Timer1:
  78   2            case UART0:
  79   2                SFRS = 0x00;
  80   2                SCON = 0x50;             /*UART0 Mode1,REN=1,TI=1 */
  81   2                TMOD |= 0x20;            /*Timer1 Mode1*/
  82   2                set_PCON_SMOD;          /*UART0 Double Rate Enable*/
  83   2                set_CKCON_T1M;
  84   2                clr_T3CON_BRCK;          /*Serial port 0 baud rate clock source = Timer1*/
  85   2                TH1 = 256 - (u32SysClock/16/u32Baudrate);
  86   2                set_TCON_TR1;
  87   2            break;
  88   2            case UART0_Timer3:
  89   2                SFRS = 0x00;
  90   2                SCON = 0x50;            /*UART0 Mode1,REN=1,TI=1*/
  91   2                set_PCON_SMOD;          /*UART0 Double Rate Enable*/
  92   2                T3CON &= 0xF8;          /*T3PS2=0,T3PS1=0,T3PS0=0(Prescale=1)*/
  93   2                set_T3CON_BRCK;         /*UART0 baud rate clock source = Timer3*/
  94   2                RH3    = HIBYTE(65536 - (u32SysClock/16/u32Baudrate));
  95   2                RL3    = LOBYTE(65536 - (u32SysClock/16/u32Baudrate));
  96   2                set_T3CON_TR3;          /*Trigger Timer3*/
  97   2            break;
  98   2            case UART1_Timer3:
  99   2            case UART1:
 100   2                SFRS = 0x00;
 101   2                S1CON = 0x50;           /*UART1 Mode1,REN_1=1 */
 102   2                T3CON = 0x88;           /*T3PS2=0,T3PS1=0,T3PS0=0(Prescale=1), UART1 in MODE 1*/
 103   2                RH3    = HIBYTE(65536 - (u32SysClock/16/u32Baudrate));
 104   2                RL3    = LOBYTE(65536 - (u32SysClock/16/u32Baudrate));
 105   2                set_T3CON_TR3;          /* Trigger Timer3 */
 106   2            break; 
C51 COMPILER V9.60.0.0   UART                                                              10/31/2022 08:45:41 PAGE 3   

 107   2      
 108   2        }
 109   1      }
 110          //********************************************************************************************************
             -********  
 111          //**** UART Receive data without interrupt  
 112          //**** For example: UART_Open(UART0_Timer1,1200)
 113          unsigned char UART_Receive_Data(unsigned char UARTPort)
 114          {
 115   1          unsigned char c;
 116   1          SFRS = 0x00;
 117   1          switch (UARTPort)
 118   1          {
 119   2            case UART0:
 120   2              while (!RI);
 121   2              c = SBUF;
 122   2              RI = 0;
 123   2            break;
 124   2            case UART1:
 125   2              while (!RI_1);
 126   2              c = SBUF1;
 127   2              RI_1 = 0;
 128   2            break;
 129   2          }
 130   1          return (c);
 131   1      }
 132          //********************************************************************************************************
             -********  
 133          //**** UART transfer data without interrupt  
 134          //**** For example: UART_Send_Data(UART0,0x55)
 135          void UART_Send_Data(unsigned char UARTPort, unsigned char c)
 136          {
 137   1          SFRS = 0x00;
 138   1          switch (UARTPort)
 139   1          {
 140   2            case UART0:
 141   2              TI = 0;
 142   2              SBUF = c;
 143   2              while(TI==0);
 144   2              TI = 0;
 145   2            break;
 146   2            case UART1:
 147   2              TI_1 = 0;
 148   2              SBUF1 = c;
 149   2              while(TI_1==0);
 150   2              TI_1 = 0;
 151   2            break;
 152   2          }
 153   1      }
 154          
 155          
 156          /**
 157           * @brief       UART interrupt enable setting 
 158           * @param       u8UARTPort: UART0/UART1/UART2/UART3 baudrate value
 159           * @param       u8UARTINTStatus: Disable/Enable
 160           * @return      none
 161           * @details     none
 162           * @note        max baud rate = 1.5MHz when Fsys = 24MHz
 163           */
 164          void UART_Interrupt_Enable(unsigned char u8UARTPort, unsigned char u8UARTINTStatus)
 165          {
 166   1          switch (u8UARTPort)
C51 COMPILER V9.60.0.0   UART                                                              10/31/2022 08:45:41 PAGE 4   

 167   1          {
 168   2              case UART0: 
 169   2                switch(u8UARTINTStatus)
 170   2                {
 171   3                  case Disable: clr_IE_ES; break;
 172   3                  case Enable:  set_IE_ES; break;
 173   3                }
 174   2              break;
 175   2              case UART1:
 176   2                switch(u8UARTINTStatus)
 177   2                {
 178   3                  case Disable: clr_EIE1_ES1; break;
 179   3                  case Enable:  set_EIE1_ES1; break;
 180   3                }
 181   2              break;
 182   2          }
 183   1      }
 184          
 185          


MODULE INFORMATION:   STATIC OVERLAYABLE
   CODE SIZE        =    569    ----
   CONSTANT SIZE    =   ----    ----
   XDATA SIZE       =      2       9
   PDATA SIZE       =   ----    ----
   DATA SIZE        =   ----    ----
   IDATA SIZE       =   ----    ----
   BIT SIZE         =      4    ----
END OF MODULE INFORMATION.


C51 COMPILATION COMPLETE.  0 WARNING(S),  0 ERROR(S)
